<?xml version="1.0"?>
<link_info>
   <banner>MSP430 Linker PC v16.9.4.LTS</banner>
   <copyright>Copyright (c) 2003-2017 Texas Instruments Incorporated</copyright>
   <link_time>0x59c27bea</link_time>
   <link_errors>0x0</link_errors>
   <output_file>DSP_Math_lib - Test EXP430FR6989 - Goertzel_DFT.out</output_file>
   <entry_point>
      <name>_c_int00_noargs_noexit_mpu</name>
      <address>0x4400</address>
   </entry_point>
   <input_file_list>
      <input_file id="fl-2">
         <path>.\</path>
         <kind>object</kind>
         <file>DSP_and_Math.obj</file>
         <name>DSP_and_Math.obj</name>
      </input_file>
      <input_file id="fl-3">
         <path>.\</path>
         <kind>object</kind>
         <file>embedded_printf.obj</file>
         <name>embedded_printf.obj</name>
      </input_file>
      <input_file id="fl-4">
         <path>.\</path>
         <kind>object</kind>
         <file>main.obj</file>
         <name>main.obj</name>
      </input_file>
      <input_file id="fl-5">
         <path>.\</path>
         <kind>object</kind>
         <file>serial_conf.obj</file>
         <name>serial_conf.obj</name>
      </input_file>
      <input_file id="fl-6">
         <path>.\driverlib\MSP430FR5xx_6xx\</path>
         <kind>object</kind>
         <file>adc12_b.obj</file>
         <name>adc12_b.obj</name>
      </input_file>
      <input_file id="fl-7">
         <path>.\driverlib\MSP430FR5xx_6xx\</path>
         <kind>object</kind>
         <file>aes256.obj</file>
         <name>aes256.obj</name>
      </input_file>
      <input_file id="fl-8">
         <path>.\driverlib\MSP430FR5xx_6xx\</path>
         <kind>object</kind>
         <file>comp_e.obj</file>
         <name>comp_e.obj</name>
      </input_file>
      <input_file id="fl-9">
         <path>.\driverlib\MSP430FR5xx_6xx\</path>
         <kind>object</kind>
         <file>crc.obj</file>
         <name>crc.obj</name>
      </input_file>
      <input_file id="fl-a">
         <path>.\driverlib\MSP430FR5xx_6xx\</path>
         <kind>object</kind>
         <file>crc32.obj</file>
         <name>crc32.obj</name>
      </input_file>
      <input_file id="fl-b">
         <path>.\driverlib\MSP430FR5xx_6xx\</path>
         <kind>object</kind>
         <file>cs.obj</file>
         <name>cs.obj</name>
      </input_file>
      <input_file id="fl-c">
         <path>.\driverlib\MSP430FR5xx_6xx\</path>
         <kind>object</kind>
         <file>dma.obj</file>
         <name>dma.obj</name>
      </input_file>
      <input_file id="fl-d">
         <path>.\driverlib\MSP430FR5xx_6xx\</path>
         <kind>object</kind>
         <file>esi.obj</file>
         <name>esi.obj</name>
      </input_file>
      <input_file id="fl-e">
         <path>.\driverlib\MSP430FR5xx_6xx\</path>
         <kind>object</kind>
         <file>eusci_a_spi.obj</file>
         <name>eusci_a_spi.obj</name>
      </input_file>
      <input_file id="fl-f">
         <path>.\driverlib\MSP430FR5xx_6xx\</path>
         <kind>object</kind>
         <file>eusci_a_uart.obj</file>
         <name>eusci_a_uart.obj</name>
      </input_file>
      <input_file id="fl-10">
         <path>.\driverlib\MSP430FR5xx_6xx\</path>
         <kind>object</kind>
         <file>eusci_b_i2c.obj</file>
         <name>eusci_b_i2c.obj</name>
      </input_file>
      <input_file id="fl-11">
         <path>.\driverlib\MSP430FR5xx_6xx\</path>
         <kind>object</kind>
         <file>eusci_b_spi.obj</file>
         <name>eusci_b_spi.obj</name>
      </input_file>
      <input_file id="fl-12">
         <path>.\driverlib\MSP430FR5xx_6xx\</path>
         <kind>object</kind>
         <file>framctl.obj</file>
         <name>framctl.obj</name>
      </input_file>
      <input_file id="fl-13">
         <path>.\driverlib\MSP430FR5xx_6xx\</path>
         <kind>object</kind>
         <file>framctl_a.obj</file>
         <name>framctl_a.obj</name>
      </input_file>
      <input_file id="fl-14">
         <path>.\driverlib\MSP430FR5xx_6xx\</path>
         <kind>object</kind>
         <file>gpio.obj</file>
         <name>gpio.obj</name>
      </input_file>
      <input_file id="fl-15">
         <path>.\driverlib\MSP430FR5xx_6xx\</path>
         <kind>object</kind>
         <file>lcd_c.obj</file>
         <name>lcd_c.obj</name>
      </input_file>
      <input_file id="fl-16">
         <path>.\driverlib\MSP430FR5xx_6xx\</path>
         <kind>object</kind>
         <file>mpu.obj</file>
         <name>mpu.obj</name>
      </input_file>
      <input_file id="fl-17">
         <path>.\driverlib\MSP430FR5xx_6xx\</path>
         <kind>object</kind>
         <file>mpy32.obj</file>
         <name>mpy32.obj</name>
      </input_file>
      <input_file id="fl-18">
         <path>.\driverlib\MSP430FR5xx_6xx\</path>
         <kind>object</kind>
         <file>pmm.obj</file>
         <name>pmm.obj</name>
      </input_file>
      <input_file id="fl-19">
         <path>.\driverlib\MSP430FR5xx_6xx\</path>
         <kind>object</kind>
         <file>ram.obj</file>
         <name>ram.obj</name>
      </input_file>
      <input_file id="fl-1a">
         <path>.\driverlib\MSP430FR5xx_6xx\</path>
         <kind>object</kind>
         <file>ref_a.obj</file>
         <name>ref_a.obj</name>
      </input_file>
      <input_file id="fl-1b">
         <path>.\driverlib\MSP430FR5xx_6xx\</path>
         <kind>object</kind>
         <file>rtc_b.obj</file>
         <name>rtc_b.obj</name>
      </input_file>
      <input_file id="fl-1c">
         <path>.\driverlib\MSP430FR5xx_6xx\</path>
         <kind>object</kind>
         <file>rtc_c.obj</file>
         <name>rtc_c.obj</name>
      </input_file>
      <input_file id="fl-1d">
         <path>.\driverlib\MSP430FR5xx_6xx\</path>
         <kind>object</kind>
         <file>sfr.obj</file>
         <name>sfr.obj</name>
      </input_file>
      <input_file id="fl-1e">
         <path>.\driverlib\MSP430FR5xx_6xx\</path>
         <kind>object</kind>
         <file>sysctl.obj</file>
         <name>sysctl.obj</name>
      </input_file>
      <input_file id="fl-1f">
         <path>.\driverlib\MSP430FR5xx_6xx\</path>
         <kind>object</kind>
         <file>timer_a.obj</file>
         <name>timer_a.obj</name>
      </input_file>
      <input_file id="fl-20">
         <path>.\driverlib\MSP430FR5xx_6xx\</path>
         <kind>object</kind>
         <file>timer_b.obj</file>
         <name>timer_b.obj</name>
      </input_file>
      <input_file id="fl-21">
         <path>.\driverlib\MSP430FR5xx_6xx\</path>
         <kind>object</kind>
         <file>tlv.obj</file>
         <name>tlv.obj</name>
      </input_file>
      <input_file id="fl-22">
         <path>.\driverlib\MSP430FR5xx_6xx\</path>
         <kind>object</kind>
         <file>wdt_a.obj</file>
         <name>wdt_a.obj</name>
      </input_file>
      <input_file id="fl-29">
         <kind>object</kind>
         <file>&lt;internal&gt;</file>
         <name>&lt;internal&gt;</name>
      </input_file>
      <input_file id="fl-49">
         <path>C:\ti\ccsv7\tools\compiler\ti-cgt-msp430_16.9.4.LTS\lib\</path>
         <kind>archive</kind>
         <file>rts430x_lc_rd_eabi.lib</file>
         <name>copy_decompress_lzss.obj</name>
      </input_file>
      <input_file id="fl-4a">
         <path>C:\ti\ccsv7\tools\compiler\ti-cgt-msp430_16.9.4.LTS\lib\</path>
         <kind>archive</kind>
         <file>rts430x_lc_rd_eabi.lib</file>
         <name>copy_decompress_none.obj</name>
      </input_file>
      <input_file id="fl-4b">
         <path>C:\ti\ccsv7\tools\compiler\ti-cgt-msp430_16.9.4.LTS\lib\</path>
         <kind>archive</kind>
         <file>rts430x_lc_rd_eabi.lib</file>
         <name>int27.obj</name>
      </input_file>
      <input_file id="fl-4c">
         <path>C:\ti\ccsv7\tools\compiler\ti-cgt-msp430_16.9.4.LTS\lib\</path>
         <kind>archive</kind>
         <file>rts430x_lc_rd_eabi.lib</file>
         <name>isr_trap.obj</name>
      </input_file>
      <input_file id="fl-4d">
         <path>C:\ti\ccsv7\tools\compiler\ti-cgt-msp430_16.9.4.LTS\lib\</path>
         <kind>archive</kind>
         <file>rts430x_lc_rd_eabi.lib</file>
         <name>int28.obj</name>
      </input_file>
      <input_file id="fl-4e">
         <path>C:\ti\ccsv7\tools\compiler\ti-cgt-msp430_16.9.4.LTS\lib\</path>
         <kind>archive</kind>
         <file>rts430x_lc_rd_eabi.lib</file>
         <name>int29.obj</name>
      </input_file>
      <input_file id="fl-4f">
         <path>C:\ti\ccsv7\tools\compiler\ti-cgt-msp430_16.9.4.LTS\lib\</path>
         <kind>archive</kind>
         <file>rts430x_lc_rd_eabi.lib</file>
         <name>int30.obj</name>
      </input_file>
      <input_file id="fl-50">
         <path>C:\ti\ccsv7\tools\compiler\ti-cgt-msp430_16.9.4.LTS\lib\</path>
         <kind>archive</kind>
         <file>rts430x_lc_rd_eabi.lib</file>
         <name>int31.obj</name>
      </input_file>
      <input_file id="fl-51">
         <path>C:\ti\ccsv7\tools\compiler\ti-cgt-msp430_16.9.4.LTS\lib\</path>
         <kind>archive</kind>
         <file>rts430x_lc_rd_eabi.lib</file>
         <name>int32.obj</name>
      </input_file>
      <input_file id="fl-52">
         <path>C:\ti\ccsv7\tools\compiler\ti-cgt-msp430_16.9.4.LTS\lib\</path>
         <kind>archive</kind>
         <file>rts430x_lc_rd_eabi.lib</file>
         <name>int33.obj</name>
      </input_file>
      <input_file id="fl-53">
         <path>C:\ti\ccsv7\tools\compiler\ti-cgt-msp430_16.9.4.LTS\lib\</path>
         <kind>archive</kind>
         <file>rts430x_lc_rd_eabi.lib</file>
         <name>int34.obj</name>
      </input_file>
      <input_file id="fl-54">
         <path>C:\ti\ccsv7\tools\compiler\ti-cgt-msp430_16.9.4.LTS\lib\</path>
         <kind>archive</kind>
         <file>rts430x_lc_rd_eabi.lib</file>
         <name>int35.obj</name>
      </input_file>
      <input_file id="fl-55">
         <path>C:\ti\ccsv7\tools\compiler\ti-cgt-msp430_16.9.4.LTS\lib\</path>
         <kind>archive</kind>
         <file>rts430x_lc_rd_eabi.lib</file>
         <name>int36.obj</name>
      </input_file>
      <input_file id="fl-56">
         <path>C:\ti\ccsv7\tools\compiler\ti-cgt-msp430_16.9.4.LTS\lib\</path>
         <kind>archive</kind>
         <file>rts430x_lc_rd_eabi.lib</file>
         <name>int37.obj</name>
      </input_file>
      <input_file id="fl-57">
         <path>C:\ti\ccsv7\tools\compiler\ti-cgt-msp430_16.9.4.LTS\lib\</path>
         <kind>archive</kind>
         <file>rts430x_lc_rd_eabi.lib</file>
         <name>int38.obj</name>
      </input_file>
      <input_file id="fl-58">
         <path>C:\ti\ccsv7\tools\compiler\ti-cgt-msp430_16.9.4.LTS\lib\</path>
         <kind>archive</kind>
         <file>rts430x_lc_rd_eabi.lib</file>
         <name>int39.obj</name>
      </input_file>
      <input_file id="fl-59">
         <path>C:\ti\ccsv7\tools\compiler\ti-cgt-msp430_16.9.4.LTS\lib\</path>
         <kind>archive</kind>
         <file>rts430x_lc_rd_eabi.lib</file>
         <name>int40.obj</name>
      </input_file>
      <input_file id="fl-5a">
         <path>C:\ti\ccsv7\tools\compiler\ti-cgt-msp430_16.9.4.LTS\lib\</path>
         <kind>archive</kind>
         <file>rts430x_lc_rd_eabi.lib</file>
         <name>int41.obj</name>
      </input_file>
      <input_file id="fl-5b">
         <path>C:\ti\ccsv7\tools\compiler\ti-cgt-msp430_16.9.4.LTS\lib\</path>
         <kind>archive</kind>
         <file>rts430x_lc_rd_eabi.lib</file>
         <name>int42.obj</name>
      </input_file>
      <input_file id="fl-5c">
         <path>C:\ti\ccsv7\tools\compiler\ti-cgt-msp430_16.9.4.LTS\lib\</path>
         <kind>archive</kind>
         <file>rts430x_lc_rd_eabi.lib</file>
         <name>int43.obj</name>
      </input_file>
      <input_file id="fl-5d">
         <path>C:\ti\ccsv7\tools\compiler\ti-cgt-msp430_16.9.4.LTS\lib\</path>
         <kind>archive</kind>
         <file>rts430x_lc_rd_eabi.lib</file>
         <name>int44.obj</name>
      </input_file>
      <input_file id="fl-5e">
         <path>C:\ti\ccsv7\tools\compiler\ti-cgt-msp430_16.9.4.LTS\lib\</path>
         <kind>archive</kind>
         <file>rts430x_lc_rd_eabi.lib</file>
         <name>int45.obj</name>
      </input_file>
      <input_file id="fl-5f">
         <path>C:\ti\ccsv7\tools\compiler\ti-cgt-msp430_16.9.4.LTS\lib\</path>
         <kind>archive</kind>
         <file>rts430x_lc_rd_eabi.lib</file>
         <name>int46.obj</name>
      </input_file>
      <input_file id="fl-60">
         <path>C:\ti\ccsv7\tools\compiler\ti-cgt-msp430_16.9.4.LTS\lib\</path>
         <kind>archive</kind>
         <file>rts430x_lc_rd_eabi.lib</file>
         <name>int47.obj</name>
      </input_file>
      <input_file id="fl-61">
         <path>C:\ti\ccsv7\tools\compiler\ti-cgt-msp430_16.9.4.LTS\lib\</path>
         <kind>archive</kind>
         <file>rts430x_lc_rd_eabi.lib</file>
         <name>int48.obj</name>
      </input_file>
      <input_file id="fl-62">
         <path>C:\ti\ccsv7\tools\compiler\ti-cgt-msp430_16.9.4.LTS\lib\</path>
         <kind>archive</kind>
         <file>rts430x_lc_rd_eabi.lib</file>
         <name>int49.obj</name>
      </input_file>
      <input_file id="fl-63">
         <path>C:\ti\ccsv7\tools\compiler\ti-cgt-msp430_16.9.4.LTS\lib\</path>
         <kind>archive</kind>
         <file>rts430x_lc_rd_eabi.lib</file>
         <name>int50.obj</name>
      </input_file>
      <input_file id="fl-64">
         <path>C:\ti\ccsv7\tools\compiler\ti-cgt-msp430_16.9.4.LTS\lib\</path>
         <kind>archive</kind>
         <file>rts430x_lc_rd_eabi.lib</file>
         <name>int51.obj</name>
      </input_file>
      <input_file id="fl-65">
         <path>C:\ti\ccsv7\tools\compiler\ti-cgt-msp430_16.9.4.LTS\lib\</path>
         <kind>archive</kind>
         <file>rts430x_lc_rd_eabi.lib</file>
         <name>int52.obj</name>
      </input_file>
      <input_file id="fl-66">
         <path>C:\ti\ccsv7\tools\compiler\ti-cgt-msp430_16.9.4.LTS\lib\</path>
         <kind>archive</kind>
         <file>rts430x_lc_rd_eabi.lib</file>
         <name>int53.obj</name>
      </input_file>
      <input_file id="fl-67">
         <path>C:\ti\ccsv7\tools\compiler\ti-cgt-msp430_16.9.4.LTS\lib\</path>
         <kind>archive</kind>
         <file>rts430x_lc_rd_eabi.lib</file>
         <name>int54.obj</name>
      </input_file>
      <input_file id="fl-68">
         <path>C:\ti\ccsv7\tools\compiler\ti-cgt-msp430_16.9.4.LTS\lib\</path>
         <kind>archive</kind>
         <file>rts430x_lc_rd_eabi.lib</file>
         <name>copy_zero_init.obj</name>
      </input_file>
      <input_file id="fl-69">
         <path>C:\ti\ccsv7\tools\compiler\ti-cgt-msp430_16.9.4.LTS\lib\</path>
         <kind>archive</kind>
         <file>rts430x_lc_rd_eabi.lib</file>
         <name>fs_add.obj</name>
      </input_file>
      <input_file id="fl-6a">
         <path>C:\ti\ccsv7\tools\compiler\ti-cgt-msp430_16.9.4.LTS\lib\</path>
         <kind>archive</kind>
         <file>rts430x_lc_rd_eabi.lib</file>
         <name>fs_cmp.obj</name>
      </input_file>
      <input_file id="fl-6b">
         <path>C:\ti\ccsv7\tools\compiler\ti-cgt-msp430_16.9.4.LTS\lib\</path>
         <kind>archive</kind>
         <file>rts430x_lc_rd_eabi.lib</file>
         <name>cvtdf.obj</name>
      </input_file>
      <input_file id="fl-6c">
         <path>C:\ti\ccsv7\tools\compiler\ti-cgt-msp430_16.9.4.LTS\lib\</path>
         <kind>archive</kind>
         <file>rts430x_lc_rd_eabi.lib</file>
         <name>fs_div.obj</name>
      </input_file>
      <input_file id="fl-6d">
         <path>C:\ti\ccsv7\tools\compiler\ti-cgt-msp430_16.9.4.LTS\lib\</path>
         <kind>archive</kind>
         <file>rts430x_lc_rd_eabi.lib</file>
         <name>div16s.obj</name>
      </input_file>
      <input_file id="fl-6e">
         <path>C:\ti\ccsv7\tools\compiler\ti-cgt-msp430_16.9.4.LTS\lib\</path>
         <kind>archive</kind>
         <file>rts430x_lc_rd_eabi.lib</file>
         <name>div32s.obj</name>
      </input_file>
      <input_file id="fl-6f">
         <path>C:\ti\ccsv7\tools\compiler\ti-cgt-msp430_16.9.4.LTS\lib\</path>
         <kind>archive</kind>
         <file>rts430x_lc_rd_eabi.lib</file>
         <name>div16u.obj</name>
      </input_file>
      <input_file id="fl-70">
         <path>C:\ti\ccsv7\tools\compiler\ti-cgt-msp430_16.9.4.LTS\lib\</path>
         <kind>archive</kind>
         <file>rts430x_lc_rd_eabi.lib</file>
         <name>div32u.obj</name>
      </input_file>
      <input_file id="fl-71">
         <path>C:\ti\ccsv7\tools\compiler\ti-cgt-msp430_16.9.4.LTS\lib\</path>
         <kind>archive</kind>
         <file>rts430x_lc_rd_eabi.lib</file>
         <name>fixdli.obj</name>
      </input_file>
      <input_file id="fl-72">
         <path>C:\ti\ccsv7\tools\compiler\ti-cgt-msp430_16.9.4.LTS\lib\</path>
         <kind>archive</kind>
         <file>rts430x_lc_rd_eabi.lib</file>
         <name>fixdlli.obj</name>
      </input_file>
      <input_file id="fl-73">
         <path>C:\ti\ccsv7\tools\compiler\ti-cgt-msp430_16.9.4.LTS\lib\</path>
         <kind>archive</kind>
         <file>rts430x_lc_rd_eabi.lib</file>
         <name>fs_toi.obj</name>
      </input_file>
      <input_file id="fl-74">
         <path>C:\ti\ccsv7\tools\compiler\ti-cgt-msp430_16.9.4.LTS\lib\</path>
         <kind>archive</kind>
         <file>rts430x_lc_rd_eabi.lib</file>
         <name>fs_tol.obj</name>
      </input_file>
      <input_file id="fl-75">
         <path>C:\ti\ccsv7\tools\compiler\ti-cgt-msp430_16.9.4.LTS\lib\</path>
         <kind>archive</kind>
         <file>rts430x_lc_rd_eabi.lib</file>
         <name>fixflli.obj</name>
      </input_file>
      <input_file id="fl-76">
         <path>C:\ti\ccsv7\tools\compiler\ti-cgt-msp430_16.9.4.LTS\lib\</path>
         <kind>archive</kind>
         <file>rts430x_lc_rd_eabi.lib</file>
         <name>fs_toul.obj</name>
      </input_file>
      <input_file id="fl-77">
         <path>C:\ti\ccsv7\tools\compiler\ti-cgt-msp430_16.9.4.LTS\lib\</path>
         <kind>archive</kind>
         <file>rts430x_lc_rd_eabi.lib</file>
         <name>fs_itof.obj</name>
      </input_file>
      <input_file id="fl-78">
         <path>C:\ti\ccsv7\tools\compiler\ti-cgt-msp430_16.9.4.LTS\lib\</path>
         <kind>archive</kind>
         <file>rts430x_lc_rd_eabi.lib</file>
         <name>fltlid.obj</name>
      </input_file>
      <input_file id="fl-79">
         <path>C:\ti\ccsv7\tools\compiler\ti-cgt-msp430_16.9.4.LTS\lib\</path>
         <kind>archive</kind>
         <file>rts430x_lc_rd_eabi.lib</file>
         <name>fs_ltof.obj</name>
      </input_file>
      <input_file id="fl-7a">
         <path>C:\ti\ccsv7\tools\compiler\ti-cgt-msp430_16.9.4.LTS\lib\</path>
         <kind>archive</kind>
         <file>rts430x_lc_rd_eabi.lib</file>
         <name>fltllid.obj</name>
      </input_file>
      <input_file id="fl-7b">
         <path>C:\ti\ccsv7\tools\compiler\ti-cgt-msp430_16.9.4.LTS\lib\</path>
         <kind>archive</kind>
         <file>rts430x_lc_rd_eabi.lib</file>
         <name>fltllif.obj</name>
      </input_file>
      <input_file id="fl-7c">
         <path>C:\ti\ccsv7\tools\compiler\ti-cgt-msp430_16.9.4.LTS\lib\</path>
         <kind>archive</kind>
         <file>rts430x_lc_rd_eabi.lib</file>
         <name>fs_utof.obj</name>
      </input_file>
      <input_file id="fl-7d">
         <path>C:\ti\ccsv7\tools\compiler\ti-cgt-msp430_16.9.4.LTS\lib\</path>
         <kind>archive</kind>
         <file>rts430x_lc_rd_eabi.lib</file>
         <name>fs_ultof.obj</name>
      </input_file>
      <input_file id="fl-7e">
         <path>C:\ti\ccsv7\tools\compiler\ti-cgt-msp430_16.9.4.LTS\lib\</path>
         <kind>archive</kind>
         <file>rts430x_lc_rd_eabi.lib</file>
         <name>mpyd.obj</name>
      </input_file>
      <input_file id="fl-7f">
         <path>C:\ti\ccsv7\tools\compiler\ti-cgt-msp430_16.9.4.LTS\lib\</path>
         <kind>archive</kind>
         <file>rts430x_lc_rd_eabi.lib</file>
         <name>frcmpyd.obj</name>
      </input_file>
      <input_file id="fl-80">
         <path>C:\ti\ccsv7\tools\compiler\ti-cgt-msp430_16.9.4.LTS\lib\</path>
         <kind>archive</kind>
         <file>rts430x_lc_rd_eabi.lib</file>
         <name>fs_mpy.obj</name>
      </input_file>
      <input_file id="fl-81">
         <path>C:\ti\ccsv7\tools\compiler\ti-cgt-msp430_16.9.4.LTS\lib\</path>
         <kind>archive</kind>
         <file>rts430x_lc_rd_eabi.lib</file>
         <name>mult16.obj</name>
      </input_file>
      <input_file id="fl-82">
         <path>C:\ti\ccsv7\tools\compiler\ti-cgt-msp430_16.9.4.LTS\lib\</path>
         <kind>archive</kind>
         <file>rts430x_lc_rd_eabi.lib</file>
         <name>mult16_f5hw.obj</name>
      </input_file>
      <input_file id="fl-83">
         <path>C:\ti\ccsv7\tools\compiler\ti-cgt-msp430_16.9.4.LTS\lib\</path>
         <kind>archive</kind>
         <file>rts430x_lc_rd_eabi.lib</file>
         <name>mult32.obj</name>
      </input_file>
      <input_file id="fl-84">
         <path>C:\ti\ccsv7\tools\compiler\ti-cgt-msp430_16.9.4.LTS\lib\</path>
         <kind>archive</kind>
         <file>rts430x_lc_rd_eabi.lib</file>
         <name>mult32_f5hw.obj</name>
      </input_file>
      <input_file id="fl-85">
         <path>C:\ti\ccsv7\tools\compiler\ti-cgt-msp430_16.9.4.LTS\lib\</path>
         <kind>archive</kind>
         <file>rts430x_lc_rd_eabi.lib</file>
         <name>mult64.obj</name>
      </input_file>
      <input_file id="fl-86">
         <path>C:\ti\ccsv7\tools\compiler\ti-cgt-msp430_16.9.4.LTS\lib\</path>
         <kind>archive</kind>
         <file>rts430x_lc_rd_eabi.lib</file>
         <name>mult64_f5hw.obj</name>
      </input_file>
      <input_file id="fl-87">
         <path>C:\ti\ccsv7\tools\compiler\ti-cgt-msp430_16.9.4.LTS\lib\</path>
         <kind>archive</kind>
         <file>rts430x_lc_rd_eabi.lib</file>
         <name>mult1632.obj</name>
      </input_file>
      <input_file id="fl-88">
         <path>C:\ti\ccsv7\tools\compiler\ti-cgt-msp430_16.9.4.LTS\lib\</path>
         <kind>archive</kind>
         <file>rts430x_lc_rd_eabi.lib</file>
         <name>mult1632_f5hw.obj</name>
      </input_file>
      <input_file id="fl-89">
         <path>C:\ti\ccsv7\tools\compiler\ti-cgt-msp430_16.9.4.LTS\lib\</path>
         <kind>archive</kind>
         <file>rts430x_lc_rd_eabi.lib</file>
         <name>mult3264.obj</name>
      </input_file>
      <input_file id="fl-8a">
         <path>C:\ti\ccsv7\tools\compiler\ti-cgt-msp430_16.9.4.LTS\lib\</path>
         <kind>archive</kind>
         <file>rts430x_lc_rd_eabi.lib</file>
         <name>mult3264_f5hw.obj</name>
      </input_file>
      <input_file id="fl-8b">
         <path>C:\ti\ccsv7\tools\compiler\ti-cgt-msp430_16.9.4.LTS\lib\</path>
         <kind>archive</kind>
         <file>rts430x_lc_rd_eabi.lib</file>
         <name>fs_neg.obj</name>
      </input_file>
      <input_file id="fl-8c">
         <path>C:\ti\ccsv7\tools\compiler\ti-cgt-msp430_16.9.4.LTS\lib\</path>
         <kind>archive</kind>
         <file>rts430x_lc_rd_eabi.lib</file>
         <name>lsl16.obj</name>
      </input_file>
      <input_file id="fl-8d">
         <path>C:\ti\ccsv7\tools\compiler\ti-cgt-msp430_16.9.4.LTS\lib\</path>
         <kind>archive</kind>
         <file>rts430x_lc_rd_eabi.lib</file>
         <name>lsl32.obj</name>
      </input_file>
      <input_file id="fl-8e">
         <path>C:\ti\ccsv7\tools\compiler\ti-cgt-msp430_16.9.4.LTS\lib\</path>
         <kind>archive</kind>
         <file>rts430x_lc_rd_eabi.lib</file>
         <name>lsl64.obj</name>
      </input_file>
      <input_file id="fl-8f">
         <path>C:\ti\ccsv7\tools\compiler\ti-cgt-msp430_16.9.4.LTS\lib\</path>
         <kind>archive</kind>
         <file>rts430x_lc_rd_eabi.lib</file>
         <name>asr16.obj</name>
      </input_file>
      <input_file id="fl-90">
         <path>C:\ti\ccsv7\tools\compiler\ti-cgt-msp430_16.9.4.LTS\lib\</path>
         <kind>archive</kind>
         <file>rts430x_lc_rd_eabi.lib</file>
         <name>asr32.obj</name>
      </input_file>
      <input_file id="fl-91">
         <path>C:\ti\ccsv7\tools\compiler\ti-cgt-msp430_16.9.4.LTS\lib\</path>
         <kind>archive</kind>
         <file>rts430x_lc_rd_eabi.lib</file>
         <name>asr64.obj</name>
      </input_file>
      <input_file id="fl-92">
         <path>C:\ti\ccsv7\tools\compiler\ti-cgt-msp430_16.9.4.LTS\lib\</path>
         <kind>archive</kind>
         <file>rts430x_lc_rd_eabi.lib</file>
         <name>lsr16.obj</name>
      </input_file>
      <input_file id="fl-93">
         <path>C:\ti\ccsv7\tools\compiler\ti-cgt-msp430_16.9.4.LTS\lib\</path>
         <kind>archive</kind>
         <file>rts430x_lc_rd_eabi.lib</file>
         <name>lsr32.obj</name>
      </input_file>
      <input_file id="fl-94">
         <path>C:\ti\ccsv7\tools\compiler\ti-cgt-msp430_16.9.4.LTS\lib\</path>
         <kind>archive</kind>
         <file>rts430x_lc_rd_eabi.lib</file>
         <name>lsr64.obj</name>
      </input_file>
      <input_file id="fl-95">
         <path>C:\ti\ccsv7\tools\compiler\ti-cgt-msp430_16.9.4.LTS\lib\</path>
         <kind>archive</kind>
         <file>rts430x_lc_rd_eabi.lib</file>
         <name>boot.obj</name>
      </input_file>
      <input_file id="fl-96">
         <path>C:\ti\ccsv7\tools\compiler\ti-cgt-msp430_16.9.4.LTS\lib\</path>
         <kind>archive</kind>
         <file>rts430x_lc_rd_eabi.lib</file>
         <name>args_main.obj</name>
      </input_file>
      <input_file id="fl-97">
         <path>C:\ti\ccsv7\tools\compiler\ti-cgt-msp430_16.9.4.LTS\lib\</path>
         <kind>archive</kind>
         <file>rts430x_lc_rd_eabi.lib</file>
         <name>autoinit_wdt.obj</name>
      </input_file>
      <input_file id="fl-98">
         <path>C:\ti\ccsv7\tools\compiler\ti-cgt-msp430_16.9.4.LTS\lib\</path>
         <kind>archive</kind>
         <file>rts430x_lc_rd_eabi.lib</file>
         <name>boot_special.obj</name>
      </input_file>
      <input_file id="fl-99">
         <path>C:\ti\ccsv7\ccs_base\msp430\lib\FR59xx\</path>
         <kind>archive</kind>
         <file>MSPMPU_INIT_LIB_CCS_msp430_large_code_restricted_data.lib</file>
         <name>mpu_init.o</name>
      </input_file>
      <input_file id="fl-9a">
         <path>C:\ti\ccsv7\tools\compiler\ti-cgt-msp430_16.9.4.LTS\lib\</path>
         <kind>archive</kind>
         <file>rts430x_lc_rd_eabi.lib</file>
         <name>startup.obj</name>
      </input_file>
      <input_file id="fl-9b">
         <path>C:\ti\ccsv7\tools\compiler\ti-cgt-msp430_16.9.4.LTS\lib\</path>
         <kind>archive</kind>
         <file>rts430x_lc_rd_eabi.lib</file>
         <name>pre_init.obj</name>
      </input_file>
      <input_file id="fl-9c">
         <path>C:\ti\ccsv7\tools\compiler\ti-cgt-msp430_16.9.4.LTS\lib\</path>
         <kind>archive</kind>
         <file>rts430x_lc_rd_eabi.lib</file>
         <name>exit.obj</name>
      </input_file>
      <input_file id="fl-9d">
         <path>C:\ti\ccsv7\tools\compiler\ti-cgt-msp430_16.9.4.LTS\lib\</path>
         <kind>archive</kind>
         <file>rts430x_lc_rd_eabi.lib</file>
         <name>exit_gvars.obj</name>
      </input_file>
      <input_file id="fl-9e">
         <path>C:\ti\ccsv7\tools\compiler\ti-cgt-msp430_16.9.4.LTS\lib\</path>
         <kind>archive</kind>
         <file>rts430x_lc_rd_eabi.lib</file>
         <name>_lock.obj</name>
      </input_file>
      <input_file id="fl-9f">
         <path>C:\ti\ccsv7\tools\compiler\ti-cgt-msp430_16.9.4.LTS\lib\</path>
         <kind>archive</kind>
         <file>rts430x_lc_rd_eabi.lib</file>
         <name>cpy_tbl.obj</name>
      </input_file>
      <input_file id="fl-a0">
         <path>C:\ti\ccsv7\ccs_base\msp430\lib\5xx_6xx_FRxx\</path>
         <kind>archive</kind>
         <file>MSPMATHLIB_CCS_msp430_5xx_6xx_FRxx_large_code_restricted_data.lib</file>
         <name>msp430_cos_sin.o</name>
      </input_file>
      <input_file id="fl-a1">
         <path>C:\ti\ccsv7\tools\compiler\ti-cgt-msp430_16.9.4.LTS\lib\</path>
         <kind>archive</kind>
         <file>rts430x_lc_rd_eabi.lib</file>
         <name>memcpy.obj</name>
      </input_file>
      <input_file id="fl-a2">
         <path>C:\ti\ccsv7\ccs_base\msp430\lib\5xx_6xx_FRxx\</path>
         <kind>archive</kind>
         <file>MSPMATHLIB_CCS_msp430_5xx_6xx_FRxx_large_code_restricted_data.lib</file>
         <name>msp430_tables.o</name>
      </input_file>
      <input_file id="fl-a3">
         <path>C:\ti\ccsv7\ccs_base\msp430\lib\5xx_6xx_FRxx\</path>
         <kind>archive</kind>
         <file>MSPMATHLIB_CCS_msp430_5xx_6xx_FRxx_large_code_restricted_data.lib</file>
         <name>msp430_sqrt.o</name>
      </input_file>
      <input_file id="fl-a4">
         <path>C:\ti\ccsv7\ccs_base\msp430\lib\5xx_6xx_FRxx\</path>
         <kind>archive</kind>
         <file>MSPMATHLIB_CCS_msp430_5xx_6xx_FRxx_large_code_restricted_data.lib</file>
         <name>msp430_common.o</name>
      </input_file>
   </input_file_list>
   <object_component_list>
      <object_component id="oc-8d5">
         <name>__TI_handler_table</name>
         <load_address>0x4556</load_address>
         <run_address>0x4556</run_address>
         <size>0xc</size>
      </object_component>
      <object_component id="oc-8d8">
         <name>.cinit..data.load</name>
         <load_address>0x4562</load_address>
         <run_address>0x4562</run_address>
         <size>0x7</size>
      </object_component>
      <object_component id="oc-8d7">
         <name>.cinit..bss.load</name>
         <load_address>0x456a</load_address>
         <run_address>0x456a</run_address>
         <size>0x6</size>
      </object_component>
      <object_component id="oc-8d6">
         <name>__TI_cinit_table</name>
         <load_address>0x4570</load_address>
         <run_address>0x4570</run_address>
         <size>0x10</size>
      </object_component>
      <object_component id="oc-86d">
         <name>.binit</name>
         <load_address>0x4400</load_address>
         <run_address>0x4400</run_address>
         <size>0x0</size>
      </object_component>
      <object_component id="oc-855">
         <name>.const:msp430_sqrt_lookup</name>
         <load_address>0x4426</load_address>
         <run_address>0x4426</run_address>
         <size>0xc0</size>
         <input_file_ref idref="fl-a2"/>
      </object_component>
      <object_component id="oc-735">
         <name>.const:.string</name>
         <load_address>0x44e6</load_address>
         <run_address>0x44e6</run_address>
         <size>0x4c</size>
         <input_file_ref idref="fl-4"/>
      </object_component>
      <object_component id="oc-84e">
         <name>.const:msp430_cos_coeffs</name>
         <load_address>0x4532</load_address>
         <run_address>0x4532</run_address>
         <size>0x14</size>
         <input_file_ref idref="fl-a2"/>
      </object_component>
      <object_component id="oc-84f">
         <name>.const:msp430_sin_coeffs</name>
         <load_address>0x4546</load_address>
         <run_address>0x4546</run_address>
         <size>0x10</size>
         <input_file_ref idref="fl-a2"/>
      </object_component>
      <object_component id="oc-c6">
         <name>.text:_isr:_c_int00_noargs_noexit_mpu</name>
         <load_address>0x4400</load_address>
         <run_address>0x4400</run_address>
         <size>0x1e</size>
         <input_file_ref idref="fl-98"/>
      </object_component>
      <object_component id="oc-67b">
         <name>.text:_isr:__TI_ISR_TRAP</name>
         <load_address>0x441e</load_address>
         <run_address>0x441e</run_address>
         <size>0x8</size>
         <input_file_ref idref="fl-4c"/>
      </object_component>
      <object_component id="oc-805">
         <name>.text:msp430_cos_sin</name>
         <load_address>0x10000</load_address>
         <run_address>0x10000</run_address>
         <size>0x416</size>
         <input_file_ref idref="fl-a0"/>
      </object_component>
      <object_component id="oc-6a7">
         <name>.text:main</name>
         <load_address>0x10416</load_address>
         <run_address>0x10416</run_address>
         <size>0x2cc</size>
         <input_file_ref idref="fl-4"/>
      </object_component>
      <object_component id="oc-7dd">
         <name>.text:embedded_ftoa</name>
         <load_address>0x106e2</load_address>
         <run_address>0x106e2</run_address>
         <size>0x280</size>
         <input_file_ref idref="fl-3"/>
      </object_component>
      <object_component id="oc-749">
         <name>.text:goertzelArrayInt16_Fixed64</name>
         <load_address>0x10962</load_address>
         <run_address>0x10962</run_address>
         <size>0x256</size>
         <input_file_ref idref="fl-2"/>
      </object_component>
      <object_component id="oc-7d3">
         <name>.text:sqrtf</name>
         <load_address>0x10bb8</load_address>
         <run_address>0x10bb8</run_address>
         <size>0x138</size>
         <input_file_ref idref="fl-a3"/>
      </object_component>
      <object_component id="oc-7b7">
         <name>.text</name>
         <load_address>0x10cf0</load_address>
         <run_address>0x10cf0</run_address>
         <size>0x132</size>
         <input_file_ref idref="fl-69"/>
      </object_component>
      <object_component id="oc-7c5">
         <name>.text:__mspabi_fltllif</name>
         <load_address>0x10e22</load_address>
         <run_address>0x10e22</run_address>
         <size>0x100</size>
         <input_file_ref idref="fl-7b"/>
      </object_component>
      <object_component id="oc-721">
         <name>.text:goertzelArrayInit_Fixed64</name>
         <load_address>0x10f22</load_address>
         <run_address>0x10f22</run_address>
         <size>0x100</size>
         <input_file_ref idref="fl-2"/>
      </object_component>
      <object_component id="oc-72f">
         <name>.text:goertzelArrayFloat_Float</name>
         <load_address>0x11022</load_address>
         <run_address>0x11022</run_address>
         <size>0xec</size>
         <input_file_ref idref="fl-2"/>
      </object_component>
      <object_component id="oc-729">
         <name>.text:sineWaveGen_Array_Float</name>
         <load_address>0x1110e</load_address>
         <run_address>0x1110e</run_address>
         <size>0xec</size>
         <input_file_ref idref="fl-2"/>
      </object_component>
      <object_component id="oc-814">
         <name>.text:msp430_calc_sqrt</name>
         <load_address>0x111fa</load_address>
         <run_address>0x111fa</run_address>
         <size>0xcc</size>
         <input_file_ref idref="fl-a4"/>
      </object_component>
      <object_component id="oc-742">
         <name>.text:goertzelSampleCalc_Float</name>
         <load_address>0x112c6</load_address>
         <run_address>0x112c6</run_address>
         <size>0xc0</size>
         <input_file_ref idref="fl-2"/>
      </object_component>
      <object_component id="oc-7a6">
         <name>.text</name>
         <load_address>0x11386</load_address>
         <run_address>0x11386</run_address>
         <size>0xb8</size>
         <input_file_ref idref="fl-80"/>
      </object_component>
      <object_component id="oc-7b0">
         <name>.text</name>
         <load_address>0x1143e</load_address>
         <run_address>0x1143e</run_address>
         <size>0x90</size>
         <input_file_ref idref="fl-6c"/>
      </object_component>
      <object_component id="oc-7cb">
         <name>.text:__mspabi_fixflli</name>
         <load_address>0x114ce</load_address>
         <run_address>0x114ce</run_address>
         <size>0x84</size>
         <input_file_ref idref="fl-75"/>
      </object_component>
      <object_component id="oc-68d">
         <name>.text:_auto_init_hold_wdt</name>
         <load_address>0x11552</load_address>
         <run_address>0x11552</run_address>
         <size>0x82</size>
         <input_file_ref idref="fl-97"/>
      </object_component>
      <object_component id="oc-828">
         <name>.text</name>
         <load_address>0x115d4</load_address>
         <run_address>0x115d4</run_address>
         <size>0x7e</size>
         <input_file_ref idref="fl-74"/>
      </object_component>
      <object_component id="oc-7a">
         <name>.text:decompress:lzss:__TI_decompress_lzss</name>
         <load_address>0x11652</load_address>
         <run_address>0x11652</run_address>
         <size>0x78</size>
         <input_file_ref idref="fl-49"/>
      </object_component>
      <object_component id="oc-7d5">
         <name>.text:embedded_prints</name>
         <load_address>0x116ca</load_address>
         <run_address>0x116ca</run_address>
         <size>0x72</size>
         <input_file_ref idref="fl-3"/>
      </object_component>
      <object_component id="oc-711">
         <name>.text:goertzelArrayInit_Float</name>
         <load_address>0x1173c</load_address>
         <run_address>0x1173c</run_address>
         <size>0x70</size>
         <input_file_ref idref="fl-2"/>
      </object_component>
      <object_component id="oc-719">
         <name>.text:goertzelSampleInit_Float</name>
         <load_address>0x117ac</load_address>
         <run_address>0x117ac</run_address>
         <size>0x70</size>
         <input_file_ref idref="fl-2"/>
      </object_component>
      <object_component id="oc-752">
         <name>.text</name>
         <load_address>0x1181c</load_address>
         <run_address>0x1181c</run_address>
         <size>0x68</size>
         <input_file_ref idref="fl-73"/>
      </object_component>
      <object_component id="oc-6d5">
         <name>.text:copy_in</name>
         <load_address>0x11884</load_address>
         <run_address>0x11884</run_address>
         <size>0x66</size>
         <input_file_ref idref="fl-9f"/>
      </object_component>
      <object_component id="oc-7e5">
         <name>.text:__mpyll</name>
         <load_address>0x118ea</load_address>
         <run_address>0x118ea</run_address>
         <size>0x5c</size>
         <input_file_ref idref="fl-86"/>
      </object_component>
      <object_component id="oc-757">
         <name>.text:goertzelSampleAddFloat_Float</name>
         <load_address>0x11946</load_address>
         <run_address>0x11946</run_address>
         <size>0x5a</size>
         <input_file_ref idref="fl-2"/>
      </object_component>
      <object_component id="oc-83c">
         <name>.text</name>
         <load_address>0x119a0</load_address>
         <run_address>0x119a0</run_address>
         <size>0x58</size>
         <input_file_ref idref="fl-70"/>
      </object_component>
      <object_component id="oc-832">
         <name>.text</name>
         <load_address>0x119f8</load_address>
         <run_address>0x119f8</run_address>
         <size>0x4c</size>
         <input_file_ref idref="fl-76"/>
      </object_component>
      <object_component id="oc-81e">
         <name>.text</name>
         <load_address>0x11a44</load_address>
         <run_address>0x11a44</run_address>
         <size>0x4a</size>
         <input_file_ref idref="fl-6a"/>
      </object_component>
      <object_component id="oc-82d">
         <name>.text</name>
         <load_address>0x11a8e</load_address>
         <run_address>0x11a8e</run_address>
         <size>0x4a</size>
         <input_file_ref idref="fl-79"/>
      </object_component>
      <object_component id="oc-7ea">
         <name>.text:__mspabi_srall</name>
         <load_address>0x11ad8</load_address>
         <run_address>0x11ad8</run_address>
         <size>0x40</size>
         <input_file_ref idref="fl-91"/>
      </object_component>
      <object_component id="oc-841">
         <name>.text</name>
         <load_address>0x11b18</load_address>
         <run_address>0x11b18</run_address>
         <size>0x40</size>
         <input_file_ref idref="fl-6e"/>
      </object_component>
      <object_component id="oc-849">
         <name>.text:l_lsl_const</name>
         <load_address>0x11b58</load_address>
         <run_address>0x11b58</run_address>
         <size>0x3e</size>
         <input_file_ref idref="fl-8d"/>
      </object_component>
      <object_component id="oc-7bf">
         <name>.text:__mspabi_sllll</name>
         <load_address>0x11b96</load_address>
         <run_address>0x11b96</run_address>
         <size>0x3a</size>
         <input_file_ref idref="fl-8e"/>
      </object_component>
      <object_component id="oc-80a">
         <name>.text:__mspabi_srlll</name>
         <load_address>0x11bd0</load_address>
         <run_address>0x11bd0</run_address>
         <size>0x3a</size>
         <input_file_ref idref="fl-94"/>
      </object_component>
      <object_component id="oc-6a0">
         <name>.text:__mpu_init</name>
         <load_address>0x11c0a</load_address>
         <run_address>0x11c0a</run_address>
         <size>0x2c</size>
         <input_file_ref idref="fl-99"/>
      </object_component>
      <object_component id="oc-837">
         <name>.text</name>
         <load_address>0x11c36</load_address>
         <run_address>0x11c36</run_address>
         <size>0x2c</size>
         <input_file_ref idref="fl-6d"/>
      </object_component>
      <object_component id="oc-73c">
         <name>.text:print_float</name>
         <load_address>0x11c62</load_address>
         <run_address>0x11c62</run_address>
         <size>0x28</size>
         <input_file_ref idref="fl-3"/>
      </object_component>
      <object_component id="oc-708">
         <name>.text:serial_configure</name>
         <load_address>0x11c8a</load_address>
         <run_address>0x11c8a</run_address>
         <size>0x26</size>
         <input_file_ref idref="fl-5"/>
      </object_component>
      <object_component id="oc-a2">
         <name>.text:decompress:ZI:__TI_zero_init</name>
         <load_address>0x11cb0</load_address>
         <run_address>0x11cb0</run_address>
         <size>0x24</size>
         <input_file_ref idref="fl-68"/>
      </object_component>
      <object_component id="oc-7ab">
         <name>.text</name>
         <load_address>0x11cd4</load_address>
         <run_address>0x11cd4</run_address>
         <size>0x24</size>
         <input_file_ref idref="fl-7c"/>
      </object_component>
      <object_component id="oc-6fc">
         <name>.text:WDT_A_hold</name>
         <load_address>0x11cf8</load_address>
         <run_address>0x11cf8</run_address>
         <size>0x20</size>
         <input_file_ref idref="fl-22"/>
      </object_component>
      <object_component id="oc-763">
         <name>.text</name>
         <load_address>0x11d18</load_address>
         <run_address>0x11d18</run_address>
         <size>0x18</size>
         <input_file_ref idref="fl-82"/>
      </object_component>
      <object_component id="oc-862">
         <name>.text</name>
         <load_address>0x11d30</load_address>
         <run_address>0x11d30</run_address>
         <size>0x16</size>
         <input_file_ref idref="fl-6f"/>
      </object_component>
      <object_component id="oc-66e">
         <name>.text:memcpy</name>
         <load_address>0x11d46</load_address>
         <run_address>0x11d46</run_address>
         <size>0x14</size>
         <input_file_ref idref="fl-a1"/>
      </object_component>
      <object_component id="oc-80">
         <name>.text:decompress:none:__TI_decompress_none</name>
         <load_address>0x11d5a</load_address>
         <run_address>0x11d5a</run_address>
         <size>0x12</size>
         <input_file_ref idref="fl-4a"/>
      </object_component>
      <object_component id="oc-856">
         <name>.text:serial_sendbyte</name>
         <load_address>0x11d6c</load_address>
         <run_address>0x11d6c</run_address>
         <size>0xe</size>
         <input_file_ref idref="fl-5"/>
      </object_component>
      <object_component id="oc-736">
         <name>.text:print_string</name>
         <load_address>0x11d7a</load_address>
         <run_address>0x11d7a</run_address>
         <size>0xa</size>
         <input_file_ref idref="fl-3"/>
      </object_component>
      <object_component id="oc-823">
         <name>.text</name>
         <load_address>0x11d84</load_address>
         <run_address>0x11d84</run_address>
         <size>0xa</size>
         <input_file_ref idref="fl-8b"/>
      </object_component>
      <object_component id="oc-702">
         <name>.text:PMM_unlockLPM5</name>
         <load_address>0x11d8e</load_address>
         <run_address>0x11d8e</run_address>
         <size>0x6</size>
         <input_file_ref idref="fl-18"/>
      </object_component>
      <object_component id="oc-6af">
         <name>.text:abort</name>
         <load_address>0x11d94</load_address>
         <run_address>0x11d94</run_address>
         <size>0x6</size>
         <input_file_ref idref="fl-9c"/>
      </object_component>
      <object_component id="oc-7b5">
         <name>.text:cosf</name>
         <load_address>0x11d9a</load_address>
         <run_address>0x11d9a</run_address>
         <size>0x6</size>
         <input_file_ref idref="fl-a0"/>
      </object_component>
      <object_component id="oc-815">
         <name>.text:putChar</name>
         <load_address>0x11da0</load_address>
         <run_address>0x11da0</run_address>
         <size>0x6</size>
         <input_file_ref idref="fl-3"/>
      </object_component>
      <object_component id="oc-7b6">
         <name>.text:sinf</name>
         <load_address>0x11da6</load_address>
         <run_address>0x11da6</run_address>
         <size>0x6</size>
         <input_file_ref idref="fl-a0"/>
      </object_component>
      <object_component id="oc-687">
         <name>.text:_system_pre_init</name>
         <load_address>0x11dac</load_address>
         <run_address>0x11dac</run_address>
         <size>0x4</size>
         <input_file_ref idref="fl-9b"/>
      </object_component>
      <object_component id="oc-6db">
         <name>.text:_system_post_cinit</name>
         <load_address>0x11db0</load_address>
         <run_address>0x11db0</run_address>
         <size>0x2</size>
         <input_file_ref idref="fl-9a"/>
      </object_component>
      <object_component id="oc-728">
         <name>.common:array_sample_original</name>
         <uninitialized>true</uninitialized>
         <run_address>0x1c00</run_address>
         <size>0x100</size>
      </object_component>
      <object_component id="oc-748">
         <name>.common:array_sample_int16</name>
         <uninitialized>true</uninitialized>
         <run_address>0x1d00</run_address>
         <size>0x80</size>
      </object_component>
      <object_component id="oc-70e">
         <name>.common:goertzel_01_01th</name>
         <uninitialized>true</uninitialized>
         <run_address>0x1e30</run_address>
         <size>0x1a</size>
      </object_component>
      <object_component id="oc-717">
         <name>.common:goertzel_01_08th</name>
         <uninitialized>true</uninitialized>
         <run_address>0x1e4a</run_address>
         <size>0x1a</size>
      </object_component>
      <object_component id="oc-718">
         <name>.common:goertzel_02_01th</name>
         <uninitialized>true</uninitialized>
         <run_address>0x1de0</run_address>
         <size>0x28</size>
      </object_component>
      <object_component id="oc-71f">
         <name>.common:goertzel_02_08th</name>
         <uninitialized>true</uninitialized>
         <run_address>0x1e08</run_address>
         <size>0x28</size>
      </object_component>
      <object_component id="oc-720">
         <name>.common:goertzel_03_01th</name>
         <uninitialized>true</uninitialized>
         <run_address>0x1d80</run_address>
         <size>0x30</size>
      </object_component>
      <object_component id="oc-727">
         <name>.common:goertzel_03_08th</name>
         <uninitialized>true</uninitialized>
         <run_address>0x1db0</run_address>
         <size>0x30</size>
      </object_component>
      <object_component id="oc-74f">
         <name>.data</name>
         <load_address>0x1e64</load_address>
         <run_address>0x1e64</run_address>
         <size>0x6</size>
         <input_file_ref idref="fl-4"/>
      </object_component>
      <object_component id="oc-65f">
         <name>.stack</name>
         <uninitialized>true</uninitialized>
         <run_address>0x2360</run_address>
         <size>0x4</size>
         <input_file_ref idref="fl-95"/>
      </object_component>
      <object_component id="oc-8d9">
         <name>.stack</name>
         <uninitialized>true</uninitialized>
         <run_address>0x2360</run_address>
         <size>0x0</size>
      </object_component>
      <object_component id="oc-86">
         <name>.int27</name>
         <load_address>0xffc6</load_address>
         <run_address>0xffc6</run_address>
         <size>0x2</size>
         <input_file_ref idref="fl-4b"/>
      </object_component>
      <object_component id="oc-87">
         <name>.int28</name>
         <load_address>0xffc8</load_address>
         <run_address>0xffc8</run_address>
         <size>0x2</size>
         <input_file_ref idref="fl-4d"/>
      </object_component>
      <object_component id="oc-88">
         <name>.int29</name>
         <load_address>0xffca</load_address>
         <run_address>0xffca</run_address>
         <size>0x2</size>
         <input_file_ref idref="fl-4e"/>
      </object_component>
      <object_component id="oc-89">
         <name>.int30</name>
         <load_address>0xffcc</load_address>
         <run_address>0xffcc</run_address>
         <size>0x2</size>
         <input_file_ref idref="fl-4f"/>
      </object_component>
      <object_component id="oc-8a">
         <name>.int31</name>
         <load_address>0xffce</load_address>
         <run_address>0xffce</run_address>
         <size>0x2</size>
         <input_file_ref idref="fl-50"/>
      </object_component>
      <object_component id="oc-8b">
         <name>.int32</name>
         <load_address>0xffd0</load_address>
         <run_address>0xffd0</run_address>
         <size>0x2</size>
         <input_file_ref idref="fl-51"/>
      </object_component>
      <object_component id="oc-8c">
         <name>.int33</name>
         <load_address>0xffd2</load_address>
         <run_address>0xffd2</run_address>
         <size>0x2</size>
         <input_file_ref idref="fl-52"/>
      </object_component>
      <object_component id="oc-8d">
         <name>.int34</name>
         <load_address>0xffd4</load_address>
         <run_address>0xffd4</run_address>
         <size>0x2</size>
         <input_file_ref idref="fl-53"/>
      </object_component>
      <object_component id="oc-8e">
         <name>.int35</name>
         <load_address>0xffd6</load_address>
         <run_address>0xffd6</run_address>
         <size>0x2</size>
         <input_file_ref idref="fl-54"/>
      </object_component>
      <object_component id="oc-8f">
         <name>.int36</name>
         <load_address>0xffd8</load_address>
         <run_address>0xffd8</run_address>
         <size>0x2</size>
         <input_file_ref idref="fl-55"/>
      </object_component>
      <object_component id="oc-90">
         <name>.int37</name>
         <load_address>0xffda</load_address>
         <run_address>0xffda</run_address>
         <size>0x2</size>
         <input_file_ref idref="fl-56"/>
      </object_component>
      <object_component id="oc-91">
         <name>.int38</name>
         <load_address>0xffdc</load_address>
         <run_address>0xffdc</run_address>
         <size>0x2</size>
         <input_file_ref idref="fl-57"/>
      </object_component>
      <object_component id="oc-92">
         <name>.int39</name>
         <load_address>0xffde</load_address>
         <run_address>0xffde</run_address>
         <size>0x2</size>
         <input_file_ref idref="fl-58"/>
      </object_component>
      <object_component id="oc-93">
         <name>.int40</name>
         <load_address>0xffe0</load_address>
         <run_address>0xffe0</run_address>
         <size>0x2</size>
         <input_file_ref idref="fl-59"/>
      </object_component>
      <object_component id="oc-94">
         <name>.int41</name>
         <load_address>0xffe2</load_address>
         <run_address>0xffe2</run_address>
         <size>0x2</size>
         <input_file_ref idref="fl-5a"/>
      </object_component>
      <object_component id="oc-95">
         <name>.int42</name>
         <load_address>0xffe4</load_address>
         <run_address>0xffe4</run_address>
         <size>0x2</size>
         <input_file_ref idref="fl-5b"/>
      </object_component>
      <object_component id="oc-96">
         <name>.int43</name>
         <load_address>0xffe6</load_address>
         <run_address>0xffe6</run_address>
         <size>0x2</size>
         <input_file_ref idref="fl-5c"/>
      </object_component>
      <object_component id="oc-97">
         <name>.int44</name>
         <load_address>0xffe8</load_address>
         <run_address>0xffe8</run_address>
         <size>0x2</size>
         <input_file_ref idref="fl-5d"/>
      </object_component>
      <object_component id="oc-98">
         <name>.int45</name>
         <load_address>0xffea</load_address>
         <run_address>0xffea</run_address>
         <size>0x2</size>
         <input_file_ref idref="fl-5e"/>
      </object_component>
      <object_component id="oc-99">
         <name>.int46</name>
         <load_address>0xffec</load_address>
         <run_address>0xffec</run_address>
         <size>0x2</size>
         <input_file_ref idref="fl-5f"/>
      </object_component>
      <object_component id="oc-9a">
         <name>.int47</name>
         <load_address>0xffee</load_address>
         <run_address>0xffee</run_address>
         <size>0x2</size>
         <input_file_ref idref="fl-60"/>
      </object_component>
      <object_component id="oc-9b">
         <name>.int48</name>
         <load_address>0xfff0</load_address>
         <run_address>0xfff0</run_address>
         <size>0x2</size>
         <input_file_ref idref="fl-61"/>
      </object_component>
      <object_component id="oc-9c">
         <name>.int49</name>
         <load_address>0xfff2</load_address>
         <run_address>0xfff2</run_address>
         <size>0x2</size>
         <input_file_ref idref="fl-62"/>
      </object_component>
      <object_component id="oc-9d">
         <name>.int50</name>
         <load_address>0xfff4</load_address>
         <run_address>0xfff4</run_address>
         <size>0x2</size>
         <input_file_ref idref="fl-63"/>
      </object_component>
      <object_component id="oc-9e">
         <name>.int51</name>
         <load_address>0xfff6</load_address>
         <run_address>0xfff6</run_address>
         <size>0x2</size>
         <input_file_ref idref="fl-64"/>
      </object_component>
      <object_component id="oc-9f">
         <name>.int52</name>
         <load_address>0xfff8</load_address>
         <run_address>0xfff8</run_address>
         <size>0x2</size>
         <input_file_ref idref="fl-65"/>
      </object_component>
      <object_component id="oc-a0">
         <name>.int53</name>
         <load_address>0xfffa</load_address>
         <run_address>0xfffa</run_address>
         <size>0x2</size>
         <input_file_ref idref="fl-66"/>
      </object_component>
      <object_component id="oc-a1">
         <name>.int54</name>
         <load_address>0xfffc</load_address>
         <run_address>0xfffc</run_address>
         <size>0x2</size>
         <input_file_ref idref="fl-67"/>
      </object_component>
      <object_component id="oc-662">
         <name>.reset</name>
         <load_address>0xfffe</load_address>
         <run_address>0xfffe</run_address>
         <size>0x2</size>
         <input_file_ref idref="fl-95"/>
      </object_component>
      <object_component id="oc-7bd">
         <name>.debug_info</name>
         <load_address>0x0</load_address>
         <run_address>0x0</run_address>
         <size>0x2a6</size>
         <input_file_ref idref="fl-2"/>
      </object_component>
      <object_component id="oc-72a">
         <name>.debug_info</name>
         <load_address>0x2a6</load_address>
         <run_address>0x2a6</run_address>
         <size>0x3c7</size>
         <input_file_ref idref="fl-2"/>
      </object_component>
      <object_component id="oc-712">
         <name>.debug_info</name>
         <load_address>0x66d</load_address>
         <run_address>0x66d</run_address>
         <size>0x284</size>
         <input_file_ref idref="fl-2"/>
      </object_component>
      <object_component id="oc-730">
         <name>.debug_info</name>
         <load_address>0x8f1</load_address>
         <run_address>0x8f1</run_address>
         <size>0x3b8</size>
         <input_file_ref idref="fl-2"/>
      </object_component>
      <object_component id="oc-722">
         <name>.debug_info</name>
         <load_address>0xca9</load_address>
         <run_address>0xca9</run_address>
         <size>0x411</size>
         <input_file_ref idref="fl-2"/>
      </object_component>
      <object_component id="oc-74a">
         <name>.debug_info</name>
         <load_address>0x10ba</load_address>
         <run_address>0x10ba</run_address>
         <size>0x447</size>
         <input_file_ref idref="fl-2"/>
      </object_component>
      <object_component id="oc-71a">
         <name>.debug_info</name>
         <load_address>0x1501</load_address>
         <run_address>0x1501</run_address>
         <size>0x286</size>
         <input_file_ref idref="fl-2"/>
      </object_component>
      <object_component id="oc-758">
         <name>.debug_info</name>
         <load_address>0x1787</load_address>
         <run_address>0x1787</run_address>
         <size>0x241</size>
         <input_file_ref idref="fl-2"/>
      </object_component>
      <object_component id="oc-743">
         <name>.debug_info</name>
         <load_address>0x19c8</load_address>
         <run_address>0x19c8</run_address>
         <size>0x2b8</size>
         <input_file_ref idref="fl-2"/>
      </object_component>
      <object_component id="oc-669">
         <name>.debug_info</name>
         <load_address>0x1c80</load_address>
         <run_address>0x1c80</run_address>
         <size>0x84</size>
         <input_file_ref idref="fl-2"/>
      </object_component>
      <object_component id="oc-793">
         <name>.debug_info</name>
         <load_address>0x1d04</load_address>
         <run_address>0x1d04</run_address>
         <size>0x18b</size>
         <input_file_ref idref="fl-2"/>
      </object_component>
      <object_component id="oc-7a1">
         <name>.debug_info</name>
         <load_address>0x1e8f</load_address>
         <run_address>0x1e8f</run_address>
         <size>0x90c</size>
         <input_file_ref idref="fl-2"/>
      </object_component>
      <object_component id="oc-7dc">
         <name>.debug_info</name>
         <load_address>0x279b</load_address>
         <run_address>0x279b</run_address>
         <size>0x1ce</size>
         <input_file_ref idref="fl-3"/>
      </object_component>
      <object_component id="oc-816">
         <name>.debug_info</name>
         <load_address>0x2969</load_address>
         <run_address>0x2969</run_address>
         <size>0x17a</size>
         <input_file_ref idref="fl-3"/>
      </object_component>
      <object_component id="oc-7d6">
         <name>.debug_info</name>
         <load_address>0x2ae3</load_address>
         <run_address>0x2ae3</run_address>
         <size>0x255</size>
         <input_file_ref idref="fl-3"/>
      </object_component>
      <object_component id="oc-7de">
         <name>.debug_info</name>
         <load_address>0x2d38</load_address>
         <run_address>0x2d38</run_address>
         <size>0x4ee</size>
         <input_file_ref idref="fl-3"/>
      </object_component>
      <object_component id="oc-737">
         <name>.debug_info</name>
         <load_address>0x3226</load_address>
         <run_address>0x3226</run_address>
         <size>0x18f</size>
         <input_file_ref idref="fl-3"/>
      </object_component>
      <object_component id="oc-73d">
         <name>.debug_info</name>
         <load_address>0x33b5</load_address>
         <run_address>0x33b5</run_address>
         <size>0x1f0</size>
         <input_file_ref idref="fl-3"/>
      </object_component>
      <object_component id="oc-70f">
         <name>.debug_info</name>
         <load_address>0x35a5</load_address>
         <run_address>0x35a5</run_address>
         <size>0x850</size>
         <input_file_ref idref="fl-4"/>
      </object_component>
      <object_component id="oc-750">
         <name>.debug_info</name>
         <load_address>0x3df5</load_address>
         <run_address>0x3df5</run_address>
         <size>0x153</size>
         <input_file_ref idref="fl-4"/>
      </object_component>
      <object_component id="oc-6a8">
         <name>.debug_info</name>
         <load_address>0x3f48</load_address>
         <run_address>0x3f48</run_address>
         <size>0x4eb</size>
         <input_file_ref idref="fl-4"/>
      </object_component>
      <object_component id="oc-79c">
         <name>.debug_info</name>
         <load_address>0x4433</load_address>
         <run_address>0x4433</run_address>
         <size>0x8b</size>
         <input_file_ref idref="fl-4"/>
      </object_component>
      <object_component id="oc-709">
         <name>.debug_info</name>
         <load_address>0x44be</load_address>
         <run_address>0x44be</run_address>
         <size>0x159</size>
         <input_file_ref idref="fl-5"/>
      </object_component>
      <object_component id="oc-857">
         <name>.debug_info</name>
         <load_address>0x4617</load_address>
         <run_address>0x4617</run_address>
         <size>0x179</size>
         <input_file_ref idref="fl-5"/>
      </object_component>
      <object_component id="oc-703">
         <name>.debug_info</name>
         <load_address>0x4790</load_address>
         <run_address>0x4790</run_address>
         <size>0x18b</size>
         <input_file_ref idref="fl-18"/>
      </object_component>
      <object_component id="oc-6fd">
         <name>.debug_info</name>
         <load_address>0x491b</load_address>
         <run_address>0x491b</run_address>
         <size>0x1e8</size>
         <input_file_ref idref="fl-22"/>
      </object_component>
      <object_component id="oc-6c2">
         <name>.debug_info</name>
         <load_address>0x4b03</load_address>
         <run_address>0x4b03</run_address>
         <size>0x170</size>
         <input_file_ref idref="fl-49"/>
      </object_component>
      <object_component id="oc-7c">
         <name>.debug_info</name>
         <load_address>0x4c73</load_address>
         <run_address>0x4c73</run_address>
         <size>0x245</size>
         <input_file_ref idref="fl-49"/>
      </object_component>
      <object_component id="oc-664">
         <name>.debug_info</name>
         <load_address>0x4eb8</load_address>
         <run_address>0x4eb8</run_address>
         <size>0x60</size>
         <input_file_ref idref="fl-49"/>
      </object_component>
      <object_component id="oc-6bd">
         <name>.debug_info</name>
         <load_address>0x4f18</load_address>
         <run_address>0x4f18</run_address>
         <size>0x46</size>
         <input_file_ref idref="fl-49"/>
      </object_component>
      <object_component id="oc-67a">
         <name>.debug_info</name>
         <load_address>0x4f5e</load_address>
         <run_address>0x4f5e</run_address>
         <size>0x1c6</size>
         <input_file_ref idref="fl-4a"/>
      </object_component>
      <object_component id="oc-84">
         <name>.debug_info</name>
         <load_address>0x5124</load_address>
         <run_address>0x5124</run_address>
         <size>0x1c8</size>
         <input_file_ref idref="fl-4a"/>
      </object_component>
      <object_component id="oc-675">
         <name>.debug_info</name>
         <load_address>0x52ec</load_address>
         <run_address>0x52ec</run_address>
         <size>0x46</size>
         <input_file_ref idref="fl-4a"/>
      </object_component>
      <object_component id="oc-6cc">
         <name>.debug_info</name>
         <load_address>0x5332</load_address>
         <run_address>0x5332</run_address>
         <size>0x2c</size>
         <input_file_ref idref="fl-4a"/>
      </object_component>
      <object_component id="oc-67c">
         <name>.debug_info</name>
         <load_address>0x535e</load_address>
         <run_address>0x535e</run_address>
         <size>0x107</size>
         <input_file_ref idref="fl-4c"/>
      </object_component>
      <object_component id="oc-686">
         <name>.debug_info</name>
         <load_address>0x5465</load_address>
         <run_address>0x5465</run_address>
         <size>0x174</size>
         <input_file_ref idref="fl-68"/>
      </object_component>
      <object_component id="oc-a3">
         <name>.debug_info</name>
         <load_address>0x55d9</load_address>
         <run_address>0x55d9</run_address>
         <size>0x1ba</size>
         <input_file_ref idref="fl-68"/>
      </object_component>
      <object_component id="oc-681">
         <name>.debug_info</name>
         <load_address>0x5793</load_address>
         <run_address>0x5793</run_address>
         <size>0x46</size>
         <input_file_ref idref="fl-68"/>
      </object_component>
      <object_component id="oc-7b9">
         <name>.debug_info</name>
         <load_address>0x57d9</load_address>
         <run_address>0x57d9</run_address>
         <size>0x119</size>
         <input_file_ref idref="fl-69"/>
      </object_component>
      <object_component id="oc-821">
         <name>.debug_info</name>
         <load_address>0x58f2</load_address>
         <run_address>0x58f2</run_address>
         <size>0x125</size>
         <input_file_ref idref="fl-6a"/>
      </object_component>
      <object_component id="oc-7b1">
         <name>.debug_info</name>
         <load_address>0x5a17</load_address>
         <run_address>0x5a17</run_address>
         <size>0x119</size>
         <input_file_ref idref="fl-6c"/>
      </object_component>
      <object_component id="oc-83a">
         <name>.debug_info</name>
         <load_address>0x5b30</load_address>
         <run_address>0x5b30</run_address>
         <size>0x12d</size>
         <input_file_ref idref="fl-6d"/>
      </object_component>
      <object_component id="oc-844">
         <name>.debug_info</name>
         <load_address>0x5c5d</load_address>
         <run_address>0x5c5d</run_address>
         <size>0x130</size>
         <input_file_ref idref="fl-6e"/>
      </object_component>
      <object_component id="oc-863">
         <name>.debug_info</name>
         <load_address>0x5d8d</load_address>
         <run_address>0x5d8d</run_address>
         <size>0x119</size>
         <input_file_ref idref="fl-6f"/>
      </object_component>
      <object_component id="oc-83f">
         <name>.debug_info</name>
         <load_address>0x5ea6</load_address>
         <run_address>0x5ea6</run_address>
         <size>0x11b</size>
         <input_file_ref idref="fl-70"/>
      </object_component>
      <object_component id="oc-753">
         <name>.debug_info</name>
         <load_address>0x5fc1</load_address>
         <run_address>0x5fc1</run_address>
         <size>0x12d</size>
         <input_file_ref idref="fl-73"/>
      </object_component>
      <object_component id="oc-82b">
         <name>.debug_info</name>
         <load_address>0x60ee</load_address>
         <run_address>0x60ee</run_address>
         <size>0x12f</size>
         <input_file_ref idref="fl-74"/>
      </object_component>
      <object_component id="oc-813">
         <name>.debug_info</name>
         <load_address>0x621d</load_address>
         <run_address>0x621d</run_address>
         <size>0x20d</size>
         <input_file_ref idref="fl-75"/>
      </object_component>
      <object_component id="oc-7cd">
         <name>.debug_info</name>
         <load_address>0x642a</load_address>
         <run_address>0x642a</run_address>
         <size>0x1c7</size>
         <input_file_ref idref="fl-75"/>
      </object_component>
      <object_component id="oc-833">
         <name>.debug_info</name>
         <load_address>0x65f1</load_address>
         <run_address>0x65f1</run_address>
         <size>0x12a</size>
         <input_file_ref idref="fl-76"/>
      </object_component>
      <object_component id="oc-830">
         <name>.debug_info</name>
         <load_address>0x671b</load_address>
         <run_address>0x671b</run_address>
         <size>0x124</size>
         <input_file_ref idref="fl-79"/>
      </object_component>
      <object_component id="oc-811">
         <name>.debug_info</name>
         <load_address>0x683f</load_address>
         <run_address>0x683f</run_address>
         <size>0x1d5</size>
         <input_file_ref idref="fl-7b"/>
      </object_component>
      <object_component id="oc-7c8">
         <name>.debug_info</name>
         <load_address>0x6a14</load_address>
         <run_address>0x6a14</run_address>
         <size>0x1c9</size>
         <input_file_ref idref="fl-7b"/>
      </object_component>
      <object_component id="oc-7ad">
         <name>.debug_info</name>
         <load_address>0x6bdd</load_address>
         <run_address>0x6bdd</run_address>
         <size>0x11c</size>
         <input_file_ref idref="fl-7c"/>
      </object_component>
      <object_component id="oc-7a8">
         <name>.debug_info</name>
         <load_address>0x6cf9</load_address>
         <run_address>0x6cf9</run_address>
         <size>0x119</size>
         <input_file_ref idref="fl-80"/>
      </object_component>
      <object_component id="oc-766">
         <name>.debug_info</name>
         <load_address>0x6e12</load_address>
         <run_address>0x6e12</run_address>
         <size>0x128</size>
         <input_file_ref idref="fl-82"/>
      </object_component>
      <object_component id="oc-7e7">
         <name>.debug_info</name>
         <load_address>0x6f3a</load_address>
         <run_address>0x6f3a</run_address>
         <size>0x12a</size>
         <input_file_ref idref="fl-86"/>
      </object_component>
      <object_component id="oc-824">
         <name>.debug_info</name>
         <load_address>0x7064</load_address>
         <run_address>0x7064</run_address>
         <size>0x119</size>
         <input_file_ref idref="fl-8b"/>
      </object_component>
      <object_component id="oc-84a">
         <name>.debug_info</name>
         <load_address>0x717d</load_address>
         <run_address>0x717d</run_address>
         <size>0x11e</size>
         <input_file_ref idref="fl-8d"/>
      </object_component>
      <object_component id="oc-7c0">
         <name>.debug_info</name>
         <load_address>0x729b</load_address>
         <run_address>0x729b</run_address>
         <size>0x17d</size>
         <input_file_ref idref="fl-8e"/>
      </object_component>
      <object_component id="oc-7eb">
         <name>.debug_info</name>
         <load_address>0x7418</load_address>
         <run_address>0x7418</run_address>
         <size>0x17d</size>
         <input_file_ref idref="fl-91"/>
      </object_component>
      <object_component id="oc-80b">
         <name>.debug_info</name>
         <load_address>0x7595</load_address>
         <run_address>0x7595</run_address>
         <size>0x17d</size>
         <input_file_ref idref="fl-94"/>
      </object_component>
      <object_component id="oc-660">
         <name>.debug_info</name>
         <load_address>0x7712</load_address>
         <run_address>0x7712</run_address>
         <size>0xf5</size>
         <input_file_ref idref="fl-95"/>
      </object_component>
      <object_component id="oc-6e7">
         <name>.debug_info</name>
         <load_address>0x7807</load_address>
         <run_address>0x7807</run_address>
         <size>0x3f5</size>
         <input_file_ref idref="fl-97"/>
      </object_component>
      <object_component id="oc-68e">
         <name>.debug_info</name>
         <load_address>0x7bfc</load_address>
         <run_address>0x7bfc</run_address>
         <size>0x21e</size>
         <input_file_ref idref="fl-97"/>
      </object_component>
      <object_component id="oc-76d">
         <name>.debug_info</name>
         <load_address>0x7e1a</load_address>
         <run_address>0x7e1a</run_address>
         <size>0x39</size>
         <input_file_ref idref="fl-97"/>
      </object_component>
      <object_component id="oc-6e2">
         <name>.debug_info</name>
         <load_address>0x7e53</load_address>
         <run_address>0x7e53</run_address>
         <size>0x2c</size>
         <input_file_ref idref="fl-97"/>
      </object_component>
      <object_component id="oc-772">
         <name>.debug_info</name>
         <load_address>0x7e7f</load_address>
         <run_address>0x7e7f</run_address>
         <size>0xcd</size>
         <input_file_ref idref="fl-97"/>
      </object_component>
      <object_component id="oc-c7">
         <name>.debug_info</name>
         <load_address>0x7f4c</load_address>
         <run_address>0x7f4c</run_address>
         <size>0x1af</size>
         <input_file_ref idref="fl-98"/>
      </object_component>
      <object_component id="oc-6a1">
         <name>.debug_info</name>
         <load_address>0x80fb</load_address>
         <run_address>0x80fb</run_address>
         <size>0xf2</size>
         <input_file_ref idref="fl-99"/>
      </object_component>
      <object_component id="oc-6dc">
         <name>.debug_info</name>
         <load_address>0x81ed</load_address>
         <run_address>0x81ed</run_address>
         <size>0x145</size>
         <input_file_ref idref="fl-9a"/>
      </object_component>
      <object_component id="oc-688">
         <name>.debug_info</name>
         <load_address>0x8332</load_address>
         <run_address>0x8332</run_address>
         <size>0x148</size>
         <input_file_ref idref="fl-9b"/>
      </object_component>
      <object_component id="oc-6b0">
         <name>.debug_info</name>
         <load_address>0x847a</load_address>
         <run_address>0x847a</run_address>
         <size>0x117</size>
         <input_file_ref idref="fl-9c"/>
      </object_component>
      <object_component id="oc-769">
         <name>.debug_info</name>
         <load_address>0x8591</load_address>
         <run_address>0x8591</run_address>
         <size>0x266</size>
         <input_file_ref idref="fl-9f"/>
      </object_component>
      <object_component id="oc-6d6">
         <name>.debug_info</name>
         <load_address>0x87f7</load_address>
         <run_address>0x87f7</run_address>
         <size>0x1b0</size>
         <input_file_ref idref="fl-9f"/>
      </object_component>
      <object_component id="oc-7f8">
         <name>.debug_info</name>
         <load_address>0x89a7</load_address>
         <run_address>0x89a7</run_address>
         <size>0x2c</size>
         <input_file_ref idref="fl-9f"/>
      </object_component>
      <object_component id="oc-6c5">
         <name>.debug_info</name>
         <load_address>0x89d3</load_address>
         <run_address>0x89d3</run_address>
         <size>0x2c</size>
         <input_file_ref idref="fl-9f"/>
      </object_component>
      <object_component id="oc-6c4">
         <name>.debug_info</name>
         <load_address>0x89ff</load_address>
         <run_address>0x89ff</run_address>
         <size>0x17c</size>
         <input_file_ref idref="fl-a1"/>
      </object_component>
      <object_component id="oc-66f">
         <name>.debug_info</name>
         <load_address>0x8b7b</load_address>
         <run_address>0x8b7b</run_address>
         <size>0x191</size>
         <input_file_ref idref="fl-a1"/>
      </object_component>
      <object_component id="oc-8dc">
         <name>.debug_info</name>
         <load_address>0x8d0c</load_address>
         <run_address>0x8d0c</run_address>
         <size>0xdc</size>
      </object_component>
      <object_component id="oc-808">
         <name>.debug_line</name>
         <load_address>0x0</load_address>
         <run_address>0x0</run_address>
         <size>0x66</size>
         <input_file_ref idref="fl-2"/>
      </object_component>
      <object_component id="oc-72d">
         <name>.debug_line</name>
         <load_address>0x66</load_address>
         <run_address>0x66</run_address>
         <size>0x6c</size>
         <input_file_ref idref="fl-2"/>
      </object_component>
      <object_component id="oc-715">
         <name>.debug_line</name>
         <load_address>0xd2</load_address>
         <run_address>0xd2</run_address>
         <size>0x51</size>
         <input_file_ref idref="fl-2"/>
      </object_component>
      <object_component id="oc-733">
         <name>.debug_line</name>
         <load_address>0x123</load_address>
         <run_address>0x123</run_address>
         <size>0x6e</size>
         <input_file_ref idref="fl-2"/>
      </object_component>
      <object_component id="oc-725">
         <name>.debug_line</name>
         <load_address>0x191</load_address>
         <run_address>0x191</run_address>
         <size>0x5b</size>
         <input_file_ref idref="fl-2"/>
      </object_component>
      <object_component id="oc-74d">
         <name>.debug_line</name>
         <load_address>0x1ec</load_address>
         <run_address>0x1ec</run_address>
         <size>0x80</size>
         <input_file_ref idref="fl-2"/>
      </object_component>
      <object_component id="oc-71d">
         <name>.debug_line</name>
         <load_address>0x26c</load_address>
         <run_address>0x26c</run_address>
         <size>0x51</size>
         <input_file_ref idref="fl-2"/>
      </object_component>
      <object_component id="oc-75b">
         <name>.debug_line</name>
         <load_address>0x2bd</load_address>
         <run_address>0x2bd</run_address>
         <size>0x54</size>
         <input_file_ref idref="fl-2"/>
      </object_component>
      <object_component id="oc-746">
         <name>.debug_line</name>
         <load_address>0x311</load_address>
         <run_address>0x311</run_address>
         <size>0x5a</size>
         <input_file_ref idref="fl-2"/>
      </object_component>
      <object_component id="oc-66c">
         <name>.debug_line</name>
         <load_address>0x36b</load_address>
         <run_address>0x36b</run_address>
         <size>0x20</size>
         <input_file_ref idref="fl-2"/>
      </object_component>
      <object_component id="oc-796">
         <name>.debug_line</name>
         <load_address>0x38b</load_address>
         <run_address>0x38b</run_address>
         <size>0x68</size>
         <input_file_ref idref="fl-2"/>
      </object_component>
      <object_component id="oc-7a4">
         <name>.debug_line</name>
         <load_address>0x3f3</load_address>
         <run_address>0x3f3</run_address>
         <size>0x35</size>
         <input_file_ref idref="fl-2"/>
      </object_component>
      <object_component id="oc-81d">
         <name>.debug_line</name>
         <load_address>0x428</load_address>
         <run_address>0x428</run_address>
         <size>0x34</size>
         <input_file_ref idref="fl-3"/>
      </object_component>
      <object_component id="oc-819">
         <name>.debug_line</name>
         <load_address>0x45c</load_address>
         <run_address>0x45c</run_address>
         <size>0x4b</size>
         <input_file_ref idref="fl-3"/>
      </object_component>
      <object_component id="oc-7d9">
         <name>.debug_line</name>
         <load_address>0x4a7</load_address>
         <run_address>0x4a7</run_address>
         <size>0x91</size>
         <input_file_ref idref="fl-3"/>
      </object_component>
      <object_component id="oc-7e1">
         <name>.debug_line</name>
         <load_address>0x538</load_address>
         <run_address>0x538</run_address>
         <size>0xef</size>
         <input_file_ref idref="fl-3"/>
      </object_component>
      <object_component id="oc-73a">
         <name>.debug_line</name>
[...]
         <value>0x4562</value>
      </symbol>
      <symbol id="sm-580">
         <name>__STACK_SIZE</name>
         <value>0xa0</value>
      </symbol>
      <symbol id="sm-581">
         <name>__STACK_END</name>
         <value>0x2400</value>
      </symbol>
      <symbol id="sm-582">
         <name>__c_args__</name>
         <value>0xffffffff</value>
      </symbol>
      <symbol id="sm-583">
         <name>__TI_pprof_out_hndl</name>
         <value>0xffffffff</value>
      </symbol>
      <symbol id="sm-584">
         <name>__TI_prof_data_start</name>
         <value>0xffffffff</value>
      </symbol>
      <symbol id="sm-585">
         <name>__TI_prof_data_size</name>
         <value>0xffffffff</value>
      </symbol>
      <symbol id="sm-639">
         <name>goertzelSampleCalc_Float</name>
         <value>0x112c6</value>
         <object_component_ref idref="oc-742"/>
      </symbol>
      <symbol id="sm-63a">
         <name>sineWaveGen_Array_Float</name>
         <value>0x1110e</value>
         <object_component_ref idref="oc-729"/>
      </symbol>
      <symbol id="sm-63b">
         <name>goertzelArrayInit_Float</name>
         <value>0x1173c</value>
         <object_component_ref idref="oc-711"/>
      </symbol>
      <symbol id="sm-63c">
         <name>goertzelArrayInt16_Fixed64</name>
         <value>0x10962</value>
         <object_component_ref idref="oc-749"/>
      </symbol>
      <symbol id="sm-63d">
         <name>goertzelSampleInit_Float</name>
         <value>0x117ac</value>
         <object_component_ref idref="oc-719"/>
      </symbol>
      <symbol id="sm-63e">
         <name>goertzelArrayFloat_Float</name>
         <value>0x11022</value>
         <object_component_ref idref="oc-72f"/>
      </symbol>
      <symbol id="sm-63f">
         <name>goertzelArrayInit_Fixed64</name>
         <value>0x10f22</value>
         <object_component_ref idref="oc-721"/>
      </symbol>
      <symbol id="sm-640">
         <name>goertzelSampleAddFloat_Float</name>
         <value>0x11946</value>
         <object_component_ref idref="oc-757"/>
      </symbol>
      <symbol id="sm-68b">
         <name>print_float</name>
         <value>0x11c62</value>
         <object_component_ref idref="oc-73c"/>
      </symbol>
      <symbol id="sm-68c">
         <name>embedded_prints</name>
         <value>0x116ca</value>
         <object_component_ref idref="oc-7d5"/>
      </symbol>
      <symbol id="sm-68d">
         <name>print_string</name>
         <value>0x11d7a</value>
         <object_component_ref idref="oc-736"/>
      </symbol>
      <symbol id="sm-68e">
         <name>putChar</name>
         <value>0x11da0</value>
         <object_component_ref idref="oc-815"/>
      </symbol>
      <symbol id="sm-68f">
         <name>embedded_ftoa</name>
         <value>0x106e2</value>
         <object_component_ref idref="oc-7dd"/>
      </symbol>
      <symbol id="sm-6b2">
         <name>array_sample_original</name>
         <value>0x1c00</value>
      </symbol>
      <symbol id="sm-6b3">
         <name>array_sample_int16</name>
         <value>0x1d00</value>
      </symbol>
      <symbol id="sm-6b4">
         <name>goertzel_01_01th</name>
         <value>0x1e30</value>
      </symbol>
      <symbol id="sm-6b5">
         <name>goertzel_01_08th</name>
         <value>0x1e4a</value>
      </symbol>
      <symbol id="sm-6b6">
         <name>goertzel_02_01th</name>
         <value>0x1de0</value>
      </symbol>
      <symbol id="sm-6b7">
         <name>goertzel_02_08th</name>
         <value>0x1e08</value>
      </symbol>
      <symbol id="sm-6b8">
         <name>goertzel_03_01th</name>
         <value>0x1d80</value>
      </symbol>
      <symbol id="sm-6b9">
         <name>goertzel_03_08th</name>
         <value>0x1db0</value>
      </symbol>
      <symbol id="sm-6ba">
         <name>sample_original_int16</name>
         <value>0x1e68</value>
         <object_component_ref idref="oc-74f"/>
      </symbol>
      <symbol id="sm-6bb">
         <name>sample_original</name>
         <value>0x1e64</value>
         <object_component_ref idref="oc-74f"/>
      </symbol>
      <symbol id="sm-6bc">
         <name>main</name>
         <value>0x10416</value>
         <object_component_ref idref="oc-6a7"/>
      </symbol>
      <symbol id="sm-6cd">
         <name>serial_configure</name>
         <value>0x11c8a</value>
         <object_component_ref idref="oc-708"/>
      </symbol>
      <symbol id="sm-6ce">
         <name>serial_sendbyte</name>
         <value>0x11d6c</value>
         <object_component_ref idref="oc-856"/>
      </symbol>
      <symbol id="sm-6e9">
         <name>PMM_unlockLPM5</name>
         <value>0x11d8e</value>
         <object_component_ref idref="oc-702"/>
      </symbol>
      <symbol id="sm-6fb">
         <name>WDT_A_hold</name>
         <value>0x11cf8</value>
         <object_component_ref idref="oc-6fc"/>
      </symbol>
      <symbol id="sm-719">
         <name>__TI_decompress_lzss</name>
         <value>0x11652</value>
         <object_component_ref idref="oc-7a"/>
      </symbol>
      <symbol id="sm-72f">
         <name>__TI_decompress_none</name>
         <value>0x11d5a</value>
         <object_component_ref idref="oc-80"/>
      </symbol>
      <symbol id="sm-732">
         <name>__TI_int27</name>
         <value>0xffc6</value>
         <object_component_ref idref="oc-86"/>
      </symbol>
      <symbol id="sm-73a">
         <name>__TI_ISR_TRAP</name>
         <value>0x441e</value>
         <object_component_ref idref="oc-67b"/>
      </symbol>
      <symbol id="sm-73d">
         <name>__TI_int28</name>
         <value>0xffc8</value>
         <object_component_ref idref="oc-87"/>
      </symbol>
      <symbol id="sm-740">
         <name>__TI_int29</name>
         <value>0xffca</value>
         <object_component_ref idref="oc-88"/>
      </symbol>
      <symbol id="sm-743">
         <name>__TI_int30</name>
         <value>0xffcc</value>
         <object_component_ref idref="oc-89"/>
      </symbol>
      <symbol id="sm-746">
         <name>__TI_int31</name>
         <value>0xffce</value>
         <object_component_ref idref="oc-8a"/>
      </symbol>
      <symbol id="sm-749">
         <name>__TI_int32</name>
         <value>0xffd0</value>
         <object_component_ref idref="oc-8b"/>
      </symbol>
      <symbol id="sm-74c">
         <name>__TI_int33</name>
         <value>0xffd2</value>
         <object_component_ref idref="oc-8c"/>
      </symbol>
      <symbol id="sm-74f">
         <name>__TI_int34</name>
         <value>0xffd4</value>
         <object_component_ref idref="oc-8d"/>
      </symbol>
      <symbol id="sm-752">
         <name>__TI_int35</name>
         <value>0xffd6</value>
         <object_component_ref idref="oc-8e"/>
      </symbol>
      <symbol id="sm-755">
         <name>__TI_int36</name>
         <value>0xffd8</value>
         <object_component_ref idref="oc-8f"/>
      </symbol>
      <symbol id="sm-758">
         <name>__TI_int37</name>
         <value>0xffda</value>
         <object_component_ref idref="oc-90"/>
      </symbol>
      <symbol id="sm-75b">
         <name>__TI_int38</name>
         <value>0xffdc</value>
         <object_component_ref idref="oc-91"/>
      </symbol>
      <symbol id="sm-75e">
         <name>__TI_int39</name>
         <value>0xffde</value>
         <object_component_ref idref="oc-92"/>
      </symbol>
      <symbol id="sm-761">
         <name>__TI_int40</name>
         <value>0xffe0</value>
         <object_component_ref idref="oc-93"/>
      </symbol>
      <symbol id="sm-764">
         <name>__TI_int41</name>
         <value>0xffe2</value>
         <object_component_ref idref="oc-94"/>
      </symbol>
      <symbol id="sm-767">
         <name>__TI_int42</name>
         <value>0xffe4</value>
         <object_component_ref idref="oc-95"/>
      </symbol>
      <symbol id="sm-76a">
         <name>__TI_int43</name>
         <value>0xffe6</value>
         <object_component_ref idref="oc-96"/>
      </symbol>
      <symbol id="sm-76d">
         <name>__TI_int44</name>
         <value>0xffe8</value>
         <object_component_ref idref="oc-97"/>
      </symbol>
      <symbol id="sm-770">
         <name>__TI_int45</name>
         <value>0xffea</value>
         <object_component_ref idref="oc-98"/>
      </symbol>
      <symbol id="sm-773">
         <name>__TI_int46</name>
         <value>0xffec</value>
         <object_component_ref idref="oc-99"/>
      </symbol>
      <symbol id="sm-776">
         <name>__TI_int47</name>
         <value>0xffee</value>
         <object_component_ref idref="oc-9a"/>
      </symbol>
      <symbol id="sm-779">
         <name>__TI_int48</name>
         <value>0xfff0</value>
         <object_component_ref idref="oc-9b"/>
      </symbol>
      <symbol id="sm-77c">
         <name>__TI_int49</name>
         <value>0xfff2</value>
         <object_component_ref idref="oc-9c"/>
      </symbol>
      <symbol id="sm-77f">
         <name>__TI_int50</name>
         <value>0xfff4</value>
         <object_component_ref idref="oc-9d"/>
      </symbol>
      <symbol id="sm-782">
         <name>__TI_int51</name>
         <value>0xfff6</value>
         <object_component_ref idref="oc-9e"/>
      </symbol>
      <symbol id="sm-785">
         <name>__TI_int52</name>
         <value>0xfff8</value>
         <object_component_ref idref="oc-9f"/>
      </symbol>
      <symbol id="sm-788">
         <name>__TI_int53</name>
         <value>0xfffa</value>
         <object_component_ref idref="oc-a0"/>
      </symbol>
      <symbol id="sm-78b">
         <name>__TI_int54</name>
         <value>0xfffc</value>
         <object_component_ref idref="oc-a1"/>
      </symbol>
      <symbol id="sm-79e">
         <name>__TI_zero_init</name>
         <value>0x11cb0</value>
         <object_component_ref idref="oc-a2"/>
      </symbol>
      <symbol id="sm-7b9">
         <name>__mspabi_subf</name>
         <value>0x10cf0</value>
         <object_component_ref idref="oc-7b7"/>
      </symbol>
      <symbol id="sm-7ba">
         <name>__mspabi_addf</name>
         <value>0x10cf6</value>
         <object_component_ref idref="oc-7b7"/>
      </symbol>
      <symbol id="sm-7ca">
         <name>__mspabi_cmpf</name>
         <value>0x11a44</value>
         <object_component_ref idref="oc-81e"/>
      </symbol>
      <symbol id="sm-7dd">
         <name>__mspabi_divf</name>
         <value>0x1143e</value>
         <object_component_ref idref="oc-7b0"/>
      </symbol>
      <symbol id="sm-7e9">
         <name>__mspabi_remi</name>
         <value>0x11c36</value>
         <object_component_ref idref="oc-837"/>
      </symbol>
      <symbol id="sm-7ea">
         <name>__mspabi_divi</name>
         <value>0x11c36</value>
         <object_component_ref idref="oc-837"/>
      </symbol>
      <symbol id="sm-7f6">
         <name>__mspabi_remli</name>
         <value>0x11b18</value>
         <object_component_ref idref="oc-841"/>
      </symbol>
      <symbol id="sm-7f7">
         <name>__mspabi_divli</name>
         <value>0x11b18</value>
         <object_component_ref idref="oc-841"/>
      </symbol>
      <symbol id="sm-801">
         <name>__mspabi_remu</name>
         <value>0x11d30</value>
         <object_component_ref idref="oc-862"/>
      </symbol>
      <symbol id="sm-802">
         <name>__mspabi_divu</name>
         <value>0x11d30</value>
         <object_component_ref idref="oc-862"/>
      </symbol>
      <symbol id="sm-810">
         <name>__mspabi_remul</name>
         <value>0x119a0</value>
         <object_component_ref idref="oc-83c"/>
      </symbol>
      <symbol id="sm-811">
         <name>__mspabi_divul</name>
         <value>0x119a0</value>
         <object_component_ref idref="oc-83c"/>
      </symbol>
      <symbol id="sm-825">
         <name>__mspabi_fixfi</name>
         <value>0x1181c</value>
         <object_component_ref idref="oc-752"/>
      </symbol>
      <symbol id="sm-838">
         <name>__mspabi_fixfli</name>
         <value>0x115d4</value>
         <object_component_ref idref="oc-828"/>
      </symbol>
      <symbol id="sm-84a">
         <name>__mspabi_fixflli</name>
         <value>0x114ce</value>
         <object_component_ref idref="oc-7cb"/>
      </symbol>
      <symbol id="sm-859">
         <name>__mspabi_fixful</name>
         <value>0x119f8</value>
         <object_component_ref idref="oc-832"/>
      </symbol>
      <symbol id="sm-86a">
         <name>__mspabi_fltlif</name>
         <value>0x11a8e</value>
         <object_component_ref idref="oc-82d"/>
      </symbol>
      <symbol id="sm-882">
         <name>__mspabi_fltllif</name>
         <value>0x10e22</value>
         <object_component_ref idref="oc-7c5"/>
      </symbol>
      <symbol id="sm-88d">
         <name>__mspabi_fltuf</name>
         <value>0x11cd4</value>
         <object_component_ref idref="oc-7ab"/>
      </symbol>
      <symbol id="sm-8a7">
         <name>__mspabi_mpyf</name>
         <value>0x11386</value>
         <object_component_ref idref="oc-7a6"/>
      </symbol>
      <symbol id="sm-8b0">
         <name>__mspabi_mpyi_f5hw</name>
         <value>0x11d18</value>
         <object_component_ref idref="oc-763"/>
      </symbol>
      <symbol id="sm-8bb">
         <name>__mspabi_mpyll_f5hw</name>
         <value>0x118ea</value>
         <object_component_ref idref="oc-7e5"/>
      </symbol>
      <symbol id="sm-8c8">
         <name>__mspabi_negf</name>
         <value>0x11d84</value>
         <object_component_ref idref="oc-823"/>
      </symbol>
      <symbol id="sm-8d1">
         <name>__mspabi_slll_9</name>
         <value>0x11b70</value>
         <object_component_ref idref="oc-849"/>
      </symbol>
      <symbol id="sm-8d2">
         <name>__mspabi_slll_8</name>
         <value>0x11b74</value>
         <object_component_ref idref="oc-849"/>
      </symbol>
      <symbol id="sm-8d3">
         <name>__mspabi_slll_7</name>
         <value>0x11b78</value>
         <object_component_ref idref="oc-849"/>
      </symbol>
      <symbol id="sm-8d4">
         <name>__mspabi_slll_6</name>
         <value>0x11b7c</value>
         <object_component_ref idref="oc-849"/>
      </symbol>
      <symbol id="sm-8d5">
         <name>__mspabi_slll_5</name>
         <value>0x11b80</value>
         <object_component_ref idref="oc-849"/>
      </symbol>
      <symbol id="sm-8d6">
         <name>__mspabi_slll_4</name>
         <value>0x11b84</value>
         <object_component_ref idref="oc-849"/>
      </symbol>
      <symbol id="sm-8d7">
         <name>__mspabi_slll_3</name>
         <value>0x11b88</value>
         <object_component_ref idref="oc-849"/>
      </symbol>
      <symbol id="sm-8d8">
         <name>__mspabi_slll_2</name>
         <value>0x11b8c</value>
         <object_component_ref idref="oc-849"/>
      </symbol>
      <symbol id="sm-8d9">
         <name>__mspabi_slll_1</name>
         <value>0x11b90</value>
         <object_component_ref idref="oc-849"/>
      </symbol>
      <symbol id="sm-8da">
         <name>__mspabi_slll_15</name>
         <value>0x11b58</value>
         <object_component_ref idref="oc-849"/>
      </symbol>
      <symbol id="sm-8db">
         <name>__mspabi_slll_14</name>
         <value>0x11b5c</value>
         <object_component_ref idref="oc-849"/>
      </symbol>
      <symbol id="sm-8dc">
         <name>__mspabi_slll_13</name>
         <value>0x11b60</value>
         <object_component_ref idref="oc-849"/>
      </symbol>
      <symbol id="sm-8dd">
         <name>__mspabi_slll_12</name>
         <value>0x11b64</value>
         <object_component_ref idref="oc-849"/>
      </symbol>
      <symbol id="sm-8de">
         <name>__mspabi_slll_11</name>
         <value>0x11b68</value>
         <object_component_ref idref="oc-849"/>
      </symbol>
      <symbol id="sm-8df">
         <name>__mspabi_slll_10</name>
         <value>0x11b6c</value>
         <object_component_ref idref="oc-849"/>
      </symbol>
      <symbol id="sm-8ec">
         <name>__mspabi_sllll</name>
         <value>0x11b96</value>
         <object_component_ref idref="oc-7bf"/>
      </symbol>
      <symbol id="sm-8fb">
         <name>__mspabi_srall</name>
         <value>0x11ad8</value>
         <object_component_ref idref="oc-7ea"/>
      </symbol>
      <symbol id="sm-90a">
         <name>__mspabi_srlll</name>
         <value>0x11bd0</value>
         <object_component_ref idref="oc-80a"/>
      </symbol>
      <symbol id="sm-912">
         <name>_stack</name>
         <value>0x2360</value>
         <object_component_ref idref="oc-65f"/>
      </symbol>
      <symbol id="sm-913">
         <name>_reset_vector</name>
         <value>0xfffe</value>
         <object_component_ref idref="oc-662"/>
      </symbol>
      <symbol id="sm-936">
         <name>_auto_init_hold_wdt</name>
         <value>0x11552</value>
         <object_component_ref idref="oc-68d"/>
      </symbol>
      <symbol id="sm-940">
         <name>_c_int00_noargs_noexit_mpu</name>
         <value>0x4400</value>
         <object_component_ref idref="oc-c6"/>
      </symbol>
      <symbol id="sm-949">
         <name>__mpu_init</name>
         <value>0x11c0a</value>
         <object_component_ref idref="oc-6a0"/>
      </symbol>
      <symbol id="sm-952">
         <name>_system_post_cinit</name>
         <value>0x11db0</value>
         <object_component_ref idref="oc-6db"/>
      </symbol>
      <symbol id="sm-95b">
         <name>_system_pre_init</name>
         <value>0x11dac</value>
         <object_component_ref idref="oc-687"/>
      </symbol>
      <symbol id="sm-965">
         <name>C$$EXIT</name>
         <value>0x11d94</value>
         <object_component_ref idref="oc-6af"/>
      </symbol>
      <symbol id="sm-966">
         <name>abort</name>
         <value>0x11d94</value>
         <object_component_ref idref="oc-6af"/>
      </symbol>
      <symbol id="sm-983">
         <name>copy_in</name>
         <value>0x11884</value>
         <object_component_ref idref="oc-6d5"/>
      </symbol>
      <symbol id="sm-9ad">
         <name>sinf</name>
         <value>0x11da6</value>
         <object_component_ref idref="oc-7b6"/>
      </symbol>
      <symbol id="sm-9ae">
         <name>cosf</name>
         <value>0x11d9a</value>
         <object_component_ref idref="oc-7b5"/>
      </symbol>
      <symbol id="sm-9af">
         <name>msp430_cos_sin</name>
         <value>0x10000</value>
         <object_component_ref idref="oc-805"/>
      </symbol>
      <symbol id="sm-9bd">
         <name>memcpy</name>
         <value>0x11d46</value>
         <object_component_ref idref="oc-66e"/>
      </symbol>
      <symbol id="sm-9c2">
         <name>msp430_sqrt_lookup</name>
         <value>0x4426</value>
         <object_component_ref idref="oc-855"/>
      </symbol>
      <symbol id="sm-9c3">
         <name>msp430_sin_coeffs</name>
         <value>0x4546</value>
         <object_component_ref idref="oc-84f"/>
      </symbol>
      <symbol id="sm-9c4">
         <name>msp430_cos_coeffs</name>
         <value>0x4532</value>
         <object_component_ref idref="oc-84e"/>
      </symbol>
      <symbol id="sm-9d5">
         <name>sqrtf</name>
         <value>0x10bb8</value>
         <object_component_ref idref="oc-7d3"/>
      </symbol>
      <symbol id="sm-9d9">
         <name>msp430_calc_sqrt</name>
         <value>0x111fa</value>
         <object_component_ref idref="oc-814"/>
      </symbol>
      <symbol id="sm-9de">
         <name>__TI_BINIT_Base</name>
         <value>0x0</value>
      </symbol>
      <symbol id="sm-9df">
         <name>__TI_BINIT_Limit</name>
         <value>0x0</value>
      </symbol>
      <symbol id="sm-9e0">
         <name>__TI_INITARRAY_Base</name>
         <value>0x0</value>
      </symbol>
      <symbol id="sm-9e1">
         <name>__TI_INITARRAY_Limit</name>
         <value>0x0</value>
      </symbol>
   </symbol_table>
   <title>Link successful</title>
</link_info>
