<?xml version="1.0"?>
<link_info>
   <banner>MSP430 Linker PC v16.9.3.LTS</banner>
   <copyright>Copyright (c) 2003-2017 Texas Instruments Incorporated</copyright>
   <link_time>0x59ad7c93</link_time>
   <link_errors>0x0</link_errors>
   <output_file>DSP_Math_lib - Test EXP430FR6989 - High Pass.out</output_file>
   <entry_point>
      <name>_c_int00_noargs_noexit_mpu</name>
      <address>0x4400</address>
   </entry_point>
   <input_file_list>
      <input_file id="fl-2">
         <path>.\</path>
         <kind>object</kind>
         <file>DSP_and_Math.obj</file>
         <name>DSP_and_Math.obj</name>
      </input_file>
      <input_file id="fl-3">
         <path>.\</path>
         <kind>object</kind>
         <file>embedded_printf.obj</file>
         <name>embedded_printf.obj</name>
      </input_file>
      <input_file id="fl-4">
         <path>.\</path>
         <kind>object</kind>
         <file>main.obj</file>
         <name>main.obj</name>
      </input_file>
      <input_file id="fl-5">
         <path>.\</path>
         <kind>object</kind>
         <file>serial_conf.obj</file>
         <name>serial_conf.obj</name>
      </input_file>
      <input_file id="fl-6">
         <path>.\driverlib\MSP430FR5xx_6xx\</path>
         <kind>object</kind>
         <file>adc12_b.obj</file>
         <name>adc12_b.obj</name>
      </input_file>
      <input_file id="fl-7">
         <path>.\driverlib\MSP430FR5xx_6xx\</path>
         <kind>object</kind>
         <file>aes256.obj</file>
         <name>aes256.obj</name>
      </input_file>
      <input_file id="fl-8">
         <path>.\driverlib\MSP430FR5xx_6xx\</path>
         <kind>object</kind>
         <file>comp_e.obj</file>
         <name>comp_e.obj</name>
      </input_file>
      <input_file id="fl-9">
         <path>.\driverlib\MSP430FR5xx_6xx\</path>
         <kind>object</kind>
         <file>crc.obj</file>
         <name>crc.obj</name>
      </input_file>
      <input_file id="fl-a">
         <path>.\driverlib\MSP430FR5xx_6xx\</path>
         <kind>object</kind>
         <file>crc32.obj</file>
         <name>crc32.obj</name>
      </input_file>
      <input_file id="fl-b">
         <path>.\driverlib\MSP430FR5xx_6xx\</path>
         <kind>object</kind>
         <file>cs.obj</file>
         <name>cs.obj</name>
      </input_file>
      <input_file id="fl-c">
         <path>.\driverlib\MSP430FR5xx_6xx\</path>
         <kind>object</kind>
         <file>dma.obj</file>
         <name>dma.obj</name>
      </input_file>
      <input_file id="fl-d">
         <path>.\driverlib\MSP430FR5xx_6xx\</path>
         <kind>object</kind>
         <file>esi.obj</file>
         <name>esi.obj</name>
      </input_file>
      <input_file id="fl-e">
         <path>.\driverlib\MSP430FR5xx_6xx\</path>
         <kind>object</kind>
         <file>eusci_a_spi.obj</file>
         <name>eusci_a_spi.obj</name>
      </input_file>
      <input_file id="fl-f">
         <path>.\driverlib\MSP430FR5xx_6xx\</path>
         <kind>object</kind>
         <file>eusci_a_uart.obj</file>
         <name>eusci_a_uart.obj</name>
      </input_file>
      <input_file id="fl-10">
         <path>.\driverlib\MSP430FR5xx_6xx\</path>
         <kind>object</kind>
         <file>eusci_b_i2c.obj</file>
         <name>eusci_b_i2c.obj</name>
      </input_file>
      <input_file id="fl-11">
         <path>.\driverlib\MSP430FR5xx_6xx\</path>
         <kind>object</kind>
         <file>eusci_b_spi.obj</file>
         <name>eusci_b_spi.obj</name>
      </input_file>
      <input_file id="fl-12">
         <path>.\driverlib\MSP430FR5xx_6xx\</path>
         <kind>object</kind>
         <file>framctl.obj</file>
         <name>framctl.obj</name>
      </input_file>
      <input_file id="fl-13">
         <path>.\driverlib\MSP430FR5xx_6xx\</path>
         <kind>object</kind>
         <file>framctl_a.obj</file>
         <name>framctl_a.obj</name>
      </input_file>
      <input_file id="fl-14">
         <path>.\driverlib\MSP430FR5xx_6xx\</path>
         <kind>object</kind>
         <file>gpio.obj</file>
         <name>gpio.obj</name>
      </input_file>
      <input_file id="fl-15">
         <path>.\driverlib\MSP430FR5xx_6xx\</path>
         <kind>object</kind>
         <file>lcd_c.obj</file>
         <name>lcd_c.obj</name>
      </input_file>
      <input_file id="fl-16">
         <path>.\driverlib\MSP430FR5xx_6xx\</path>
         <kind>object</kind>
         <file>mpu.obj</file>
         <name>mpu.obj</name>
      </input_file>
      <input_file id="fl-17">
         <path>.\driverlib\MSP430FR5xx_6xx\</path>
         <kind>object</kind>
         <file>mpy32.obj</file>
         <name>mpy32.obj</name>
      </input_file>
      <input_file id="fl-18">
         <path>.\driverlib\MSP430FR5xx_6xx\</path>
         <kind>object</kind>
         <file>pmm.obj</file>
         <name>pmm.obj</name>
      </input_file>
      <input_file id="fl-19">
         <path>.\driverlib\MSP430FR5xx_6xx\</path>
         <kind>object</kind>
         <file>ram.obj</file>
         <name>ram.obj</name>
      </input_file>
      <input_file id="fl-1a">
         <path>.\driverlib\MSP430FR5xx_6xx\</path>
         <kind>object</kind>
         <file>ref_a.obj</file>
         <name>ref_a.obj</name>
      </input_file>
      <input_file id="fl-1b">
         <path>.\driverlib\MSP430FR5xx_6xx\</path>
         <kind>object</kind>
         <file>rtc_b.obj</file>
         <name>rtc_b.obj</name>
      </input_file>
      <input_file id="fl-1c">
         <path>.\driverlib\MSP430FR5xx_6xx\</path>
         <kind>object</kind>
         <file>rtc_c.obj</file>
         <name>rtc_c.obj</name>
      </input_file>
      <input_file id="fl-1d">
         <path>.\driverlib\MSP430FR5xx_6xx\</path>
         <kind>object</kind>
         <file>sfr.obj</file>
         <name>sfr.obj</name>
      </input_file>
      <input_file id="fl-1e">
         <path>.\driverlib\MSP430FR5xx_6xx\</path>
         <kind>object</kind>
         <file>sysctl.obj</file>
         <name>sysctl.obj</name>
      </input_file>
      <input_file id="fl-1f">
         <path>.\driverlib\MSP430FR5xx_6xx\</path>
         <kind>object</kind>
         <file>timer_a.obj</file>
         <name>timer_a.obj</name>
      </input_file>
      <input_file id="fl-20">
         <path>.\driverlib\MSP430FR5xx_6xx\</path>
         <kind>object</kind>
         <file>timer_b.obj</file>
         <name>timer_b.obj</name>
      </input_file>
      <input_file id="fl-21">
         <path>.\driverlib\MSP430FR5xx_6xx\</path>
         <kind>object</kind>
         <file>tlv.obj</file>
         <name>tlv.obj</name>
      </input_file>
      <input_file id="fl-22">
         <path>.\driverlib\MSP430FR5xx_6xx\</path>
         <kind>object</kind>
         <file>wdt_a.obj</file>
         <name>wdt_a.obj</name>
      </input_file>
      <input_file id="fl-29">
         <kind>object</kind>
         <file>&lt;internal&gt;</file>
         <name>&lt;internal&gt;</name>
      </input_file>
      <input_file id="fl-49">
         <path>C:\ti\ccsv7\tools\compiler\ti-cgt-msp430_16.9.3.LTS\lib\</path>
         <kind>archive</kind>
         <file>rts430x_lc_rd_eabi.lib</file>
         <name>copy_decompress_lzss.obj</name>
      </input_file>
      <input_file id="fl-4a">
         <path>C:\ti\ccsv7\tools\compiler\ti-cgt-msp430_16.9.3.LTS\lib\</path>
         <kind>archive</kind>
         <file>rts430x_lc_rd_eabi.lib</file>
         <name>copy_decompress_none.obj</name>
      </input_file>
      <input_file id="fl-4b">
         <path>C:\ti\ccsv7\tools\compiler\ti-cgt-msp430_16.9.3.LTS\lib\</path>
         <kind>archive</kind>
         <file>rts430x_lc_rd_eabi.lib</file>
         <name>int27.obj</name>
      </input_file>
      <input_file id="fl-4c">
         <path>C:\ti\ccsv7\tools\compiler\ti-cgt-msp430_16.9.3.LTS\lib\</path>
         <kind>archive</kind>
         <file>rts430x_lc_rd_eabi.lib</file>
         <name>isr_trap.obj</name>
      </input_file>
      <input_file id="fl-4d">
         <path>C:\ti\ccsv7\tools\compiler\ti-cgt-msp430_16.9.3.LTS\lib\</path>
         <kind>archive</kind>
         <file>rts430x_lc_rd_eabi.lib</file>
         <name>int28.obj</name>
      </input_file>
      <input_file id="fl-4e">
         <path>C:\ti\ccsv7\tools\compiler\ti-cgt-msp430_16.9.3.LTS\lib\</path>
         <kind>archive</kind>
         <file>rts430x_lc_rd_eabi.lib</file>
         <name>int29.obj</name>
      </input_file>
      <input_file id="fl-4f">
         <path>C:\ti\ccsv7\tools\compiler\ti-cgt-msp430_16.9.3.LTS\lib\</path>
         <kind>archive</kind>
         <file>rts430x_lc_rd_eabi.lib</file>
         <name>int30.obj</name>
      </input_file>
      <input_file id="fl-50">
         <path>C:\ti\ccsv7\tools\compiler\ti-cgt-msp430_16.9.3.LTS\lib\</path>
         <kind>archive</kind>
         <file>rts430x_lc_rd_eabi.lib</file>
         <name>int31.obj</name>
      </input_file>
      <input_file id="fl-51">
         <path>C:\ti\ccsv7\tools\compiler\ti-cgt-msp430_16.9.3.LTS\lib\</path>
         <kind>archive</kind>
         <file>rts430x_lc_rd_eabi.lib</file>
         <name>int32.obj</name>
      </input_file>
      <input_file id="fl-52">
         <path>C:\ti\ccsv7\tools\compiler\ti-cgt-msp430_16.9.3.LTS\lib\</path>
         <kind>archive</kind>
         <file>rts430x_lc_rd_eabi.lib</file>
         <name>int33.obj</name>
      </input_file>
      <input_file id="fl-53">
         <path>C:\ti\ccsv7\tools\compiler\ti-cgt-msp430_16.9.3.LTS\lib\</path>
         <kind>archive</kind>
         <file>rts430x_lc_rd_eabi.lib</file>
         <name>int34.obj</name>
      </input_file>
      <input_file id="fl-54">
         <path>C:\ti\ccsv7\tools\compiler\ti-cgt-msp430_16.9.3.LTS\lib\</path>
         <kind>archive</kind>
         <file>rts430x_lc_rd_eabi.lib</file>
         <name>int35.obj</name>
      </input_file>
      <input_file id="fl-55">
         <path>C:\ti\ccsv7\tools\compiler\ti-cgt-msp430_16.9.3.LTS\lib\</path>
         <kind>archive</kind>
         <file>rts430x_lc_rd_eabi.lib</file>
         <name>int36.obj</name>
      </input_file>
      <input_file id="fl-56">
         <path>C:\ti\ccsv7\tools\compiler\ti-cgt-msp430_16.9.3.LTS\lib\</path>
         <kind>archive</kind>
         <file>rts430x_lc_rd_eabi.lib</file>
         <name>int37.obj</name>
      </input_file>
      <input_file id="fl-57">
         <path>C:\ti\ccsv7\tools\compiler\ti-cgt-msp430_16.9.3.LTS\lib\</path>
         <kind>archive</kind>
         <file>rts430x_lc_rd_eabi.lib</file>
         <name>int38.obj</name>
      </input_file>
      <input_file id="fl-58">
         <path>C:\ti\ccsv7\tools\compiler\ti-cgt-msp430_16.9.3.LTS\lib\</path>
         <kind>archive</kind>
         <file>rts430x_lc_rd_eabi.lib</file>
         <name>int39.obj</name>
      </input_file>
      <input_file id="fl-59">
         <path>C:\ti\ccsv7\tools\compiler\ti-cgt-msp430_16.9.3.LTS\lib\</path>
         <kind>archive</kind>
         <file>rts430x_lc_rd_eabi.lib</file>
         <name>int40.obj</name>
      </input_file>
      <input_file id="fl-5a">
         <path>C:\ti\ccsv7\tools\compiler\ti-cgt-msp430_16.9.3.LTS\lib\</path>
         <kind>archive</kind>
         <file>rts430x_lc_rd_eabi.lib</file>
         <name>int41.obj</name>
      </input_file>
      <input_file id="fl-5b">
         <path>C:\ti\ccsv7\tools\compiler\ti-cgt-msp430_16.9.3.LTS\lib\</path>
         <kind>archive</kind>
         <file>rts430x_lc_rd_eabi.lib</file>
         <name>int42.obj</name>
      </input_file>
      <input_file id="fl-5c">
         <path>C:\ti\ccsv7\tools\compiler\ti-cgt-msp430_16.9.3.LTS\lib\</path>
         <kind>archive</kind>
         <file>rts430x_lc_rd_eabi.lib</file>
         <name>int43.obj</name>
      </input_file>
      <input_file id="fl-5d">
         <path>C:\ti\ccsv7\tools\compiler\ti-cgt-msp430_16.9.3.LTS\lib\</path>
         <kind>archive</kind>
         <file>rts430x_lc_rd_eabi.lib</file>
         <name>int44.obj</name>
      </input_file>
      <input_file id="fl-5e">
         <path>C:\ti\ccsv7\tools\compiler\ti-cgt-msp430_16.9.3.LTS\lib\</path>
         <kind>archive</kind>
         <file>rts430x_lc_rd_eabi.lib</file>
         <name>int45.obj</name>
      </input_file>
      <input_file id="fl-5f">
         <path>C:\ti\ccsv7\tools\compiler\ti-cgt-msp430_16.9.3.LTS\lib\</path>
         <kind>archive</kind>
         <file>rts430x_lc_rd_eabi.lib</file>
         <name>int46.obj</name>
      </input_file>
      <input_file id="fl-60">
         <path>C:\ti\ccsv7\tools\compiler\ti-cgt-msp430_16.9.3.LTS\lib\</path>
         <kind>archive</kind>
         <file>rts430x_lc_rd_eabi.lib</file>
         <name>int47.obj</name>
      </input_file>
      <input_file id="fl-61">
         <path>C:\ti\ccsv7\tools\compiler\ti-cgt-msp430_16.9.3.LTS\lib\</path>
         <kind>archive</kind>
         <file>rts430x_lc_rd_eabi.lib</file>
         <name>int48.obj</name>
      </input_file>
      <input_file id="fl-62">
         <path>C:\ti\ccsv7\tools\compiler\ti-cgt-msp430_16.9.3.LTS\lib\</path>
         <kind>archive</kind>
         <file>rts430x_lc_rd_eabi.lib</file>
         <name>int49.obj</name>
      </input_file>
      <input_file id="fl-63">
         <path>C:\ti\ccsv7\tools\compiler\ti-cgt-msp430_16.9.3.LTS\lib\</path>
         <kind>archive</kind>
         <file>rts430x_lc_rd_eabi.lib</file>
         <name>int50.obj</name>
      </input_file>
      <input_file id="fl-64">
         <path>C:\ti\ccsv7\tools\compiler\ti-cgt-msp430_16.9.3.LTS\lib\</path>
         <kind>archive</kind>
         <file>rts430x_lc_rd_eabi.lib</file>
         <name>int51.obj</name>
      </input_file>
      <input_file id="fl-65">
         <path>C:\ti\ccsv7\tools\compiler\ti-cgt-msp430_16.9.3.LTS\lib\</path>
         <kind>archive</kind>
         <file>rts430x_lc_rd_eabi.lib</file>
         <name>int52.obj</name>
      </input_file>
      <input_file id="fl-66">
         <path>C:\ti\ccsv7\tools\compiler\ti-cgt-msp430_16.9.3.LTS\lib\</path>
         <kind>archive</kind>
         <file>rts430x_lc_rd_eabi.lib</file>
         <name>int53.obj</name>
      </input_file>
      <input_file id="fl-67">
         <path>C:\ti\ccsv7\tools\compiler\ti-cgt-msp430_16.9.3.LTS\lib\</path>
         <kind>archive</kind>
         <file>rts430x_lc_rd_eabi.lib</file>
         <name>int54.obj</name>
      </input_file>
      <input_file id="fl-68">
         <path>C:\ti\ccsv7\tools\compiler\ti-cgt-msp430_16.9.3.LTS\lib\</path>
         <kind>archive</kind>
         <file>rts430x_lc_rd_eabi.lib</file>
         <name>copy_zero_init.obj</name>
      </input_file>
      <input_file id="fl-69">
         <path>C:\ti\ccsv7\tools\compiler\ti-cgt-msp430_16.9.3.LTS\lib\</path>
         <kind>archive</kind>
         <file>rts430x_lc_rd_eabi.lib</file>
         <name>fs_add.obj</name>
      </input_file>
      <input_file id="fl-6a">
         <path>C:\ti\ccsv7\tools\compiler\ti-cgt-msp430_16.9.3.LTS\lib\</path>
         <kind>archive</kind>
         <file>rts430x_lc_rd_eabi.lib</file>
         <name>fs_cmp.obj</name>
      </input_file>
      <input_file id="fl-6b">
         <path>C:\ti\ccsv7\tools\compiler\ti-cgt-msp430_16.9.3.LTS\lib\</path>
         <kind>archive</kind>
         <file>rts430x_lc_rd_eabi.lib</file>
         <name>cvtdf.obj</name>
      </input_file>
      <input_file id="fl-6c">
         <path>C:\ti\ccsv7\tools\compiler\ti-cgt-msp430_16.9.3.LTS\lib\</path>
         <kind>archive</kind>
         <file>rts430x_lc_rd_eabi.lib</file>
         <name>fs_div.obj</name>
      </input_file>
      <input_file id="fl-6d">
         <path>C:\ti\ccsv7\tools\compiler\ti-cgt-msp430_16.9.3.LTS\lib\</path>
         <kind>archive</kind>
         <file>rts430x_lc_rd_eabi.lib</file>
         <name>div16s.obj</name>
      </input_file>
      <input_file id="fl-6e">
         <path>C:\ti\ccsv7\tools\compiler\ti-cgt-msp430_16.9.3.LTS\lib\</path>
         <kind>archive</kind>
         <file>rts430x_lc_rd_eabi.lib</file>
         <name>div32s.obj</name>
      </input_file>
      <input_file id="fl-6f">
         <path>C:\ti\ccsv7\tools\compiler\ti-cgt-msp430_16.9.3.LTS\lib\</path>
         <kind>archive</kind>
         <file>rts430x_lc_rd_eabi.lib</file>
         <name>div16u.obj</name>
      </input_file>
      <input_file id="fl-70">
         <path>C:\ti\ccsv7\tools\compiler\ti-cgt-msp430_16.9.3.LTS\lib\</path>
         <kind>archive</kind>
         <file>rts430x_lc_rd_eabi.lib</file>
         <name>div32u.obj</name>
      </input_file>
      <input_file id="fl-71">
         <path>C:\ti\ccsv7\tools\compiler\ti-cgt-msp430_16.9.3.LTS\lib\</path>
         <kind>archive</kind>
         <file>rts430x_lc_rd_eabi.lib</file>
         <name>fixdli.obj</name>
      </input_file>
      <input_file id="fl-72">
         <path>C:\ti\ccsv7\tools\compiler\ti-cgt-msp430_16.9.3.LTS\lib\</path>
         <kind>archive</kind>
         <file>rts430x_lc_rd_eabi.lib</file>
         <name>fixdlli.obj</name>
      </input_file>
      <input_file id="fl-73">
         <path>C:\ti\ccsv7\tools\compiler\ti-cgt-msp430_16.9.3.LTS\lib\</path>
         <kind>archive</kind>
         <file>rts430x_lc_rd_eabi.lib</file>
         <name>fs_tol.obj</name>
      </input_file>
      <input_file id="fl-74">
         <path>C:\ti\ccsv7\tools\compiler\ti-cgt-msp430_16.9.3.LTS\lib\</path>
         <kind>archive</kind>
         <file>rts430x_lc_rd_eabi.lib</file>
         <name>fs_toul.obj</name>
      </input_file>
      <input_file id="fl-75">
         <path>C:\ti\ccsv7\tools\compiler\ti-cgt-msp430_16.9.3.LTS\lib\</path>
         <kind>archive</kind>
         <file>rts430x_lc_rd_eabi.lib</file>
         <name>fltlid.obj</name>
      </input_file>
      <input_file id="fl-76">
         <path>C:\ti\ccsv7\tools\compiler\ti-cgt-msp430_16.9.3.LTS\lib\</path>
         <kind>archive</kind>
         <file>rts430x_lc_rd_eabi.lib</file>
         <name>fs_ltof.obj</name>
      </input_file>
      <input_file id="fl-77">
         <path>C:\ti\ccsv7\tools\compiler\ti-cgt-msp430_16.9.3.LTS\lib\</path>
         <kind>archive</kind>
         <file>rts430x_lc_rd_eabi.lib</file>
         <name>fltllid.obj</name>
      </input_file>
      <input_file id="fl-78">
         <path>C:\ti\ccsv7\tools\compiler\ti-cgt-msp430_16.9.3.LTS\lib\</path>
         <kind>archive</kind>
         <file>rts430x_lc_rd_eabi.lib</file>
         <name>fs_utof.obj</name>
      </input_file>
      <input_file id="fl-79">
         <path>C:\ti\ccsv7\tools\compiler\ti-cgt-msp430_16.9.3.LTS\lib\</path>
         <kind>archive</kind>
         <file>rts430x_lc_rd_eabi.lib</file>
         <name>fs_ultof.obj</name>
      </input_file>
      <input_file id="fl-7a">
         <path>C:\ti\ccsv7\tools\compiler\ti-cgt-msp430_16.9.3.LTS\lib\</path>
         <kind>archive</kind>
         <file>rts430x_lc_rd_eabi.lib</file>
         <name>mpyd.obj</name>
      </input_file>
      <input_file id="fl-7b">
         <path>C:\ti\ccsv7\tools\compiler\ti-cgt-msp430_16.9.3.LTS\lib\</path>
         <kind>archive</kind>
         <file>rts430x_lc_rd_eabi.lib</file>
         <name>frcmpyd.obj</name>
      </input_file>
      <input_file id="fl-7c">
         <path>C:\ti\ccsv7\tools\compiler\ti-cgt-msp430_16.9.3.LTS\lib\</path>
         <kind>archive</kind>
         <file>rts430x_lc_rd_eabi.lib</file>
         <name>fs_mpy.obj</name>
      </input_file>
      <input_file id="fl-7d">
         <path>C:\ti\ccsv7\tools\compiler\ti-cgt-msp430_16.9.3.LTS\lib\</path>
         <kind>archive</kind>
         <file>rts430x_lc_rd_eabi.lib</file>
         <name>mult16.obj</name>
      </input_file>
      <input_file id="fl-7e">
         <path>C:\ti\ccsv7\tools\compiler\ti-cgt-msp430_16.9.3.LTS\lib\</path>
         <kind>archive</kind>
         <file>rts430x_lc_rd_eabi.lib</file>
         <name>mult16_f5hw.obj</name>
      </input_file>
      <input_file id="fl-7f">
         <path>C:\ti\ccsv7\tools\compiler\ti-cgt-msp430_16.9.3.LTS\lib\</path>
         <kind>archive</kind>
         <file>rts430x_lc_rd_eabi.lib</file>
         <name>mult32.obj</name>
      </input_file>
      <input_file id="fl-80">
         <path>C:\ti\ccsv7\tools\compiler\ti-cgt-msp430_16.9.3.LTS\lib\</path>
         <kind>archive</kind>
         <file>rts430x_lc_rd_eabi.lib</file>
         <name>mult32_f5hw.obj</name>
      </input_file>
      <input_file id="fl-81">
         <path>C:\ti\ccsv7\tools\compiler\ti-cgt-msp430_16.9.3.LTS\lib\</path>
         <kind>archive</kind>
         <file>rts430x_lc_rd_eabi.lib</file>
         <name>mult64.obj</name>
      </input_file>
      <input_file id="fl-82">
         <path>C:\ti\ccsv7\tools\compiler\ti-cgt-msp430_16.9.3.LTS\lib\</path>
         <kind>archive</kind>
         <file>rts430x_lc_rd_eabi.lib</file>
         <name>mult64_f5hw.obj</name>
      </input_file>
      <input_file id="fl-83">
         <path>C:\ti\ccsv7\tools\compiler\ti-cgt-msp430_16.9.3.LTS\lib\</path>
         <kind>archive</kind>
         <file>rts430x_lc_rd_eabi.lib</file>
         <name>mult1632_f5hw.obj</name>
      </input_file>
      <input_file id="fl-84">
         <path>C:\ti\ccsv7\tools\compiler\ti-cgt-msp430_16.9.3.LTS\lib\</path>
         <kind>archive</kind>
         <file>rts430x_lc_rd_eabi.lib</file>
         <name>mult3264.obj</name>
      </input_file>
      <input_file id="fl-85">
         <path>C:\ti\ccsv7\tools\compiler\ti-cgt-msp430_16.9.3.LTS\lib\</path>
         <kind>archive</kind>
         <file>rts430x_lc_rd_eabi.lib</file>
         <name>mult3264_f5hw.obj</name>
      </input_file>
      <input_file id="fl-86">
         <path>C:\ti\ccsv7\tools\compiler\ti-cgt-msp430_16.9.3.LTS\lib\</path>
         <kind>archive</kind>
         <file>rts430x_lc_rd_eabi.lib</file>
         <name>mult1632.obj</name>
      </input_file>
      <input_file id="fl-87">
         <path>C:\ti\ccsv7\tools\compiler\ti-cgt-msp430_16.9.3.LTS\lib\</path>
         <kind>archive</kind>
         <file>rts430x_lc_rd_eabi.lib</file>
         <name>fs_neg.obj</name>
      </input_file>
      <input_file id="fl-88">
         <path>C:\ti\ccsv7\tools\compiler\ti-cgt-msp430_16.9.3.LTS\lib\</path>
         <kind>archive</kind>
         <file>rts430x_lc_rd_eabi.lib</file>
         <name>lsl16.obj</name>
      </input_file>
      <input_file id="fl-89">
         <path>C:\ti\ccsv7\tools\compiler\ti-cgt-msp430_16.9.3.LTS\lib\</path>
         <kind>archive</kind>
         <file>rts430x_lc_rd_eabi.lib</file>
         <name>lsl32.obj</name>
      </input_file>
      <input_file id="fl-8a">
         <path>C:\ti\ccsv7\tools\compiler\ti-cgt-msp430_16.9.3.LTS\lib\</path>
         <kind>archive</kind>
         <file>rts430x_lc_rd_eabi.lib</file>
         <name>lsl64.obj</name>
      </input_file>
      <input_file id="fl-8b">
         <path>C:\ti\ccsv7\tools\compiler\ti-cgt-msp430_16.9.3.LTS\lib\</path>
         <kind>archive</kind>
         <file>rts430x_lc_rd_eabi.lib</file>
         <name>asr16.obj</name>
      </input_file>
      <input_file id="fl-8c">
         <path>C:\ti\ccsv7\tools\compiler\ti-cgt-msp430_16.9.3.LTS\lib\</path>
         <kind>archive</kind>
         <file>rts430x_lc_rd_eabi.lib</file>
         <name>asr32.obj</name>
      </input_file>
      <input_file id="fl-8d">
         <path>C:\ti\ccsv7\tools\compiler\ti-cgt-msp430_16.9.3.LTS\lib\</path>
         <kind>archive</kind>
         <file>rts430x_lc_rd_eabi.lib</file>
         <name>asr64.obj</name>
      </input_file>
      <input_file id="fl-8e">
         <path>C:\ti\ccsv7\tools\compiler\ti-cgt-msp430_16.9.3.LTS\lib\</path>
         <kind>archive</kind>
         <file>rts430x_lc_rd_eabi.lib</file>
         <name>lsr16.obj</name>
      </input_file>
      <input_file id="fl-8f">
         <path>C:\ti\ccsv7\tools\compiler\ti-cgt-msp430_16.9.3.LTS\lib\</path>
         <kind>archive</kind>
         <file>rts430x_lc_rd_eabi.lib</file>
         <name>lsr32.obj</name>
      </input_file>
      <input_file id="fl-90">
         <path>C:\ti\ccsv7\tools\compiler\ti-cgt-msp430_16.9.3.LTS\lib\</path>
         <kind>archive</kind>
         <file>rts430x_lc_rd_eabi.lib</file>
         <name>lsr64.obj</name>
      </input_file>
      <input_file id="fl-91">
         <path>C:\ti\ccsv7\tools\compiler\ti-cgt-msp430_16.9.3.LTS\lib\</path>
         <kind>archive</kind>
         <file>rts430x_lc_rd_eabi.lib</file>
         <name>boot.obj</name>
      </input_file>
      <input_file id="fl-92">
         <path>C:\ti\ccsv7\tools\compiler\ti-cgt-msp430_16.9.3.LTS\lib\</path>
         <kind>archive</kind>
         <file>rts430x_lc_rd_eabi.lib</file>
         <name>args_main.obj</name>
      </input_file>
      <input_file id="fl-93">
         <path>C:\ti\ccsv7\tools\compiler\ti-cgt-msp430_16.9.3.LTS\lib\</path>
         <kind>archive</kind>
         <file>rts430x_lc_rd_eabi.lib</file>
         <name>autoinit_wdt.obj</name>
      </input_file>
      <input_file id="fl-94">
         <path>C:\ti\ccsv7\tools\compiler\ti-cgt-msp430_16.9.3.LTS\lib\</path>
         <kind>archive</kind>
         <file>rts430x_lc_rd_eabi.lib</file>
         <name>boot_special.obj</name>
      </input_file>
      <input_file id="fl-95">
         <path>C:\ti\ccsv7\ccs_base\msp430\lib\FR59xx\</path>
         <kind>archive</kind>
         <file>MSPMPU_INIT_LIB_CCS_msp430_large_code_restricted_data.lib</file>
         <name>mpu_init.o</name>
      </input_file>
      <input_file id="fl-96">
         <path>C:\ti\ccsv7\tools\compiler\ti-cgt-msp430_16.9.3.LTS\lib\</path>
         <kind>archive</kind>
         <file>rts430x_lc_rd_eabi.lib</file>
         <name>startup.obj</name>
      </input_file>
      <input_file id="fl-97">
         <path>C:\ti\ccsv7\tools\compiler\ti-cgt-msp430_16.9.3.LTS\lib\</path>
         <kind>archive</kind>
         <file>rts430x_lc_rd_eabi.lib</file>
         <name>pre_init.obj</name>
      </input_file>
      <input_file id="fl-98">
         <path>C:\ti\ccsv7\tools\compiler\ti-cgt-msp430_16.9.3.LTS\lib\</path>
         <kind>archive</kind>
         <file>rts430x_lc_rd_eabi.lib</file>
         <name>exit.obj</name>
      </input_file>
      <input_file id="fl-99">
         <path>C:\ti\ccsv7\tools\compiler\ti-cgt-msp430_16.9.3.LTS\lib\</path>
         <kind>archive</kind>
         <file>rts430x_lc_rd_eabi.lib</file>
         <name>exit_gvars.obj</name>
      </input_file>
      <input_file id="fl-9a">
         <path>C:\ti\ccsv7\tools\compiler\ti-cgt-msp430_16.9.3.LTS\lib\</path>
         <kind>archive</kind>
         <file>rts430x_lc_rd_eabi.lib</file>
         <name>_lock.obj</name>
      </input_file>
      <input_file id="fl-9b">
         <path>C:\ti\ccsv7\tools\compiler\ti-cgt-msp430_16.9.3.LTS\lib\</path>
         <kind>archive</kind>
         <file>rts430x_lc_rd_eabi.lib</file>
         <name>cpy_tbl.obj</name>
      </input_file>
      <input_file id="fl-9c">
         <path>C:\ti\ccsv7\tools\compiler\ti-cgt-msp430_16.9.3.LTS\lib\</path>
         <kind>archive</kind>
         <file>rts430x_lc_rd_eabi.lib</file>
         <name>memcpy.obj</name>
      </input_file>
      <input_file id="fl-9d">
         <path>C:\ti\ccsv7\ccs_base\msp430\lib\5xx_6xx_FRxx\</path>
         <kind>archive</kind>
         <file>MSPMATHLIB_CCS_msp430_5xx_6xx_FRxx_large_code_restricted_data.lib</file>
         <name>msp430_cos_sin.o</name>
      </input_file>
      <input_file id="fl-9e">
         <path>C:\ti\ccsv7\ccs_base\msp430\lib\5xx_6xx_FRxx\</path>
         <kind>archive</kind>
         <file>MSPMATHLIB_CCS_msp430_5xx_6xx_FRxx_large_code_restricted_data.lib</file>
         <name>msp430_tables.o</name>
      </input_file>
      <input_file id="fl-9f">
         <path>C:\ti\ccsv7\ccs_base\msp430\lib\5xx_6xx_FRxx\</path>
         <kind>archive</kind>
         <file>MSPMATHLIB_CCS_msp430_5xx_6xx_FRxx_large_code_restricted_data.lib</file>
         <name>msp430_sqrt.o</name>
      </input_file>
      <input_file id="fl-a0">
         <path>C:\ti\ccsv7\ccs_base\msp430\lib\5xx_6xx_FRxx\</path>
         <kind>archive</kind>
         <file>MSPMATHLIB_CCS_msp430_5xx_6xx_FRxx_large_code_restricted_data.lib</file>
         <name>msp430_common.o</name>
      </input_file>
   </input_file_list>
   <object_component_list>
      <object_component id="oc-8f9">
         <name>__TI_handler_table</name>
         <load_address>0x444a</load_address>
         <run_address>0x444a</run_address>
         <size>0xc</size>
      </object_component>
      <object_component id="oc-8fc">
         <name>.cinit..data.load</name>
         <load_address>0x4456</load_address>
         <run_address>0x4456</run_address>
         <size>0x7</size>
      </object_component>
      <object_component id="oc-8fb">
         <name>.cinit..bss.load</name>
         <load_address>0x445e</load_address>
         <run_address>0x445e</run_address>
         <size>0x6</size>
      </object_component>
      <object_component id="oc-8fa">
         <name>__TI_cinit_table</name>
         <load_address>0x4464</load_address>
         <run_address>0x4464</run_address>
         <size>0x10</size>
      </object_component>
      <object_component id="oc-891">
         <name>.binit</name>
         <load_address>0x4400</load_address>
         <run_address>0x4400</run_address>
         <size>0x0</size>
      </object_component>
      <object_component id="oc-83d">
         <name>.const:msp430_cos_coeffs</name>
         <load_address>0x4426</load_address>
         <run_address>0x4426</run_address>
         <size>0x14</size>
         <input_file_ref idref="fl-9e"/>
      </object_component>
      <object_component id="oc-83e">
         <name>.const:msp430_sin_coeffs</name>
         <load_address>0x443a</load_address>
         <run_address>0x443a</run_address>
         <size>0x10</size>
         <input_file_ref idref="fl-9e"/>
      </object_component>
      <object_component id="oc-c6">
         <name>.text:_isr:_c_int00_noargs_noexit_mpu</name>
         <load_address>0x4400</load_address>
         <run_address>0x4400</run_address>
         <size>0x1e</size>
         <input_file_ref idref="fl-94"/>
      </object_component>
      <object_component id="oc-67b">
         <name>.text:_isr:__TI_ISR_TRAP</name>
         <load_address>0x441e</load_address>
         <run_address>0x441e</run_address>
         <size>0x8</size>
         <input_file_ref idref="fl-4c"/>
      </object_component>
      <object_component id="oc-7ce">
         <name>.text:msp430_cos_sin</name>
         <load_address>0x10000</load_address>
         <run_address>0x10000</run_address>
         <size>0x416</size>
         <input_file_ref idref="fl-9d"/>
      </object_component>
      <object_component id="oc-82f">
         <name>.text:__TI_frcmpyd</name>
         <load_address>0x10416</load_address>
         <run_address>0x10416</run_address>
         <size>0x286</size>
         <input_file_ref idref="fl-7b"/>
      </object_component>
      <object_component id="oc-7bf">
         <name>.text:__mspabi_mpyd</name>
         <load_address>0x1069c</load_address>
         <run_address>0x1069c</run_address>
         <size>0x282</size>
         <input_file_ref idref="fl-7a"/>
      </object_component>
      <object_component id="oc-7d2">
         <name>.text:embedded_ftoa</name>
         <load_address>0x1091e</load_address>
         <run_address>0x1091e</run_address>
         <size>0x280</size>
         <input_file_ref idref="fl-3"/>
      </object_component>
      <object_component id="oc-6a7">
         <name>.text:main</name>
         <load_address>0x10b9e</load_address>
         <run_address>0x10b9e</run_address>
         <size>0x236</size>
         <input_file_ref idref="fl-4"/>
      </object_component>
      <object_component id="oc-72e">
         <name>.text</name>
         <load_address>0x10dd4</load_address>
         <run_address>0x10dd4</run_address>
         <size>0x132</size>
         <input_file_ref idref="fl-69"/>
      </object_component>
      <object_component id="oc-7f3">
         <name>.text:embedded_ltoa</name>
         <load_address>0x10f06</load_address>
         <run_address>0x10f06</run_address>
         <size>0x124</size>
         <input_file_ref idref="fl-3"/>
      </object_component>
      <object_component id="oc-71f">
         <name>.text:iir_SinglePoleHighPass_FixedExtended_Init</name>
         <load_address>0x1102a</load_address>
         <run_address>0x1102a</run_address>
         <size>0xb8</size>
         <input_file_ref idref="fl-2"/>
      </object_component>
      <object_component id="oc-729">
         <name>.text</name>
         <load_address>0x110e2</load_address>
         <run_address>0x110e2</run_address>
         <size>0xb8</size>
         <input_file_ref idref="fl-7c"/>
      </object_component>
      <object_component id="oc-758">
         <name>.text:iir_SinglePoleHighPass_FixedExtended</name>
         <load_address>0x1119a</load_address>
         <run_address>0x1119a</run_address>
         <size>0xaa</size>
         <input_file_ref idref="fl-2"/>
      </object_component>
      <object_component id="oc-7b9">
         <name>.text:__mspabi_fltlid</name>
         <load_address>0x11244</load_address>
         <run_address>0x11244</run_address>
         <size>0x9e</size>
         <input_file_ref idref="fl-75"/>
      </object_component>
      <object_component id="oc-849">
         <name>.text</name>
         <load_address>0x112e2</load_address>
         <run_address>0x112e2</run_address>
         <size>0x90</size>
         <input_file_ref idref="fl-6c"/>
      </object_component>
      <object_component id="oc-68d">
         <name>.text:_auto_init_hold_wdt</name>
         <load_address>0x11372</load_address>
         <run_address>0x11372</run_address>
         <size>0x82</size>
         <input_file_ref idref="fl-93"/>
      </object_component>
      <object_component id="oc-734">
         <name>.text</name>
         <load_address>0x113f4</load_address>
         <run_address>0x113f4</run_address>
         <size>0x7e</size>
         <input_file_ref idref="fl-73"/>
      </object_component>
      <object_component id="oc-718">
         <name>.text:iir_SinglePoleHighPass_Fixed_Init</name>
         <load_address>0x11472</load_address>
         <run_address>0x11472</run_address>
         <size>0x7c</size>
         <input_file_ref idref="fl-2"/>
      </object_component>
      <object_component id="oc-7a">
         <name>.text:decompress:lzss:__TI_decompress_lzss</name>
         <load_address>0x114ee</load_address>
         <run_address>0x114ee</run_address>
         <size>0x78</size>
         <input_file_ref idref="fl-49"/>
      </object_component>
      <object_component id="oc-7d8">
         <name>.text:embedded_prints</name>
         <load_address>0x11566</load_address>
         <run_address>0x11566</run_address>
         <size>0x72</size>
         <input_file_ref idref="fl-3"/>
      </object_component>
      <object_component id="oc-74c">
         <name>.text:iir_SinglePoleHighPass_Fixed</name>
         <load_address>0x115d8</load_address>
         <run_address>0x115d8</run_address>
         <size>0x70</size>
         <input_file_ref idref="fl-2"/>
      </object_component>
      <object_component id="oc-7c5">
         <name>.text:__mspabi_fixdli</name>
         <load_address>0x11648</load_address>
         <run_address>0x11648</run_address>
         <size>0x66</size>
         <input_file_ref idref="fl-71"/>
      </object_component>
      <object_component id="oc-6d5">
         <name>.text:copy_in</name>
         <load_address>0x116ae</load_address>
         <run_address>0x116ae</run_address>
         <size>0x66</size>
         <input_file_ref idref="fl-9b"/>
      </object_component>
      <object_component id="oc-746">
         <name>.text:iir_SinglePoleHighPass_Float</name>
         <load_address>0x11714</load_address>
         <run_address>0x11714</run_address>
         <size>0x5a</size>
         <input_file_ref idref="fl-2"/>
      </object_component>
      <object_component id="oc-85d">
         <name>.text</name>
         <load_address>0x1176e</load_address>
         <run_address>0x1176e</run_address>
         <size>0x58</size>
         <input_file_ref idref="fl-70"/>
      </object_component>
      <object_component id="oc-853">
         <name>.text</name>
         <load_address>0x117c6</load_address>
         <run_address>0x117c6</run_address>
         <size>0x4c</size>
         <input_file_ref idref="fl-74"/>
      </object_component>
      <object_component id="oc-83f">
         <name>.text</name>
         <load_address>0x11812</load_address>
         <run_address>0x11812</run_address>
         <size>0x4a</size>
         <input_file_ref idref="fl-6a"/>
      </object_component>
      <object_component id="oc-84e">
         <name>.text</name>
         <load_address>0x1185c</load_address>
         <run_address>0x1185c</run_address>
         <size>0x4a</size>
         <input_file_ref idref="fl-76"/>
      </object_component>
      <object_component id="oc-805">
         <name>.text:__mspabi_srall</name>
         <load_address>0x118a6</load_address>
         <run_address>0x118a6</run_address>
         <size>0x40</size>
         <input_file_ref idref="fl-8d"/>
      </object_component>
      <object_component id="oc-862">
         <name>.text</name>
         <load_address>0x118e6</load_address>
         <run_address>0x118e6</run_address>
         <size>0x40</size>
         <input_file_ref idref="fl-6e"/>
      </object_component>
      <object_component id="oc-876">
         <name>.text:l_asr_const</name>
         <load_address>0x11926</load_address>
         <run_address>0x11926</run_address>
         <size>0x3e</size>
         <input_file_ref idref="fl-8c"/>
      </object_component>
      <object_component id="oc-81e">
         <name>.text:l_lsl_const</name>
         <load_address>0x11964</load_address>
         <run_address>0x11964</run_address>
         <size>0x3e</size>
         <input_file_ref idref="fl-89"/>
      </object_component>
      <object_component id="oc-823">
         <name>.text:l_lsr_const</name>
         <load_address>0x119a2</load_address>
         <run_address>0x119a2</run_address>
         <size>0x3e</size>
         <input_file_ref idref="fl-8f"/>
      </object_component>
      <object_component id="oc-752">
         <name>.text:print_long</name>
         <load_address>0x119e0</load_address>
         <run_address>0x119e0</run_address>
         <size>0x3e</size>
         <input_file_ref idref="fl-3"/>
      </object_component>
      <object_component id="oc-711">
         <name>.text:iir_SinglePoleHighPass_Float_Init</name>
         <load_address>0x11a1e</load_address>
         <run_address>0x11a1e</run_address>
         <size>0x3c</size>
         <input_file_ref idref="fl-2"/>
      </object_component>
      <object_component id="oc-7fa">
         <name>.text:__mspabi_sllll</name>
         <load_address>0x11a5a</load_address>
         <run_address>0x11a5a</run_address>
         <size>0x3a</size>
         <input_file_ref idref="fl-8a"/>
      </object_component>
      <object_component id="oc-6a0">
         <name>.text:__mpu_init</name>
         <load_address>0x11a94</load_address>
         <run_address>0x11a94</run_address>
         <size>0x2c</size>
         <input_file_ref idref="fl-95"/>
      </object_component>
      <object_component id="oc-800">
         <name>.text:__mpysll</name>
         <load_address>0x11ac0</load_address>
         <run_address>0x11ac0</run_address>
         <size>0x2c</size>
         <input_file_ref idref="fl-85"/>
      </object_component>
      <object_component id="oc-858">
         <name>.text</name>
         <load_address>0x11aec</load_address>
         <run_address>0x11aec</run_address>
         <size>0x2c</size>
         <input_file_ref idref="fl-6d"/>
      </object_component>
      <object_component id="oc-739">
         <name>.text:print_float</name>
         <load_address>0x11b18</load_address>
         <run_address>0x11b18</run_address>
         <size>0x28</size>
         <input_file_ref idref="fl-3"/>
      </object_component>
      <object_component id="oc-708">
         <name>.text:serial_configure</name>
         <load_address>0x11b40</load_address>
         <run_address>0x11b40</run_address>
         <size>0x26</size>
         <input_file_ref idref="fl-5"/>
      </object_component>
      <object_component id="oc-a2">
         <name>.text:decompress:ZI:__TI_zero_init</name>
         <load_address>0x11b66</load_address>
         <run_address>0x11b66</run_address>
         <size>0x24</size>
         <input_file_ref idref="fl-68"/>
      </object_component>
      <object_component id="oc-7ae">
         <name>.text</name>
         <load_address>0x11b8a</load_address>
         <run_address>0x11b8a</run_address>
         <size>0x24</size>
         <input_file_ref idref="fl-78"/>
      </object_component>
      <object_component id="oc-7e8">
         <name>.text</name>
         <load_address>0x11bae</load_address>
         <run_address>0x11bae</run_address>
         <size>0x24</size>
         <input_file_ref idref="fl-80"/>
      </object_component>
      <object_component id="oc-6fc">
         <name>.text:WDT_A_hold</name>
         <load_address>0x11bd2</load_address>
         <run_address>0x11bd2</run_address>
         <size>0x20</size>
         <input_file_ref idref="fl-22"/>
      </object_component>
      <object_component id="oc-764">
         <name>.text</name>
         <load_address>0x11bf2</load_address>
         <run_address>0x11bf2</run_address>
         <size>0x18</size>
         <input_file_ref idref="fl-7e"/>
      </object_component>
      <object_component id="oc-885">
         <name>.text</name>
         <load_address>0x11c0a</load_address>
         <run_address>0x11c0a</run_address>
         <size>0x16</size>
         <input_file_ref idref="fl-6f"/>
      </object_component>
      <object_component id="oc-66e">
         <name>.text:memcpy</name>
         <load_address>0x11c20</load_address>
         <run_address>0x11c20</run_address>
         <size>0x14</size>
         <input_file_ref idref="fl-9c"/>
      </object_component>
      <object_component id="oc-80">
         <name>.text:decompress:none:__TI_decompress_none</name>
         <load_address>0x11c34</load_address>
         <run_address>0x11c34</run_address>
         <size>0x12</size>
         <input_file_ref idref="fl-4a"/>
      </object_component>
      <object_component id="oc-7ed">
         <name>.text:l_asr</name>
         <load_address>0x11c46</load_address>
         <run_address>0x11c46</run_address>
         <size>0x10</size>
         <input_file_ref idref="fl-8c"/>
      </object_component>
      <object_component id="oc-7b4">
         <name>.text:l_lsl</name>
         <load_address>0x11c56</load_address>
         <run_address>0x11c56</run_address>
         <size>0x10</size>
         <input_file_ref idref="fl-89"/>
      </object_component>
      <object_component id="oc-837">
         <name>.text:l_lsr</name>
         <load_address>0x11c66</load_address>
         <run_address>0x11c66</run_address>
         <size>0x10</size>
         <input_file_ref idref="fl-8f"/>
      </object_component>
      <object_component id="oc-7e0">
         <name>.text:serial_sendbyte</name>
         <load_address>0x11c76</load_address>
         <run_address>0x11c76</run_address>
         <size>0xe</size>
         <input_file_ref idref="fl-5"/>
      </object_component>
      <object_component id="oc-844">
         <name>.text</name>
         <load_address>0x11c84</load_address>
         <run_address>0x11c84</run_address>
         <size>0xa</size>
         <input_file_ref idref="fl-87"/>
      </object_component>
      <object_component id="oc-7a9">
         <name>.text</name>
         <load_address>0x11c8e</load_address>
         <run_address>0x11c8e</run_address>
         <size>0xa</size>
         <input_file_ref idref="fl-88"/>
      </object_component>
      <object_component id="oc-702">
         <name>.text:PMM_unlockLPM5</name>
         <load_address>0x11c98</load_address>
         <run_address>0x11c98</run_address>
         <size>0x6</size>
         <input_file_ref idref="fl-18"/>
      </object_component>
      <object_component id="oc-6af">
         <name>.text:abort</name>
         <load_address>0x11c9e</load_address>
         <run_address>0x11c9e</run_address>
         <size>0x6</size>
         <input_file_ref idref="fl-98"/>
      </object_component>
      <object_component id="oc-740">
         <name>.text:putChar</name>
         <load_address>0x11ca4</load_address>
         <run_address>0x11ca4</run_address>
         <size>0x6</size>
         <input_file_ref idref="fl-3"/>
      </object_component>
      <object_component id="oc-728">
         <name>.text:sinf</name>
         <load_address>0x11caa</load_address>
         <run_address>0x11caa</run_address>
         <size>0x6</size>
         <input_file_ref idref="fl-9d"/>
      </object_component>
      <object_component id="oc-687">
         <name>.text:_system_pre_init</name>
         <load_address>0x11cb0</load_address>
         <run_address>0x11cb0</run_address>
         <size>0x4</size>
         <input_file_ref idref="fl-97"/>
      </object_component>
      <object_component id="oc-6db">
         <name>.text:_system_post_cinit</name>
         <load_address>0x11cb4</load_address>
         <run_address>0x11cb4</run_address>
         <size>0x2</size>
         <input_file_ref idref="fl-96"/>
      </object_component>
      <object_component id="oc-733">
         <name>.common:array_sample_original</name>
         <uninitialized>true</uninitialized>
         <run_address>0x1d00</run_address>
         <size>0x100</size>
      </object_component>
      <object_component id="oc-73f">
         <name>.common:array_sample_no_dc</name>
         <uninitialized>true</uninitialized>
         <run_address>0x1c00</run_address>
         <size>0x100</size>
      </object_component>
      <object_component id="oc-70e">
         <name>.common:voltage_dcFilter_float</name>
         <uninitialized>true</uninitialized>
         <run_address>0x1e40</run_address>
         <size>0x10</size>
      </object_component>
      <object_component id="oc-717">
         <name>.common:voltage_dcFilter_fixed_01</name>
         <uninitialized>true</uninitialized>
         <run_address>0x1e26</run_address>
         <size>0x1a</size>
      </object_component>
      <object_component id="oc-71e">
         <name>.common:voltage_dcFilter_fixed_extended</name>
         <uninitialized>true</uninitialized>
         <run_address>0x1e00</run_address>
         <size>0x26</size>
      </object_component>
      <object_component id="oc-725">
         <name>.data</name>
         <load_address>0x1e50</load_address>
         <run_address>0x1e50</run_address>
         <size>0xc</size>
         <input_file_ref idref="fl-4"/>
      </object_component>
      <object_component id="oc-65f">
         <name>.stack</name>
         <uninitialized>true</uninitialized>
         <run_address>0x2360</run_address>
         <size>0x4</size>
         <input_file_ref idref="fl-91"/>
      </object_component>
      <object_component id="oc-8fd">
         <name>.stack</name>
         <uninitialized>true</uninitialized>
         <run_address>0x2360</run_address>
         <size>0x0</size>
      </object_component>
      <object_component id="oc-86">
         <name>.int27</name>
         <load_address>0xffc6</load_address>
         <run_address>0xffc6</run_address>
         <size>0x2</size>
         <input_file_ref idref="fl-4b"/>
      </object_component>
      <object_component id="oc-87">
         <name>.int28</name>
         <load_address>0xffc8</load_address>
         <run_address>0xffc8</run_address>
         <size>0x2</size>
         <input_file_ref idref="fl-4d"/>
      </object_component>
      <object_component id="oc-88">
         <name>.int29</name>
         <load_address>0xffca</load_address>
         <run_address>0xffca</run_address>
         <size>0x2</size>
         <input_file_ref idref="fl-4e"/>
      </object_component>
      <object_component id="oc-89">
         <name>.int30</name>
         <load_address>0xffcc</load_address>
         <run_address>0xffcc</run_address>
         <size>0x2</size>
         <input_file_ref idref="fl-4f"/>
      </object_component>
      <object_component id="oc-8a">
         <name>.int31</name>
         <load_address>0xffce</load_address>
         <run_address>0xffce</run_address>
         <size>0x2</size>
         <input_file_ref idref="fl-50"/>
      </object_component>
      <object_component id="oc-8b">
         <name>.int32</name>
         <load_address>0xffd0</load_address>
         <run_address>0xffd0</run_address>
         <size>0x2</size>
         <input_file_ref idref="fl-51"/>
      </object_component>
      <object_component id="oc-8c">
         <name>.int33</name>
         <load_address>0xffd2</load_address>
         <run_address>0xffd2</run_address>
         <size>0x2</size>
         <input_file_ref idref="fl-52"/>
      </object_component>
      <object_component id="oc-8d">
         <name>.int34</name>
         <load_address>0xffd4</load_address>
         <run_address>0xffd4</run_address>
         <size>0x2</size>
         <input_file_ref idref="fl-53"/>
      </object_component>
      <object_component id="oc-8e">
         <name>.int35</name>
         <load_address>0xffd6</load_address>
         <run_address>0xffd6</run_address>
         <size>0x2</size>
         <input_file_ref idref="fl-54"/>
      </object_component>
      <object_component id="oc-8f">
         <name>.int36</name>
         <load_address>0xffd8</load_address>
         <run_address>0xffd8</run_address>
         <size>0x2</size>
         <input_file_ref idref="fl-55"/>
      </object_component>
      <object_component id="oc-90">
         <name>.int37</name>
         <load_address>0xffda</load_address>
         <run_address>0xffda</run_address>
         <size>0x2</size>
         <input_file_ref idref="fl-56"/>
      </object_component>
      <object_component id="oc-91">
         <name>.int38</name>
         <load_address>0xffdc</load_address>
         <run_address>0xffdc</run_address>
         <size>0x2</size>
         <input_file_ref idref="fl-57"/>
      </object_component>
      <object_component id="oc-92">
         <name>.int39</name>
         <load_address>0xffde</load_address>
         <run_address>0xffde</run_address>
         <size>0x2</size>
         <input_file_ref idref="fl-58"/>
      </object_component>
      <object_component id="oc-93">
         <name>.int40</name>
         <load_address>0xffe0</load_address>
         <run_address>0xffe0</run_address>
         <size>0x2</size>
         <input_file_ref idref="fl-59"/>
      </object_component>
      <object_component id="oc-94">
         <name>.int41</name>
         <load_address>0xffe2</load_address>
         <run_address>0xffe2</run_address>
         <size>0x2</size>
         <input_file_ref idref="fl-5a"/>
      </object_component>
      <object_component id="oc-95">
         <name>.int42</name>
         <load_address>0xffe4</load_address>
         <run_address>0xffe4</run_address>
         <size>0x2</size>
         <input_file_ref idref="fl-5b"/>
      </object_component>
      <object_component id="oc-96">
         <name>.int43</name>
         <load_address>0xffe6</load_address>
         <run_address>0xffe6</run_address>
         <size>0x2</size>
         <input_file_ref idref="fl-5c"/>
      </object_component>
      <object_component id="oc-97">
         <name>.int44</name>
         <load_address>0xffe8</load_address>
         <run_address>0xffe8</run_address>
         <size>0x2</size>
         <input_file_ref idref="fl-5d"/>
      </object_component>
      <object_component id="oc-98">
         <name>.int45</name>
         <load_address>0xffea</load_address>
         <run_address>0xffea</run_address>
         <size>0x2</size>
         <input_file_ref idref="fl-5e"/>
      </object_component>
      <object_component id="oc-99">
         <name>.int46</name>
         <load_address>0xffec</load_address>
         <run_address>0xffec</run_address>
         <size>0x2</size>
         <input_file_ref idref="fl-5f"/>
      </object_component>
      <object_component id="oc-9a">
         <name>.int47</name>
         <load_address>0xffee</load_address>
         <run_address>0xffee</run_address>
         <size>0x2</size>
         <input_file_ref idref="fl-60"/>
      </object_component>
      <object_component id="oc-9b">
         <name>.int48</name>
         <load_address>0xfff0</load_address>
         <run_address>0xfff0</run_address>
         <size>0x2</size>
         <input_file_ref idref="fl-61"/>
      </object_component>
      <object_component id="oc-9c">
         <name>.int49</name>
         <load_address>0xfff2</load_address>
         <run_address>0xfff2</run_address>
         <size>0x2</size>
         <input_file_ref idref="fl-62"/>
      </object_component>
      <object_component id="oc-9d">
         <name>.int50</name>
         <load_address>0xfff4</load_address>
         <run_address>0xfff4</run_address>
         <size>0x2</size>
         <input_file_ref idref="fl-63"/>
      </object_component>
      <object_component id="oc-9e">
         <name>.int51</name>
         <load_address>0xfff6</load_address>
         <run_address>0xfff6</run_address>
         <size>0x2</size>
         <input_file_ref idref="fl-64"/>
      </object_component>
      <object_component id="oc-9f">
         <name>.int52</name>
         <load_address>0xfff8</load_address>
         <run_address>0xfff8</run_address>
         <size>0x2</size>
         <input_file_ref idref="fl-65"/>
      </object_component>
      <object_component id="oc-a0">
         <name>.int53</name>
         <load_address>0xfffa</load_address>
         <run_address>0xfffa</run_address>
         <size>0x2</size>
         <input_file_ref idref="fl-66"/>
      </object_component>
      <object_component id="oc-a1">
         <name>.int54</name>
         <load_address>0xfffc</load_address>
         <run_address>0xfffc</run_address>
         <size>0x2</size>
         <input_file_ref idref="fl-67"/>
      </object_component>
      <object_component id="oc-662">
         <name>.reset</name>
         <load_address>0xfffe</load_address>
         <run_address>0xfffe</run_address>
         <size>0x2</size>
         <input_file_ref idref="fl-91"/>
      </object_component>
      <object_component id="oc-7a8">
         <name>.debug_info</name>
         <load_address>0x0</load_address>
         <run_address>0x0</run_address>
         <size>0x249</size>
         <input_file_ref idref="fl-2"/>
      </object_component>
      <object_component id="oc-712">
         <name>.debug_info</name>
         <load_address>0x249</load_address>
         <run_address>0x249</run_address>
         <size>0x23f</size>
         <input_file_ref idref="fl-2"/>
      </object_component>
      <object_component id="oc-747">
         <name>.debug_info</name>
         <load_address>0x488</load_address>
         <run_address>0x488</run_address>
         <size>0x233</size>
         <input_file_ref idref="fl-2"/>
      </object_component>
      <object_component id="oc-719">
         <name>.debug_info</name>
         <load_address>0x6bb</load_address>
         <run_address>0x6bb</run_address>
         <size>0x2c3</size>
         <input_file_ref idref="fl-2"/>
      </object_component>
      <object_component id="oc-74d">
         <name>.debug_info</name>
         <load_address>0x97e</load_address>
         <run_address>0x97e</run_address>
         <size>0x21b</size>
         <input_file_ref idref="fl-2"/>
      </object_component>
      <object_component id="oc-720">
         <name>.debug_info</name>
         <load_address>0xb99</load_address>
         <run_address>0xb99</run_address>
         <size>0x2d6</size>
         <input_file_ref idref="fl-2"/>
      </object_component>
      <object_component id="oc-759">
         <name>.debug_info</name>
         <load_address>0xe6f</load_address>
         <run_address>0xe6f</run_address>
         <size>0x232</size>
         <input_file_ref idref="fl-2"/>
      </object_component>
      <object_component id="oc-669">
         <name>.debug_info</name>
         <load_address>0x10a1</load_address>
         <run_address>0x10a1</run_address>
         <size>0x84</size>
         <input_file_ref idref="fl-2"/>
      </object_component>
      <object_component id="oc-794">
         <name>.debug_info</name>
         <load_address>0x1125</load_address>
         <run_address>0x1125</run_address>
         <size>0x18b</size>
         <input_file_ref idref="fl-2"/>
      </object_component>
      <object_component id="oc-7a2">
         <name>.debug_info</name>
         <load_address>0x12b0</load_address>
         <run_address>0x12b0</run_address>
         <size>0x473</size>
         <input_file_ref idref="fl-2"/>
      </object_component>
      <object_component id="oc-7df">
         <name>.debug_info</name>
         <load_address>0x1723</load_address>
         <run_address>0x1723</run_address>
         <size>0x1cb</size>
         <input_file_ref idref="fl-3"/>
      </object_component>
      <object_component id="oc-741">
         <name>.debug_info</name>
         <load_address>0x18ee</load_address>
         <run_address>0x18ee</run_address>
         <size>0x177</size>
         <input_file_ref idref="fl-3"/>
      </object_component>
      <object_component id="oc-7d9">
         <name>.debug_info</name>
         <load_address>0x1a65</load_address>
         <run_address>0x1a65</run_address>
         <size>0x252</size>
         <input_file_ref idref="fl-3"/>
      </object_component>
      <object_component id="oc-7f4">
         <name>.debug_info</name>
         <load_address>0x1cb7</load_address>
         <run_address>0x1cb7</run_address>
         <size>0x34b</size>
         <input_file_ref idref="fl-3"/>
      </object_component>
      <object_component id="oc-7d3">
         <name>.debug_info</name>
         <load_address>0x2002</load_address>
         <run_address>0x2002</run_address>
         <size>0x4eb</size>
         <input_file_ref idref="fl-3"/>
      </object_component>
      <object_component id="oc-753">
         <name>.debug_info</name>
         <load_address>0x24ed</load_address>
         <run_address>0x24ed</run_address>
         <size>0x1d1</size>
         <input_file_ref idref="fl-3"/>
      </object_component>
      <object_component id="oc-73a">
         <name>.debug_info</name>
         <load_address>0x26be</load_address>
         <run_address>0x26be</run_address>
         <size>0x1ed</size>
         <input_file_ref idref="fl-3"/>
      </object_component>
      <object_component id="oc-70f">
         <name>.debug_info</name>
         <load_address>0x28ab</load_address>
         <run_address>0x28ab</run_address>
         <size>0x781</size>
         <input_file_ref idref="fl-4"/>
      </object_component>
      <object_component id="oc-726">
         <name>.debug_info</name>
         <load_address>0x302c</load_address>
         <run_address>0x302c</run_address>
         <size>0x15f</size>
         <input_file_ref idref="fl-4"/>
      </object_component>
      <object_component id="oc-6a8">
         <name>.debug_info</name>
         <load_address>0x318b</load_address>
         <run_address>0x318b</run_address>
         <size>0x3c4</size>
         <input_file_ref idref="fl-4"/>
      </object_component>
      <object_component id="oc-79d">
         <name>.debug_info</name>
         <load_address>0x354f</load_address>
         <run_address>0x354f</run_address>
         <size>0x8b</size>
         <input_file_ref idref="fl-4"/>
      </object_component>
      <object_component id="oc-709">
         <name>.debug_info</name>
         <load_address>0x35da</load_address>
         <run_address>0x35da</run_address>
         <size>0x156</size>
         <input_file_ref idref="fl-5"/>
      </object_component>
      <object_component id="oc-7e1">
         <name>.debug_info</name>
         <load_address>0x3730</load_address>
         <run_address>0x3730</run_address>
         <size>0x176</size>
         <input_file_ref idref="fl-5"/>
      </object_component>
      <object_component id="oc-703">
         <name>.debug_info</name>
         <load_address>0x38a6</load_address>
         <run_address>0x38a6</run_address>
         <size>0x188</size>
         <input_file_ref idref="fl-18"/>
      </object_component>
      <object_component id="oc-6fd">
         <name>.debug_info</name>
         <load_address>0x3a2e</load_address>
         <run_address>0x3a2e</run_address>
         <size>0x1e5</size>
         <input_file_ref idref="fl-22"/>
      </object_component>
      <object_component id="oc-6c2">
         <name>.debug_info</name>
         <load_address>0x3c13</load_address>
         <run_address>0x3c13</run_address>
         <size>0x170</size>
         <input_file_ref idref="fl-49"/>
      </object_component>
      <object_component id="oc-7c">
         <name>.debug_info</name>
         <load_address>0x3d83</load_address>
         <run_address>0x3d83</run_address>
         <size>0x245</size>
         <input_file_ref idref="fl-49"/>
      </object_component>
      <object_component id="oc-664">
         <name>.debug_info</name>
         <load_address>0x3fc8</load_address>
         <run_address>0x3fc8</run_address>
         <size>0x60</size>
         <input_file_ref idref="fl-49"/>
      </object_component>
      <object_component id="oc-6bd">
         <name>.debug_info</name>
         <load_address>0x4028</load_address>
         <run_address>0x4028</run_address>
         <size>0x46</size>
         <input_file_ref idref="fl-49"/>
      </object_component>
      <object_component id="oc-67a">
         <name>.debug_info</name>
         <load_address>0x406e</load_address>
         <run_address>0x406e</run_address>
         <size>0x1c6</size>
         <input_file_ref idref="fl-4a"/>
      </object_component>
      <object_component id="oc-82">
         <name>.debug_info</name>
         <load_address>0x4234</load_address>
         <run_address>0x4234</run_address>
         <size>0x1c8</size>
         <input_file_ref idref="fl-4a"/>
      </object_component>
      <object_component id="oc-675">
         <name>.debug_info</name>
         <load_address>0x43fc</load_address>
         <run_address>0x43fc</run_address>
         <size>0x46</size>
         <input_file_ref idref="fl-4a"/>
      </object_component>
      <object_component id="oc-6cc">
         <name>.debug_info</name>
         <load_address>0x4442</load_address>
         <run_address>0x4442</run_address>
         <size>0x2c</size>
         <input_file_ref idref="fl-4a"/>
      </object_component>
      <object_component id="oc-67c">
         <name>.debug_info</name>
         <load_address>0x446e</load_address>
         <run_address>0x446e</run_address>
         <size>0x107</size>
         <input_file_ref idref="fl-4c"/>
      </object_component>
      <object_component id="oc-686">
         <name>.debug_info</name>
         <load_address>0x4575</load_address>
         <run_address>0x4575</run_address>
         <size>0x174</size>
         <input_file_ref idref="fl-68"/>
      </object_component>
      <object_component id="oc-a3">
         <name>.debug_info</name>
         <load_address>0x46e9</load_address>
         <run_address>0x46e9</run_address>
         <size>0x1ba</size>
         <input_file_ref idref="fl-68"/>
      </object_component>
      <object_component id="oc-681">
         <name>.debug_info</name>
         <load_address>0x48a3</load_address>
         <run_address>0x48a3</run_address>
         <size>0x46</size>
         <input_file_ref idref="fl-68"/>
      </object_component>
      <object_component id="oc-730">
         <name>.debug_info</name>
         <load_address>0x48e9</load_address>
         <run_address>0x48e9</run_address>
         <size>0x119</size>
         <input_file_ref idref="fl-69"/>
      </object_component>
      <object_component id="oc-840">
         <name>.debug_info</name>
         <load_address>0x4a02</load_address>
         <run_address>0x4a02</run_address>
         <size>0x125</size>
         <input_file_ref idref="fl-6a"/>
      </object_component>
      <object_component id="oc-84b">
         <name>.debug_info</name>
         <load_address>0x4b27</load_address>
         <run_address>0x4b27</run_address>
         <size>0x119</size>
         <input_file_ref idref="fl-6c"/>
      </object_component>
      <object_component id="oc-85a">
         <name>.debug_info</name>
         <load_address>0x4c40</load_address>
         <run_address>0x4c40</run_address>
         <size>0x12d</size>
         <input_file_ref idref="fl-6d"/>
      </object_component>
      <object_component id="oc-864">
         <name>.debug_info</name>
         <load_address>0x4d6d</load_address>
         <run_address>0x4d6d</run_address>
         <size>0x130</size>
         <input_file_ref idref="fl-6e"/>
      </object_component>
      <object_component id="oc-887">
         <name>.debug_info</name>
         <load_address>0x4e9d</load_address>
         <run_address>0x4e9d</run_address>
         <size>0x119</size>
         <input_file_ref idref="fl-6f"/>
      </object_component>
      <object_component id="oc-85e">
         <name>.debug_info</name>
         <load_address>0x4fb6</load_address>
         <run_address>0x4fb6</run_address>
         <size>0x11b</size>
         <input_file_ref idref="fl-70"/>
      </object_component>
      <object_component id="oc-7c9">
         <name>.debug_info</name>
         <load_address>0x50d1</load_address>
         <run_address>0x50d1</run_address>
         <size>0x1a5</size>
         <input_file_ref idref="fl-71"/>
      </object_component>
      <object_component id="oc-82a">
         <name>.debug_info</name>
         <load_address>0x5276</load_address>
         <run_address>0x5276</run_address>
         <size>0x94</size>
         <input_file_ref idref="fl-71"/>
      </object_component>
      <object_component id="oc-736">
         <name>.debug_info</name>
         <load_address>0x530a</load_address>
         <run_address>0x530a</run_address>
         <size>0x12f</size>
         <input_file_ref idref="fl-73"/>
      </object_component>
      <object_component id="oc-856">
         <name>.debug_info</name>
         <load_address>0x5439</load_address>
         <run_address>0x5439</run_address>
         <size>0x12a</size>
         <input_file_ref idref="fl-74"/>
      </object_component>
      <object_component id="oc-829">
         <name>.debug_info</name>
         <load_address>0x5563</load_address>
         <run_address>0x5563</run_address>
         <size>0x1d4</size>
         <input_file_ref idref="fl-75"/>
      </object_component>
      <object_component id="oc-7ba">
         <name>.debug_info</name>
         <load_address>0x5737</load_address>
         <run_address>0x5737</run_address>
         <size>0x1e8</size>
         <input_file_ref idref="fl-75"/>
      </object_component>
      <object_component id="oc-850">
         <name>.debug_info</name>
         <load_address>0x591f</load_address>
         <run_address>0x591f</run_address>
         <size>0x124</size>
         <input_file_ref idref="fl-76"/>
      </object_component>
      <object_component id="oc-7b0">
         <name>.debug_info</name>
         <load_address>0x5a43</load_address>
         <run_address>0x5a43</run_address>
         <size>0x11c</size>
         <input_file_ref idref="fl-78"/>
      </object_component>
      <object_component id="oc-836">
         <name>.debug_info</name>
         <load_address>0x5b5f</load_address>
         <run_address>0x5b5f</run_address>
         <size>0x206</size>
         <input_file_ref idref="fl-7a"/>
      </object_component>
      <object_component id="oc-7c3">
         <name>.debug_info</name>
         <load_address>0x5d65</load_address>
         <run_address>0x5d65</run_address>
         <size>0x258</size>
         <input_file_ref idref="fl-7a"/>
      </object_component>
      <object_component id="oc-87c">
         <name>.debug_info</name>
         <load_address>0x5fbd</load_address>
         <run_address>0x5fbd</run_address>
         <size>0x1db</size>
         <input_file_ref idref="fl-7b"/>
      </object_component>
      <object_component id="oc-833">
         <name>.debug_info</name>
         <load_address>0x6198</load_address>
         <run_address>0x6198</run_address>
         <size>0x363</size>
         <input_file_ref idref="fl-7b"/>
      </object_component>
      <object_component id="oc-72c">
         <name>.debug_info</name>
         <load_address>0x64fb</load_address>
         <run_address>0x64fb</run_address>
         <size>0x119</size>
         <input_file_ref idref="fl-7c"/>
      </object_component>
      <object_component id="oc-766">
         <name>.debug_info</name>
         <load_address>0x6614</load_address>
         <run_address>0x6614</run_address>
         <size>0x128</size>
         <input_file_ref idref="fl-7e"/>
      </object_component>
      <object_component id="oc-7ea">
         <name>.debug_info</name>
         <load_address>0x673c</load_address>
         <run_address>0x673c</run_address>
         <size>0x128</size>
         <input_file_ref idref="fl-80"/>
      </object_component>
      <object_component id="oc-802">
         <name>.debug_info</name>
         <load_address>0x6864</load_address>
         <run_address>0x6864</run_address>
         <size>0x12e</size>
         <input_file_ref idref="fl-85"/>
      </object_component>
      <object_component id="oc-845">
         <name>.debug_info</name>
         <load_address>0x6992</load_address>
         <run_address>0x6992</run_address>
         <size>0x119</size>
         <input_file_ref idref="fl-87"/>
      </object_component>
      <object_component id="oc-7ab">
         <name>.debug_info</name>
         <load_address>0x6aab</load_address>
         <run_address>0x6aab</run_address>
         <size>0x118</size>
         <input_file_ref idref="fl-88"/>
      </object_component>
      <object_component id="oc-7b6">
         <name>.debug_info</name>
         <load_address>0x6bc3</load_address>
         <run_address>0x6bc3</run_address>
         <size>0x118</size>
         <input_file_ref idref="fl-89"/>
      </object_component>
      <object_component id="oc-81f">
         <name>.debug_info</name>
         <load_address>0x6cdb</load_address>
         <run_address>0x6cdb</run_address>
         <size>0x11e</size>
         <input_file_ref idref="fl-89"/>
      </object_component>
      <object_component id="oc-7fd">
         <name>.debug_info</name>
         <load_address>0x6df9</load_address>
         <run_address>0x6df9</run_address>
         <size>0x17d</size>
         <input_file_ref idref="fl-8a"/>
      </object_component>
      <object_component id="oc-7ef">
         <name>.debug_info</name>
         <load_address>0x6f76</load_address>
         <run_address>0x6f76</run_address>
         <size>0x118</size>
         <input_file_ref idref="fl-8c"/>
      </object_component>
      <object_component id="oc-878">
         <name>.debug_info</name>
         <load_address>0x708e</load_address>
         <run_address>0x708e</run_address>
         <size>0x11e</size>
         <input_file_ref idref="fl-8c"/>
      </object_component>
      <object_component id="oc-809">
         <name>.debug_info</name>
         <load_address>0x71ac</load_address>
         <run_address>0x71ac</run_address>
         <size>0x17d</size>
         <input_file_ref idref="fl-8d"/>
      </object_component>
      <object_component id="oc-839">
         <name>.debug_info</name>
         <load_address>0x7329</load_address>
         <run_address>0x7329</run_address>
         <size>0x118</size>
         <input_file_ref idref="fl-8f"/>
      </object_component>
      <object_component id="oc-824">
         <name>.debug_info</name>
         <load_address>0x7441</load_address>
         <run_address>0x7441</run_address>
         <size>0x11e</size>
         <input_file_ref idref="fl-8f"/>
      </object_component>
      <object_component id="oc-660">
         <name>.debug_info</name>
         <load_address>0x755f</load_address>
         <run_address>0x755f</run_address>
         <size>0xf5</size>
         <input_file_ref idref="fl-91"/>
      </object_component>
      <object_component id="oc-6e7">
         <name>.debug_info</name>
         <load_address>0x7654</load_address>
         <run_address>0x7654</run_address>
         <size>0x3f5</size>
         <input_file_ref idref="fl-93"/>
      </object_component>
      <object_component id="oc-690">
         <name>.debug_info</name>
         <load_address>0x7a49</load_address>
         <run_address>0x7a49</run_address>
         <size>0x21e</size>
         <input_file_ref idref="fl-93"/>
      </object_component>
      <object_component id="oc-76e">
         <name>.debug_info</name>
         <load_address>0x7c67</load_address>
         <run_address>0x7c67</run_address>
         <size>0x39</size>
         <input_file_ref idref="fl-93"/>
      </object_component>
      <object_component id="oc-6e2">
         <name>.debug_info</name>
         <load_address>0x7ca0</load_address>
         <run_address>0x7ca0</run_address>
         <size>0x2c</size>
         <input_file_ref idref="fl-93"/>
      </object_component>
      <object_component id="oc-773">
         <name>.debug_info</name>
         <load_address>0x7ccc</load_address>
         <run_address>0x7ccc</run_address>
         <size>0xcd</size>
         <input_file_ref idref="fl-93"/>
      </object_component>
      <object_component id="oc-c7">
         <name>.debug_info</name>
         <load_address>0x7d99</load_address>
         <run_address>0x7d99</run_address>
         <size>0x1af</size>
         <input_file_ref idref="fl-94"/>
      </object_component>
      <object_component id="oc-6a1">
         <name>.debug_info</name>
         <load_address>0x7f48</load_address>
         <run_address>0x7f48</run_address>
         <size>0xf2</size>
         <input_file_ref idref="fl-95"/>
      </object_component>
      <object_component id="oc-6dc">
         <name>.debug_info</name>
         <load_address>0x803a</load_address>
         <run_address>0x803a</run_address>
         <size>0x145</size>
         <input_file_ref idref="fl-96"/>
      </object_component>
      <object_component id="oc-688">
         <name>.debug_info</name>
         <load_address>0x817f</load_address>
         <run_address>0x817f</run_address>
         <size>0x148</size>
         <input_file_ref idref="fl-97"/>
      </object_component>
      <object_component id="oc-6b0">
         <name>.debug_info</name>
         <load_address>0x82c7</load_address>
         <run_address>0x82c7</run_address>
         <size>0x117</size>
         <input_file_ref idref="fl-98"/>
      </object_component>
      <object_component id="oc-76a">
         <name>.debug_info</name>
         <load_address>0x83de</load_address>
         <run_address>0x83de</run_address>
         <size>0x266</size>
         <input_file_ref idref="fl-9b"/>
      </object_component>
      <object_component id="oc-6d6">
         <name>.debug_info</name>
         <load_address>0x8644</load_address>
         <run_address>0x8644</run_address>
         <size>0x1b0</size>
         <input_file_ref idref="fl-9b"/>
      </object_component>
      <object_component id="oc-80f">
         <name>.debug_info</name>
         <load_address>0x87f4</load_address>
         <run_address>0x87f4</run_address>
         <size>0x2c</size>
         <input_file_ref idref="fl-9b"/>
      </object_component>
      <object_component id="oc-6c5">
         <name>.debug_info</name>
         <load_address>0x8820</load_address>
         <run_address>0x8820</run_address>
         <size>0x2c</size>
         <input_file_ref idref="fl-9b"/>
      </object_component>
      <object_component id="oc-6c4">
         <name>.debug_info</name>
         <load_address>0x884c</load_address>
         <run_address>0x884c</run_address>
         <size>0x17c</size>
         <input_file_ref idref="fl-9c"/>
      </object_component>
      <object_component id="oc-671">
         <name>.debug_info</name>
         <load_address>0x89c8</load_address>
         <run_address>0x89c8</run_address>
         <size>0x191</size>
         <input_file_ref idref="fl-9c"/>
      </object_component>
      <object_component id="oc-900">
         <name>.debug_info</name>
         <load_address>0x8b59</load_address>
         <run_address>0x8b59</run_address>
         <size>0xd9</size>
      </object_component>
      <object_component id="oc-81a">
         <name>.debug_line</name>
         <load_address>0x0</load_address>
         <run_address>0x0</run_address>
         <size>0x66</size>
         <input_file_ref idref="fl-2"/>
      </object_component>
      <object_component id="oc-715">
         <name>.debug_line</name>
         <load_address>0x66</load_address>
         <run_address>0x66</run_address>
         <size>0x51</size>
         <input_file_ref idref="fl-2"/>
      </object_component>
      <object_component id="oc-74a">
         <name>.debug_line</name>
         <load_address>0xb7</load_address>
         <run_address>0xb7</run_address>
         <size>0x4d</size>
         <input_file_ref idref="fl-2"/>
      </object_component>
      <object_component id="oc-71c">
         <name>.debug_line</name>
         <load_address>0x104</load_address>
         <run_address>0x104</run_address>
         <size>0x6c</size>
         <input_file_ref idref="fl-2"/>
      </object_component>
      <object_component id="oc-750">
         <name>.debug_line</name>
         <load_address>0x170</load_address>
         <run_address>0x170</run_address>
         <size>0x50</size>
         <input_file_ref idref="fl-2"/>
      </object_component>
      <object_component id="oc-723">
         <name>.debug_line</name>
         <load_address>0x1c0</load_address>
         <run_address>0x1c0</run_address>
         <size>0x6c</size>
         <input_file_ref idref="fl-2"/>
      </object_component>
      <object_component id="oc-75c">
         <name>.debug_line</name>
         <load_address>0x22c</load_address>
         <run_address>0x22c</run_address>
         <size>0x50</size>
         <input_file_ref idref="fl-2"/>
      </object_component>
      <object_component id="oc-66c">
         <name>.debug_line</name>
         <load_address>0x27c</load_address>
         <run_address>0x27c</run_address>
         <size>0x20</size>
         <input_file_ref idref="fl-2"/>
      </object_component>
      <object_component id="oc-797">
         <name>.debug_line</name>
         <load_address>0x29c</load_address>
         <run_address>0x29c</run_address>
         <size>0x68</size>
         <input_file_ref idref="fl-2"/>
      </object_component>
      <object_component id="oc-7a5">
         <name>.debug_line</name>
         <load_address>0x304</load_address>
         <run_address>0x304</run_address>
         <size>0x35</size>
         <input_file_ref idref="fl-2"/>
      </object_component>
      <object_component id="oc-86a">
         <name>.debug_line</name>
         <load_address>0x339</load_address>
         <run_address>0x339</run_address>
         <size>0x34</size>
         <input_file_ref idref="fl-3"/>
      </object_component>
      <object_component id="oc-744">
         <name>.debug_line</name>
         <load_address>0x36d</load_address>
         <run_address>0x36d</run_address>
         <size>0x4b</size>
         <input_file_ref idref="fl-3"/>
      </object_component>
      <object_component id="oc-7dc">
         <name>.debug_line</name>
         <load_address>0x3b8</load_address>
         <run_address>0x3b8</run_address>
         <size>0x91</size>
         <input_file_ref idref="fl-3"/>
      </object_component>
      <object_component id="oc-7f7">
         <name>.debug_line</name>
         <load_address>0x449</load_address>
[...]
         <value>0x114ee</value>
         <object_component_ref idref="oc-7a"/>
      </symbol>
      <symbol id="sm-72d">
         <name>__TI_decompress_none</name>
         <value>0x11c34</value>
         <object_component_ref idref="oc-80"/>
      </symbol>
      <symbol id="sm-730">
         <name>__TI_int27</name>
         <value>0xffc6</value>
         <object_component_ref idref="oc-86"/>
      </symbol>
      <symbol id="sm-738">
         <name>__TI_ISR_TRAP</name>
         <value>0x441e</value>
         <object_component_ref idref="oc-67b"/>
      </symbol>
      <symbol id="sm-73b">
         <name>__TI_int28</name>
         <value>0xffc8</value>
         <object_component_ref idref="oc-87"/>
      </symbol>
      <symbol id="sm-73e">
         <name>__TI_int29</name>
         <value>0xffca</value>
         <object_component_ref idref="oc-88"/>
      </symbol>
      <symbol id="sm-741">
         <name>__TI_int30</name>
         <value>0xffcc</value>
         <object_component_ref idref="oc-89"/>
      </symbol>
      <symbol id="sm-744">
         <name>__TI_int31</name>
         <value>0xffce</value>
         <object_component_ref idref="oc-8a"/>
      </symbol>
      <symbol id="sm-747">
         <name>__TI_int32</name>
         <value>0xffd0</value>
         <object_component_ref idref="oc-8b"/>
      </symbol>
      <symbol id="sm-74a">
         <name>__TI_int33</name>
         <value>0xffd2</value>
         <object_component_ref idref="oc-8c"/>
      </symbol>
      <symbol id="sm-74d">
         <name>__TI_int34</name>
         <value>0xffd4</value>
         <object_component_ref idref="oc-8d"/>
      </symbol>
      <symbol id="sm-750">
         <name>__TI_int35</name>
         <value>0xffd6</value>
         <object_component_ref idref="oc-8e"/>
      </symbol>
      <symbol id="sm-753">
         <name>__TI_int36</name>
         <value>0xffd8</value>
         <object_component_ref idref="oc-8f"/>
      </symbol>
      <symbol id="sm-756">
         <name>__TI_int37</name>
         <value>0xffda</value>
         <object_component_ref idref="oc-90"/>
      </symbol>
      <symbol id="sm-759">
         <name>__TI_int38</name>
         <value>0xffdc</value>
         <object_component_ref idref="oc-91"/>
      </symbol>
      <symbol id="sm-75c">
         <name>__TI_int39</name>
         <value>0xffde</value>
         <object_component_ref idref="oc-92"/>
      </symbol>
      <symbol id="sm-75f">
         <name>__TI_int40</name>
         <value>0xffe0</value>
         <object_component_ref idref="oc-93"/>
      </symbol>
      <symbol id="sm-762">
         <name>__TI_int41</name>
         <value>0xffe2</value>
         <object_component_ref idref="oc-94"/>
      </symbol>
      <symbol id="sm-765">
         <name>__TI_int42</name>
         <value>0xffe4</value>
         <object_component_ref idref="oc-95"/>
      </symbol>
      <symbol id="sm-768">
         <name>__TI_int43</name>
         <value>0xffe6</value>
         <object_component_ref idref="oc-96"/>
      </symbol>
      <symbol id="sm-76b">
         <name>__TI_int44</name>
         <value>0xffe8</value>
         <object_component_ref idref="oc-97"/>
      </symbol>
      <symbol id="sm-76e">
         <name>__TI_int45</name>
         <value>0xffea</value>
         <object_component_ref idref="oc-98"/>
      </symbol>
      <symbol id="sm-771">
         <name>__TI_int46</name>
         <value>0xffec</value>
         <object_component_ref idref="oc-99"/>
      </symbol>
      <symbol id="sm-774">
         <name>__TI_int47</name>
         <value>0xffee</value>
         <object_component_ref idref="oc-9a"/>
      </symbol>
      <symbol id="sm-777">
         <name>__TI_int48</name>
         <value>0xfff0</value>
         <object_component_ref idref="oc-9b"/>
      </symbol>
      <symbol id="sm-77a">
         <name>__TI_int49</name>
         <value>0xfff2</value>
         <object_component_ref idref="oc-9c"/>
      </symbol>
      <symbol id="sm-77d">
         <name>__TI_int50</name>
         <value>0xfff4</value>
         <object_component_ref idref="oc-9d"/>
      </symbol>
      <symbol id="sm-780">
         <name>__TI_int51</name>
         <value>0xfff6</value>
         <object_component_ref idref="oc-9e"/>
      </symbol>
      <symbol id="sm-783">
         <name>__TI_int52</name>
         <value>0xfff8</value>
         <object_component_ref idref="oc-9f"/>
      </symbol>
      <symbol id="sm-786">
         <name>__TI_int53</name>
         <value>0xfffa</value>
         <object_component_ref idref="oc-a0"/>
      </symbol>
      <symbol id="sm-789">
         <name>__TI_int54</name>
         <value>0xfffc</value>
         <object_component_ref idref="oc-a1"/>
      </symbol>
      <symbol id="sm-79c">
         <name>__TI_zero_init</name>
         <value>0x11b66</value>
         <object_component_ref idref="oc-a2"/>
      </symbol>
      <symbol id="sm-7b7">
         <name>__mspabi_subf</name>
         <value>0x10dd4</value>
         <object_component_ref idref="oc-72e"/>
      </symbol>
      <symbol id="sm-7b8">
         <name>__mspabi_addf</name>
         <value>0x10dda</value>
         <object_component_ref idref="oc-72e"/>
      </symbol>
      <symbol id="sm-7c8">
         <name>__mspabi_cmpf</name>
         <value>0x11812</value>
         <object_component_ref idref="oc-83f"/>
      </symbol>
      <symbol id="sm-7db">
         <name>__mspabi_divf</name>
         <value>0x112e2</value>
         <object_component_ref idref="oc-849"/>
      </symbol>
      <symbol id="sm-7e7">
         <name>__mspabi_remi</name>
         <value>0x11aec</value>
         <object_component_ref idref="oc-858"/>
      </symbol>
      <symbol id="sm-7e8">
         <name>__mspabi_divi</name>
         <value>0x11aec</value>
         <object_component_ref idref="oc-858"/>
      </symbol>
      <symbol id="sm-7f4">
         <name>__mspabi_remli</name>
         <value>0x118e6</value>
         <object_component_ref idref="oc-862"/>
      </symbol>
      <symbol id="sm-7f5">
         <name>__mspabi_divli</name>
         <value>0x118e6</value>
         <object_component_ref idref="oc-862"/>
      </symbol>
      <symbol id="sm-7ff">
         <name>__mspabi_remu</name>
         <value>0x11c0a</value>
         <object_component_ref idref="oc-885"/>
      </symbol>
      <symbol id="sm-800">
         <name>__mspabi_divu</name>
         <value>0x11c0a</value>
         <object_component_ref idref="oc-885"/>
      </symbol>
      <symbol id="sm-80e">
         <name>__mspabi_remul</name>
         <value>0x1176e</value>
         <object_component_ref idref="oc-85d"/>
      </symbol>
      <symbol id="sm-80f">
         <name>__mspabi_divul</name>
         <value>0x1176e</value>
         <object_component_ref idref="oc-85d"/>
      </symbol>
      <symbol id="sm-823">
         <name>__mspabi_fixdli</name>
         <value>0x11648</value>
         <object_component_ref idref="oc-7c5"/>
      </symbol>
      <symbol id="sm-837">
         <name>__mspabi_fixfli</name>
         <value>0x113f4</value>
         <object_component_ref idref="oc-734"/>
      </symbol>
      <symbol id="sm-846">
         <name>__mspabi_fixful</name>
         <value>0x117c6</value>
         <object_component_ref idref="oc-853"/>
      </symbol>
      <symbol id="sm-85e">
         <name>__mspabi_fltlid</name>
         <value>0x11244</value>
         <object_component_ref idref="oc-7b9"/>
      </symbol>
      <symbol id="sm-86d">
         <name>__mspabi_fltlif</name>
         <value>0x1185c</value>
         <object_component_ref idref="oc-84e"/>
      </symbol>
      <symbol id="sm-879">
         <name>__mspabi_fltuf</name>
         <value>0x11b8a</value>
         <object_component_ref idref="oc-7ae"/>
      </symbol>
      <symbol id="sm-89a">
         <name>__mspabi_mpyd</name>
         <value>0x1069c</value>
         <object_component_ref idref="oc-7bf"/>
      </symbol>
      <symbol id="sm-8ab">
         <name>__TI_frcmpyd</name>
         <value>0x10416</value>
         <object_component_ref idref="oc-82f"/>
      </symbol>
      <symbol id="sm-8c2">
         <name>__mspabi_mpyf</name>
         <value>0x110e2</value>
         <object_component_ref idref="oc-729"/>
      </symbol>
      <symbol id="sm-8cb">
         <name>__mspabi_mpyi_f5hw</name>
         <value>0x11bf2</value>
         <object_component_ref idref="oc-764"/>
      </symbol>
      <symbol id="sm-8d4">
         <name>__mspabi_mpyl_f5hw</name>
         <value>0x11bae</value>
         <object_component_ref idref="oc-7e8"/>
      </symbol>
      <symbol id="sm-8e0">
         <name>__mspabi_mpysll_f5hw</name>
         <value>0x11ac0</value>
         <object_component_ref idref="oc-800"/>
      </symbol>
      <symbol id="sm-8ea">
         <name>__mspabi_negf</name>
         <value>0x11c84</value>
         <object_component_ref idref="oc-844"/>
      </symbol>
      <symbol id="sm-8f3">
         <name>__mspabi_slli</name>
         <value>0x11c8e</value>
         <object_component_ref idref="oc-7a9"/>
      </symbol>
      <symbol id="sm-903">
         <name>__mspabi_slll_9</name>
         <value>0x1197c</value>
         <object_component_ref idref="oc-81e"/>
      </symbol>
      <symbol id="sm-904">
         <name>__mspabi_slll_8</name>
         <value>0x11980</value>
         <object_component_ref idref="oc-81e"/>
      </symbol>
      <symbol id="sm-905">
         <name>__mspabi_slll_7</name>
         <value>0x11984</value>
         <object_component_ref idref="oc-81e"/>
      </symbol>
      <symbol id="sm-906">
         <name>__mspabi_slll_6</name>
         <value>0x11988</value>
         <object_component_ref idref="oc-81e"/>
      </symbol>
      <symbol id="sm-907">
         <name>__mspabi_slll_5</name>
         <value>0x1198c</value>
         <object_component_ref idref="oc-81e"/>
      </symbol>
      <symbol id="sm-908">
         <name>__mspabi_slll_4</name>
         <value>0x11990</value>
         <object_component_ref idref="oc-81e"/>
      </symbol>
      <symbol id="sm-909">
         <name>__mspabi_slll_3</name>
         <value>0x11994</value>
         <object_component_ref idref="oc-81e"/>
      </symbol>
      <symbol id="sm-90a">
         <name>__mspabi_slll_2</name>
         <value>0x11998</value>
         <object_component_ref idref="oc-81e"/>
      </symbol>
      <symbol id="sm-90b">
         <name>__mspabi_slll_1</name>
         <value>0x1199c</value>
         <object_component_ref idref="oc-81e"/>
      </symbol>
      <symbol id="sm-90c">
         <name>__mspabi_slll</name>
         <value>0x11c56</value>
         <object_component_ref idref="oc-7b4"/>
      </symbol>
      <symbol id="sm-90d">
         <name>__mspabi_slll_15</name>
         <value>0x11964</value>
         <object_component_ref idref="oc-81e"/>
      </symbol>
      <symbol id="sm-90e">
         <name>__mspabi_slll_14</name>
         <value>0x11968</value>
         <object_component_ref idref="oc-81e"/>
      </symbol>
      <symbol id="sm-90f">
         <name>__mspabi_slll_13</name>
         <value>0x1196c</value>
         <object_component_ref idref="oc-81e"/>
      </symbol>
      <symbol id="sm-910">
         <name>__mspabi_slll_12</name>
         <value>0x11970</value>
         <object_component_ref idref="oc-81e"/>
      </symbol>
      <symbol id="sm-911">
         <name>__mspabi_slll_11</name>
         <value>0x11974</value>
         <object_component_ref idref="oc-81e"/>
      </symbol>
      <symbol id="sm-912">
         <name>__mspabi_slll_10</name>
         <value>0x11978</value>
         <object_component_ref idref="oc-81e"/>
      </symbol>
      <symbol id="sm-91f">
         <name>__mspabi_sllll</name>
         <value>0x11a5a</value>
         <object_component_ref idref="oc-7fa"/>
      </symbol>
      <symbol id="sm-930">
         <name>__mspabi_sral</name>
         <value>0x11c46</value>
         <object_component_ref idref="oc-7ed"/>
      </symbol>
      <symbol id="sm-931">
         <name>__mspabi_sral_15</name>
         <value>0x11926</value>
         <object_component_ref idref="oc-876"/>
      </symbol>
      <symbol id="sm-932">
         <name>__mspabi_sral_14</name>
         <value>0x1192a</value>
         <object_component_ref idref="oc-876"/>
      </symbol>
      <symbol id="sm-933">
         <name>__mspabi_sral_13</name>
         <value>0x1192e</value>
         <object_component_ref idref="oc-876"/>
      </symbol>
      <symbol id="sm-934">
         <name>__mspabi_sral_12</name>
         <value>0x11932</value>
         <object_component_ref idref="oc-876"/>
      </symbol>
      <symbol id="sm-935">
         <name>__mspabi_sral_11</name>
         <value>0x11936</value>
         <object_component_ref idref="oc-876"/>
      </symbol>
      <symbol id="sm-936">
         <name>__mspabi_sral_10</name>
         <value>0x1193a</value>
         <object_component_ref idref="oc-876"/>
      </symbol>
      <symbol id="sm-937">
         <name>__mspabi_sral_8</name>
         <value>0x11942</value>
         <object_component_ref idref="oc-876"/>
      </symbol>
      <symbol id="sm-938">
         <name>__mspabi_sral_9</name>
         <value>0x1193e</value>
         <object_component_ref idref="oc-876"/>
      </symbol>
      <symbol id="sm-939">
         <name>__mspabi_sral_6</name>
         <value>0x1194a</value>
         <object_component_ref idref="oc-876"/>
      </symbol>
      <symbol id="sm-93a">
         <name>__mspabi_sral_7</name>
         <value>0x11946</value>
         <object_component_ref idref="oc-876"/>
      </symbol>
      <symbol id="sm-93b">
         <name>__mspabi_sral_4</name>
         <value>0x11952</value>
         <object_component_ref idref="oc-876"/>
      </symbol>
      <symbol id="sm-93c">
         <name>__mspabi_sral_5</name>
         <value>0x1194e</value>
         <object_component_ref idref="oc-876"/>
      </symbol>
      <symbol id="sm-93d">
         <name>__mspabi_sral_2</name>
         <value>0x1195a</value>
         <object_component_ref idref="oc-876"/>
      </symbol>
      <symbol id="sm-93e">
         <name>__mspabi_sral_3</name>
         <value>0x11956</value>
         <object_component_ref idref="oc-876"/>
      </symbol>
      <symbol id="sm-93f">
         <name>__mspabi_sral_1</name>
         <value>0x1195e</value>
         <object_component_ref idref="oc-876"/>
      </symbol>
      <symbol id="sm-94c">
         <name>__mspabi_srall</name>
         <value>0x118a6</value>
         <object_component_ref idref="oc-805"/>
      </symbol>
      <symbol id="sm-95d">
         <name>__mspabi_srll_8</name>
         <value>0x119be</value>
         <object_component_ref idref="oc-823"/>
      </symbol>
      <symbol id="sm-95e">
         <name>__mspabi_srll_9</name>
         <value>0x119ba</value>
         <object_component_ref idref="oc-823"/>
      </symbol>
      <symbol id="sm-95f">
         <name>__mspabi_srll_6</name>
         <value>0x119c6</value>
         <object_component_ref idref="oc-823"/>
      </symbol>
      <symbol id="sm-960">
         <name>__mspabi_srll_7</name>
         <value>0x119c2</value>
         <object_component_ref idref="oc-823"/>
      </symbol>
      <symbol id="sm-961">
         <name>__mspabi_srll_4</name>
         <value>0x119ce</value>
         <object_component_ref idref="oc-823"/>
      </symbol>
      <symbol id="sm-962">
         <name>__mspabi_srll_5</name>
         <value>0x119ca</value>
         <object_component_ref idref="oc-823"/>
      </symbol>
      <symbol id="sm-963">
         <name>__mspabi_srll_2</name>
         <value>0x119d6</value>
         <object_component_ref idref="oc-823"/>
      </symbol>
      <symbol id="sm-964">
         <name>__mspabi_srll_3</name>
         <value>0x119d2</value>
         <object_component_ref idref="oc-823"/>
      </symbol>
      <symbol id="sm-965">
         <name>__mspabi_srll_1</name>
         <value>0x119da</value>
         <object_component_ref idref="oc-823"/>
      </symbol>
      <symbol id="sm-966">
         <name>__mspabi_srll_15</name>
         <value>0x119a2</value>
         <object_component_ref idref="oc-823"/>
      </symbol>
      <symbol id="sm-967">
         <name>__mspabi_srll_14</name>
         <value>0x119a6</value>
         <object_component_ref idref="oc-823"/>
      </symbol>
      <symbol id="sm-968">
         <name>__mspabi_srll_13</name>
         <value>0x119aa</value>
         <object_component_ref idref="oc-823"/>
      </symbol>
      <symbol id="sm-969">
         <name>__mspabi_srll_12</name>
         <value>0x119ae</value>
         <object_component_ref idref="oc-823"/>
      </symbol>
      <symbol id="sm-96a">
         <name>__mspabi_srll_11</name>
         <value>0x119b2</value>
         <object_component_ref idref="oc-823"/>
      </symbol>
      <symbol id="sm-96b">
         <name>__mspabi_srll_10</name>
         <value>0x119b6</value>
         <object_component_ref idref="oc-823"/>
      </symbol>
      <symbol id="sm-96c">
         <name>__mspabi_srll</name>
         <value>0x11c66</value>
         <object_component_ref idref="oc-837"/>
      </symbol>
      <symbol id="sm-975">
         <name>_stack</name>
         <value>0x2360</value>
         <object_component_ref idref="oc-65f"/>
      </symbol>
      <symbol id="sm-976">
         <name>_reset_vector</name>
         <value>0xfffe</value>
         <object_component_ref idref="oc-662"/>
      </symbol>
      <symbol id="sm-999">
         <name>_auto_init_hold_wdt</name>
         <value>0x11372</value>
         <object_component_ref idref="oc-68d"/>
      </symbol>
      <symbol id="sm-9a3">
         <name>_c_int00_noargs_noexit_mpu</name>
         <value>0x4400</value>
         <object_component_ref idref="oc-c6"/>
      </symbol>
      <symbol id="sm-9ac">
         <name>__mpu_init</name>
         <value>0x11a94</value>
         <object_component_ref idref="oc-6a0"/>
      </symbol>
      <symbol id="sm-9b5">
         <name>_system_post_cinit</name>
         <value>0x11cb4</value>
         <object_component_ref idref="oc-6db"/>
      </symbol>
      <symbol id="sm-9be">
         <name>_system_pre_init</name>
         <value>0x11cb0</value>
         <object_component_ref idref="oc-687"/>
      </symbol>
      <symbol id="sm-9c8">
         <name>C$$EXIT</name>
         <value>0x11c9e</value>
         <object_component_ref idref="oc-6af"/>
      </symbol>
      <symbol id="sm-9c9">
         <name>abort</name>
         <value>0x11c9e</value>
         <object_component_ref idref="oc-6af"/>
      </symbol>
      <symbol id="sm-9e6">
         <name>copy_in</name>
         <value>0x116ae</value>
         <object_component_ref idref="oc-6d5"/>
      </symbol>
      <symbol id="sm-9f4">
         <name>memcpy</name>
         <value>0x11c20</value>
         <object_component_ref idref="oc-66e"/>
      </symbol>
      <symbol id="sm-a1d">
         <name>sinf</name>
         <value>0x11caa</value>
         <object_component_ref idref="oc-728"/>
      </symbol>
      <symbol id="sm-a1e">
         <name>msp430_cos_sin</name>
         <value>0x10000</value>
         <object_component_ref idref="oc-7ce"/>
      </symbol>
      <symbol id="sm-a22">
         <name>msp430_sin_coeffs</name>
         <value>0x443a</value>
         <object_component_ref idref="oc-83e"/>
      </symbol>
      <symbol id="sm-a23">
         <name>msp430_cos_coeffs</name>
         <value>0x4426</value>
         <object_component_ref idref="oc-83d"/>
      </symbol>
      <symbol id="sm-a2a">
         <name>__TI_BINIT_Base</name>
         <value>0x0</value>
      </symbol>
      <symbol id="sm-a2b">
         <name>__TI_BINIT_Limit</name>
         <value>0x0</value>
      </symbol>
      <symbol id="sm-a2c">
         <name>__TI_INITARRAY_Base</name>
         <value>0x0</value>
      </symbol>
      <symbol id="sm-a2d">
         <name>__TI_INITARRAY_Limit</name>
         <value>0x0</value>
      </symbol>
   </symbol_table>
   <title>Link successful</title>
</link_info>
